******************************************************************************
                  TI ARM Linker PC v20.2.7                     
******************************************************************************
>> Linked Sun Apr  6 17:47:44 2025

OUTPUT FILE NAME:   <lab4_template.out>
ENTRY POINT SYMBOL: "_c_int00_noargs"  address: 000047f1


MEMORY CONFIGURATION

         name            origin    length      used     unused   attr    fill
----------------------  --------  ---------  --------  --------  ----  --------
  MAIN                  00000000   00040000  00005041  0003afbf  R  X
  INFO                  00200000   00004000  00000000  00004000  R  X
  SRAM_CODE             01000000   00010000  00000da8  0000f258  RW X
  SRAM_DATA             20000000   00010000  00000da8  0000f258  RW  


SEGMENT ALLOCATION MAP

run origin  load origin   length   init length attrs members
----------  ----------- ---------- ----------- ----- -------
00000000    00000000    00005048   00005048    r-x
  00000000    00000000    000000e4   000000e4    r-- .intvecs
  000000e4    000000e4    00004cac   00004cac    r-x .text
  00004d90    00004d90    000001e9   000001e9    r-- .const
  00004f80    00004f80    000000c8   000000c8    r-- .cinit
20000000    20000000    000009a8   00000000    rw-
  20000000    20000000    000000e8   00000000    rw- .vtable
  200000e8    200000e8    00000400   00000000    rw- .sysmem
  200004e8    200004e8    00000298   00000000    rw- .bss
  20000780    20000780    00000228   00000000    rw- .data
2000fc00    2000fc00    00000400   00000000    rw-
  2000fc00    2000fc00    00000400   00000000    rw- .stack


SECTION ALLOCATION MAP

 output                                  attributes/
section   page    origin      length       input sections
--------  ----  ----------  ----------   ----------------
.intvecs   0    00000000    000000e4     
                  00000000    000000e4     startup_msp432p401r_ccs.obj (.intvecs:retain)

.text      0    000000e4    00004cac     
                  000000e4    00000a4e     rtsv7M4_T_le_v4SPD16_eabi.lib : _printfi.c.obj (.text:__TI_printfi)
                  00000b32    00000002     startup_msp432p401r_ccs.obj (.text:Default_Handler)
                  00000b34    000008d8     main.obj (.text:main)
                  0000140c    00000270     rtsv7M4_T_le_v4SPD16_eabi.lib : _printfi.c.obj (.text:_pconv_a)
                  0000167c    000001d0                                   : _printfi.c.obj (.text:_pconv_g)
                  0000184c    000001b6                                   : fd_add_t2.asm.obj (.text)
                  00001a02    00000002                                   : _lock.c.obj (.text:_nop)
                  00001a04    000001a0     main.obj (.text:TimerInit)
                  00001ba4    0000018c     main.obj (.text:Encoder_ISR)
                  00001d30    00000160     msp432p4xx_driverlib.lib : adc14.o (.text:_getIndexForMemRegister)
                  00001e90    00000144                              : timer_a.o (.text:privateTimer_AProcessClockSourceDivider)
                  00001fd4    0000013c     rtsv7M4_T_le_v4SPD16_eabi.lib : _printfi.c.obj (.text:_pconv_e)
                  00002110    00000136                                   : fd_div_t2.asm.obj (.text)
                  00002246    00000002                                   : div0.asm.obj (.text)
                  00002248    00000130     msp432p4xx_driverlib.lib : cs.o (.text:CS_initClockSignal)
                  00002378    00000124     rtsv7M4_T_le_v4SPD16_eabi.lib : _printfi.c.obj (.text:fcvt)
                  0000249c    0000011c     msp432p4xx_driverlib.lib : uart.o (.text:UART_initModule)
                  000025b8    00000114     rtsv7M4_T_le_v4SPD16_eabi.lib : fputs.c.obj (.text:fputs)
                  000026cc    00000110                                   : fopen.c.obj (.text:_openfile)
                  000027dc    00000110                                   : s_scalbn.c.obj (.text:scalbn)
                  000028ec    00000100                                   : memory.c.obj (.text:aligned_alloc)
                  000029ec    000000fc                                   : fd_mul_t2.asm.obj (.text)
                  00002ae8    000000e4     msp432p4xx_driverlib.lib : cs.o (.text:CS_startHFXTWithTimeout)
                  00002bcc    000000e4     rtsv7M4_T_le_v4SPD16_eabi.lib : memory.c.obj (.text:free)
                  00002cb0    000000dc     msp432p4xx_driverlib.lib : cs.o (.text:_CSGetHFXTFrequency)
                  00002d8c    000000dc     rtsv7M4_T_le_v4SPD16_eabi.lib : setvbuf.c.obj (.text:setvbuf)
                  00002e68    000000d2     msp432p4xx_driverlib.lib : timer_a.o (.text:Timer_A_registerInterrupt)
                  00002f3a    00000002     --HOLE-- [fill = 0]
                  00002f3c    000000bc     rtsv7M4_T_le_v4SPD16_eabi.lib : open.c.obj (.text:open)
                  00002ff8    000000b8                                   : add_device.c.obj (.text:add_device)
                  000030b0    000000b4     msp432p4xx_driverlib.lib : adc14.o (.text:ADC14_configureConversionMemory)
                  00003164    000000b4                              : adc14.o (.text:ADC14_configureMultiSequenceMode)
                  00003218    000000b1     rtsv7M4_T_le_v4SPD16_eabi.lib : _printfi.c.obj (.text:_ltostr)
                  000032c9    00000003     --HOLE-- [fill = 0]
                  000032cc    0000009c     engr2350_msp432.obj (.text:init_std_uart)
                  00003368    0000009c     rtsv7M4_T_le_v4SPD16_eabi.lib : memcpy_t2.asm.obj (.text)
                  00003404    00000098     system_msp432p401r.obj (.text:SystemInit)
                  0000349c    00000096     rtsv7M4_T_le_v4SPD16_eabi.lib : ull_div_t2.asm.obj (.text)
                  00003532    00000002     --HOLE-- [fill = 0]
                  00003534    0000008c                                   : fputc.c.obj (.text:fputc)
                  000035c0    00000088     msp432p4xx_driverlib.lib : gpio.o (.text:GPIO_setAsPeripheralModuleFunctionInputPin)
                  00003648    00000088                              : gpio.o (.text:GPIO_setAsPeripheralModuleFunctionOutputPin)
                  000036d0    00000086     rtsv7M4_T_le_v4SPD16_eabi.lib : fd_cmp_t2.asm.obj (.text:__aeabi_cdcmple)
                  00003756    00000086                                   : fd_cmp_t2.asm.obj (.text:__aeabi_cdrcmple)
                  000037dc    00000080     msp432p4xx_driverlib.lib : interrupt.o (.text:Interrupt_enableInterrupt)
                  0000385c    00000080     engr2350_msp432.obj (.text:dopen)
                  000038dc    0000007a     rtsv7M4_T_le_v4SPD16_eabi.lib : memset_t2.asm.obj (.text)
                  00003956    00000002     --HOLE-- [fill = 0]
                  00003958    00000074                                   : fclose.c.obj (.text:__TI_closefile)
                  000039cc    00000070                                   : memory.c.obj (.text:split)
                  00003a3c    0000006e                                   : _printfi.c.obj (.text:_mcpy)
                  00003aaa    0000006e                                   : fd_tos_t2.asm.obj (.text)
                  00003b18    0000006c                                   : hostrename.c.obj (.text:HOSTrename)
                  00003b84    00000068                                   : hostlseek.c.obj (.text:HOSTlseek)
                  00003bec    00000068     msp432p4xx_driverlib.lib : timer_a.o (.text:Timer_A_configureUpMode)
                  00003c54    00000068     rtsv7M4_T_le_v4SPD16_eabi.lib : copy_decompress_lzss.c.obj (.text:decompress:lzss:__TI_decompress_lzss)
                  00003cbc    00000068                                   : printf.c.obj (.text:printf)
                  00003d24    00000064                                   : s_frexp.c.obj (.text:frexp)
                  00003d88    00000064                                   : fseek.c.obj (.text:fseek)
                  00003dec    00000062                                   : _io_perm.c.obj (.text:__TI_wrt_ok)
                  00003e4e    00000002     --HOLE-- [fill = 0]
                  00003e50    00000060                                   : hostopen.c.obj (.text:HOSTopen)
                  00003eb0    0000005c     msp432p4xx_driverlib.lib : interrupt.o (.text:Interrupt_registerInterrupt)
                  00003f0c    0000005c     rtsv7M4_T_le_v4SPD16_eabi.lib : close.c.obj (.text:close)
                  00003f68    00000058                                   : hostread.c.obj (.text:HOSTread)
                  00003fc0    00000058                                   : hostwrite.c.obj (.text:HOSTwrite)
                  00004018    00000058     msp432p4xx_driverlib.lib : timer_a.o (.text:Timer_A_initCapture)
                  00004070    00000056     rtsv7M4_T_le_v4SPD16_eabi.lib : _printfi.c.obj (.text:_pconv_f)
                  000040c6    00000002     --HOLE-- [fill = 0]
                  000040c8    00000054     msp432p4xx_driverlib.lib : adc14.o (.text:ADC14_initModule)
                  0000411c    00000054     rtsv7M4_T_le_v4SPD16_eabi.lib : _ltoa.c.obj (.text:__TI_ltoa)
                  00004170    00000054     engr2350_msp432.obj (.text:dread)
                  000041c4    00000052     main.obj (.text:ADCInit)
                  00004216    00000052     rtsv7M4_T_le_v4SPD16_eabi.lib : _printfi.c.obj (.text:_ecpy)
                  00004268    0000004e     msp432p4xx_driverlib.lib : timer_a.o (.text:Timer_A_initCompare)
                  000042b6    0000004c     main.obj (.text:GPIOInit)
                  00004302    0000004c     rtsv7M4_T_le_v4SPD16_eabi.lib : fflush.c.obj (.text:__TI_doflush)
                  0000434e    00000002     --HOLE-- [fill = 0]
                  00004350    0000004c                                   : atoi.c.obj (.text:atoi)
                  0000439c    00000048     engr2350_msp432.obj (.text:dwrite)
                  000043e4    00000048     rtsv7M4_T_le_v4SPD16_eabi.lib : exit.c.obj (.text:exit)
                  0000442c    00000048                                   : fd_toi_t2.asm.obj (.text)
                  00004474    00000044                                   : hostclose.c.obj (.text:HOSTclose)
                  000044b8    00000044                                   : hostunlink.c.obj (.text:HOSTunlink)
                  000044fc    00000044                                   : autoinit.c.obj (.text:__TI_auto_init_nobinit_nopinit:__TI_auto_init_nobinit_nopinit)
                  00004540    00000044                                   : getdevice.c.obj (.text:getdevice)
                  00004584    00000040     msp432p4xx_driverlib.lib : gpio.o (.text:GPIO_setAsOutputPin)
                  000045c4    0000003e     rtsv7M4_T_le_v4SPD16_eabi.lib : _printfi.c.obj (.text:_fcpy)
                  00004602    00000002     --HOLE-- [fill = 0]
                  00004604    0000003c     engr2350_msp432.obj (.text:init_hfxtclk)
                  00004640    00000038     msp432p4xx_driverlib.lib : timer_a.o (.text:Timer_A_getCaptureCompareEnabledInterruptStatus)
                  00004678    00000038     rtsv7M4_T_le_v4SPD16_eabi.lib : trgmsg.c.obj (.text:__TI_writemsg)
                  000046b0    00000038                                   : fs_tod_t2.asm.obj (.text)
                  000046e8    00000036                                   : strncpy.c.obj (.text:strncpy)
                  0000471e    00000002     --HOLE-- [fill = 0]
                  00004720    00000034     msp432p4xx_driverlib.lib : adc14.o (.text:ADC14_enableSampleTimer)
                  00004754    00000034                              : timer_a.o (.text:Timer_A_configureContinuousMode)
                  00004788    00000034     rtsv7M4_T_le_v4SPD16_eabi.lib : fopen.c.obj (.text:__TI_cleanup)
                  000047bc    00000034                                   : trgmsg.c.obj (.text:__TI_readmsg)
                  000047f0    00000034                                   : boot_cortex_m.c.obj (.text:_c_int00_noargs:_c_int00_noargs)
                  00004824    00000034                                   : fopen.c.obj (.text:freopen)
                  00004858    00000030                                   : getdevice.c.obj (.text:finddevice)
                  00004888    0000002e                                   : i_tofd_t2.asm.obj (.text)
                  000048b6    00000002     --HOLE-- [fill = 0]
                  000048b8    0000002c     msp432p4xx_driverlib.lib : adc14.o (.text:ADC14_toggleConversionTrigger)
                  000048e4    0000002c                              : timer_a.o (.text:Timer_A_clearCaptureCompareInterrupt)
                  00004910    0000002c     rtsv7M4_T_le_v4SPD16_eabi.lib : unlink.c.obj (.text:unlink)
                  0000493c    00000028     msp432p4xx_driverlib.lib : adc14.o (.text:ADC14_enableConversion)
                  00004964    00000028                              : adc14.o (.text:ADC14_getResult)
                  0000498c    00000028                              : gpio.o (.text:GPIO_setOutputHighOnPin)
                  000049b4    00000028                              : gpio.o (.text:GPIO_setOutputLowOnPin)
                  000049dc    00000028                              : timer_a.o (.text:Timer_A_getCaptureCompareInterruptStatus)
                  00004a04    00000028                              : timer_a.o (.text:Timer_A_setCompareValue)
                  00004a2c    00000028     rtsv7M4_T_le_v4SPD16_eabi.lib : memory.c.obj (.text:free_list_insert)
                  00004a54    00000028                                   : lseek.c.obj (.text:lseek)
                  00004a7c    00000028                                   : write.c.obj (.text:write)
                  00004aa4    00000022     msp432p4xx_driverlib.lib : timer_a.o (.text:Timer_A_getCaptureCompareCount)
                  00004ac6    00000002     --HOLE-- [fill = 0]
                  00004ac8    00000020                              : adc14.o (.text:ADC14_setResolution)
                  00004ae8    00000020                              : cs.o (.text:CS_setExternalClockSourceFrequency)
                  00004b08    00000020     rtsv7M4_T_le_v4SPD16_eabi.lib : memchr.c.obj (.text:memchr)
                  00004b28    00000020                                   : u_tofd_t2.asm.obj (.text)
                  00004b48    0000001c     engr2350_msp432.obj (.text:dclose)
                  00004b64    0000001c     rtsv7M4_T_le_v4SPD16_eabi.lib : copy_zero_init.c.obj (.text:decompress:ZI:__TI_zero_init_nomemset:__TI_zero_init_nomemset)
                  00004b80    0000001c                                   : memory.c.obj (.text:free_list_remove)
                  00004b9c    0000001c                                   : memccpy.c.obj (.text:memccpy)
                  00004bb8    0000001a                                   : s_copysign.c.obj (.text:copysign)
                  00004bd2    00000002     --HOLE-- [fill = 0]
                  00004bd4    00000018     msp432p4xx_driverlib.lib : sysctl_a.o (.text:SysCtl_A_disableNMISource)
                  00004bec    00000018                              : sysctl_a.o (.text:SysCtl_A_enableNMISource)
                  00004c04    00000018     main.obj (.text:T2_100ms_ISR)
                  00004c1c    00000018     msp432p4xx_driverlib.lib : timer_a.o (.text:Timer_A_getEnabledInterruptStatus)
                  00004c34    00000018     rtsv7M4_T_le_v4SPD16_eabi.lib : strcmp.c.obj (.text:strcmp)
                  00004c4c    00000016     msp432p4xx_driverlib.lib : timer_a.o (.text:Timer_A_clearInterruptFlag)
                  00004c62    00000016                              : timer_a.o (.text:Timer_A_startCounter)
                  00004c78    00000016     rtsv7M4_T_le_v4SPD16_eabi.lib : strchr.c.obj (.text:strchr)
                  00004c8e    00000014                                   : strcpy.c.obj (.text:strcpy)
                  00004ca2    00000014                                   : strlen.c.obj (.text:strlen)
                  00004cb6    00000012     msp432p4xx_driverlib.lib : cs.o (.text:CS_startHFXT)
                  00004cc8    00000012                              : timer_a.o (.text:Timer_A_getInterruptStatus)
                  00004cda    00000012     engr2350_msp432.obj (.text:dlseek)
                  00004cec    00000012     rtsv7M4_T_le_v4SPD16_eabi.lib : wcslen.c.obj (.text:wcslen)
                  00004cfe    00000002     --HOLE-- [fill = 0]
                  00004d00    00000010     msp432p4xx_driverlib.lib : adc14.o (.text:ADCIsConversionRunning)
                  00004d10    00000010                              : sysctl_a.o (.text:SysCtl_A_getNMISourceStatus)
                  00004d20    00000010     engr2350_msp432.obj (.text:drename)
                  00004d30    0000000e     rtsv7M4_T_le_v4SPD16_eabi.lib : copy_decompress_none.c.obj (.text:decompress:none:__TI_decompress_none)
                  00004d3e    0000000e     engr2350_msp432.obj (.text:dunlink)
                  00004d4c    0000000c     msp432p4xx_driverlib.lib : adc14.o (.text:ADC14_enableModule)
                  00004d58    0000000c     startup_msp432p401r_ccs.obj (.text:Reset_Handler)
                  00004d64    0000000c     engr2350_msp432.obj (.text:sysInit)
                  00004d70    00000008     rtsv7M4_T_le_v4SPD16_eabi.lib : errno.c.obj (.text:__aeabi_errno_addr)
                  00004d78    00000008                                   : memory.c.obj (.text:malloc)
                  00004d80    00000004                                   : printf.c.obj (.text:_outc)
                  00004d84    00000004                                   : printf.c.obj (.text:_outs)
                  00004d88    00000004                                   : pre_init.c.obj (.text:_system_pre_init)
                  00004d8c    00000004                                   : exit.c.obj (.text:abort:abort)

.const     0    00004d90    000001e9     
                  00004d90    00000101     rtsv7M4_T_le_v4SPD16_eabi.lib : ctype.c.obj (.const:.string:_ctypes_)
                  00004e91    00000003     --HOLE-- [fill = 0]
                  00004e94    00000080     msp432p4xx_driverlib.lib : adc14.o (.const:_ctlRegs)
                  00004f14    00000030                              : gpio.o (.const:GPIO_PORT_TO_BASE)
                  00004f44    00000028     engr2350_msp432.obj (.const:$P$T1$2)
                  00004f6c    00000008     msp432p4xx_driverlib.lib : interrupt.o (.const:g_pulEnRegs)
                  00004f74    00000005     engr2350_msp432.obj (.const:.string:$P$T0$1)

.cinit     0    00004f80    000000c8     
                  00004f80    0000008e     (.cinit..data.load) [load image, compression = lzss]
                  0000500e    00000002     --HOLE-- [fill = 0]
                  00005010    0000000c     (__TI_handler_table)
                  0000501c    00000004     --HOLE-- [fill = 0]
                  00005020    00000008     (.cinit..bss.load) [load image, compression = zero_init]
                  00005028    00000008     (.cinit..vtable.load) [load image, compression = zero_init]
                  00005030    00000018     (__TI_cinit_table)

.init_array 
*          0    00000000    00000000     UNINITIALIZED

.binit     0    00000000    00000000     

.vtable    0    20000000    000000e8     UNINITIALIZED
                  20000000    000000e8     msp432p4xx_driverlib.lib : interrupt.o (.vtable)

.sysmem    0    200000e8    00000400     UNINITIALIZED
                  200000e8    00000010     rtsv7M4_T_le_v4SPD16_eabi.lib : memory.c.obj (.sysmem)
                  200000f8    000003f0     --HOLE--

.bss       0    200004e8    00000298     UNINITIALIZED
                  200004e8    00000120     rtsv7M4_T_le_v4SPD16_eabi.lib : trgmsg.c.obj (.bss:_CIOBUF_)
                  20000608    000000a0     (.common:__TI_tmpnams)
                  200006a8    00000018     (.common:TA0cfg)
                  200006c0    00000018     (.common:TA2cfg)
                  200006d8    00000018     (.common:TA3_ccr0)
                  200006f0    00000018     (.common:TA3_ccr1)
                  20000708    00000010     (.common:TA0_ccr3)
                  20000718    00000010     (.common:TA0_ccr4)
                  20000728    00000010     (.common:TA3cfg)
                  20000738    00000008     msp432p4xx_driverlib.lib : cs.o (.bss)
                  20000740    00000008     (.common:parmbuf)
                  20000748    00000004     (.common:TachL)
                  2000074c    00000004     (.common:TachL_avg)
                  20000750    00000004     (.common:TachL_count)
                  20000754    00000004     (.common:TachL_sum)
                  20000758    00000004     (.common:TachL_sum_count)
                  2000075c    00000004     (.common:TachR)
                  20000760    00000004     (.common:TachR_avg)
                  20000764    00000004     (.common:TachR_count)
                  20000768    00000004     (.common:TachR_sum)
                  2000076c    00000004     (.common:TachR_sum_count)
                  20000770    00000004     (.common:enc_total_L)
                  20000774    00000004     (.common:enc_total_R)
                  20000778    00000002     (.common:corrected_speedL)
                  2000077a    00000002     (.common:corrected_speedR)
                  2000077c    00000002     (.common:output_compareL)
                  2000077e    00000002     (.common:output_compareR)

.data      0    20000780    00000228     UNINITIALIZED
                  20000780    000000f0     rtsv7M4_T_le_v4SPD16_eabi.lib : defs.c.obj (.data:_ftable)
                  20000870    00000078                                   : host_device.c.obj (.data:_device)
                  200008e8    00000050                                   : host_device.c.obj (.data:_stream)
                  20000938    00000038     main.obj (.data)
                  20000970    00000010     rtsv7M4_T_le_v4SPD16_eabi.lib : defs.c.obj (.data)
                  20000980    0000000c                                   : exit.c.obj (.data:$O1$$)
                  2000098c    00000008                                   : _lock.c.obj (.data:$O1$$)
                  20000994    00000008                                   : memory.c.obj (.data:$O1$$)
                  2000099c    00000004                                   : add_device.c.obj (.data)
                  200009a0    00000004                                   : errno.c.obj (.data)
                  200009a4    00000004                                   : open.c.obj (.data)

.stack     0    2000fc00    00000400     UNINITIALIZED
                  2000fc00    00000004     rtsv7M4_T_le_v4SPD16_eabi.lib : boot_cortex_m.c.obj (.stack)
                  2000fc04    000003fc     --HOLE--

__llvm_prf_cnts 
*          0    20000000    00000000     UNINITIALIZED

MODULE SUMMARY

       Module                        code    ro data   rw data
       ------                        ----    -------   -------
    .\
       main.obj                      3258    0         512    
    +--+-----------------------------+-------+---------+---------+
       Total:                        3258    0         512    
                                                              
    .\src\
       engr2350_msp432.obj           588     45        0      
       startup_msp432p401r_ccs.obj   14      228       0      
       system_msp432p401r.obj        152     0         0      
    +--+-----------------------------+-------+---------+---------+
       Total:                        754     273       0      
                                                              
    C:/ti/simplelink_msp432p4_sdk_3_40_01_02/source/ti/devices/msp432p4xx/driverlib/ccs/msp432p4xx_driverlib.lib
       adc14.o                       1032    128       0      
       timer_a.o                     1156    0         0      
       cs.o                          802     0         16     
       interrupt.o                   220     8         464    
       gpio.o                        416     48        0      
       uart.o                        284     0         0      
       sysctl_a.o                    64      0         0      
    +--+-----------------------------+-------+---------+---------+
       Total:                        3974    184       480    
                                                              
    C:\ti\ccs1281\ccs\tools\compiler\ti-cgt-arm_20.2.7.LTS\lib\rtsv7M4_T_le_v4SPD16_eabi.lib
       _printfi.c.obj                4851    0         0      
       defs.c.obj                    0       0         832    
       memory.c.obj                  672     0         16     
       trgmsg.c.obj                  108     0         576    
       fd_add_t2.asm.obj             438     0         0      
       host_device.c.obj             0       0         400    
       fopen.c.obj                   376     0         0      
       fd_div_t2.asm.obj             310     0         0      
       fputs.c.obj                   276     0         0      
       s_scalbn.c.obj                272     0         0      
       fd_cmp_t2.asm.obj             268     0         0      
       ctype.c.obj                   0       257       0      
       fd_mul_t2.asm.obj             252     0         0      
       setvbuf.c.obj                 220     0         0      
       open.c.obj                    188     0         8      
       add_device.c.obj              184     0         8      
       memcpy_t2.asm.obj             156     0         0      
       ull_div_t2.asm.obj            150     0         0      
       fputc.c.obj                   140     0         0      
       memset_t2.asm.obj             122     0         0      
       fclose.c.obj                  116     0         0      
       getdevice.c.obj               116     0         0      
       hostopen.c.obj                96      0         16     
       printf.c.obj                  112     0         0      
       fd_tos_t2.asm.obj             110     0         0      
       hostrename.c.obj              108     0         0      
       copy_decompress_lzss.c.obj    104     0         0      
       hostlseek.c.obj               104     0         0      
       exit.c.obj                    76      0         24     
       fseek.c.obj                   100     0         0      
       s_frexp.c.obj                 100     0         0      
       _io_perm.c.obj                98      0         0      
       close.c.obj                   92      0         0      
       hostread.c.obj                88      0         0      
       hostwrite.c.obj               88      0         0      
       _ltoa.c.obj                   84      0         0      
       atoi.c.obj                    76      0         0      
       fflush.c.obj                  76      0         0      
       fd_toi_t2.asm.obj             72      0         0      
       autoinit.c.obj                68      0         0      
       hostclose.c.obj               68      0         0      
       hostunlink.c.obj              68      0         0      
       fs_tod_t2.asm.obj             56      0         0      
       strncpy.c.obj                 54      0         0      
       boot_cortex_m.c.obj           52      0         0      
       i_tofd_t2.asm.obj             46      0         0      
       unlink.c.obj                  44      0         0      
       lseek.c.obj                   40      0         0      
       write.c.obj                   40      0         0      
       memchr.c.obj                  32      0         0      
       u_tofd_t2.asm.obj             32      0         0      
       copy_zero_init.c.obj          28      0         0      
       memccpy.c.obj                 28      0         0      
       s_copysign.c.obj              26      0         0      
       strcmp.c.obj                  24      0         0      
       strchr.c.obj                  22      0         0      
       strcpy.c.obj                  20      0         0      
       strlen.c.obj                  20      0         0      
       _lock.c.obj                   2       0         16     
       wcslen.c.obj                  18      0         0      
       errno.c.obj                   8       0         8      
       copy_decompress_none.c.obj    14      0         0      
       pre_init.c.obj                4       0         0      
       div0.asm.obj                  2       0         0      
    +--+-----------------------------+-------+---------+---------+
       Total:                        11615   257       1904   
                                                              
       Heap:                         0       0         2048   
       Stack:                        0       0         2048   
       Linker Generated:             0       194       0      
    +--+-----------------------------+-------+---------+---------+
       Grand Total:                  19601   908       6992   


LINKER GENERATED COPY TABLES

__TI_cinit_table @ 00005030 records: 3, size/record: 8, table size: 24
	.data: load addr=00004f80, load size=0000008e bytes, run addr=20000780, run size=00000228 bytes, compression=lzss
	.bss: load addr=00005020, load size=00000008 bytes, run addr=200004e8, run size=00000298 bytes, compression=zero_init
	.vtable: load addr=00005028, load size=00000008 bytes, run addr=20000000, run size=000000e8 bytes, compression=zero_init


LINKER GENERATED HANDLER TABLE

__TI_handler_table @ 00005010 records: 3, size/record: 4, table size: 12
	index: 0, handler: __TI_zero_init
	index: 1, handler: __TI_decompress_lzss
	index: 2, handler: __TI_decompress_none


GLOBAL SYMBOLS: SORTED ALPHABETICALLY BY Name 

address   name                                           
-------   ----                                           
00000b33  ADC14_IRQHandler                               
000030b1  ADC14_configureConversionMemory                
00003165  ADC14_configureMultiSequenceMode               
0000493d  ADC14_enableConversion                         
00004d4d  ADC14_enableModule                             
00004721  ADC14_enableSampleTimer                        
00004965  ADC14_getResult                                
000040c9  ADC14_initModule                               
00004ac9  ADC14_setResolution                            
000048b9  ADC14_toggleConversionTrigger                  
000041c5  ADCInit                                        
00000b33  AES256_IRQHandler                              
00000b33  BusFault_Handler                               
00004d8d  C$$EXIT                                        
000046a7  C$$IO$$                                        
00000b33  COMP_E0_IRQHandler                             
00000b33  COMP_E1_IRQHandler                             
00000b33  CS_IRQHandler                                  
00002249  CS_initClockSignal                             
00004ae9  CS_setExternalClockSourceFrequency             
00004cb7  CS_startHFXT                                   
00002ae9  CS_startHFXTWithTimeout                        
00000b33  DMA_ERR_IRQHandler                             
00000b33  DMA_INT0_IRQHandler                            
00000b33  DMA_INT1_IRQHandler                            
00000b33  DMA_INT2_IRQHandler                            
00000b33  DMA_INT3_IRQHandler                            
00000b33  DebugMon_Handler                               
00000b33  Default_Handler                                
00000b33  EUSCIA0_IRQHandler                             
00000b33  EUSCIA1_IRQHandler                             
00000b33  EUSCIA2_IRQHandler                             
00000b33  EUSCIA3_IRQHandler                             
00000b33  EUSCIB0_IRQHandler                             
00000b33  EUSCIB1_IRQHandler                             
00000b33  EUSCIB2_IRQHandler                             
00000b33  EUSCIB3_IRQHandler                             
00001ba5  Encoder_ISR                                    
00000b33  FLCTL_IRQHandler                               
00000b33  FPU_IRQHandler                                 
000042b7  GPIOInit                                       
00004585  GPIO_setAsOutputPin                            
000035c1  GPIO_setAsPeripheralModuleFunctionInputPin     
00003649  GPIO_setAsPeripheralModuleFunctionOutputPin    
0000498d  GPIO_setOutputHighOnPin                        
000049b5  GPIO_setOutputLowOnPin                         
00004475  HOSTclose                                      
00003b85  HOSTlseek                                      
00003e51  HOSTopen                                       
00003f69  HOSTread                                       
00003b19  HOSTrename                                     
000044b9  HOSTunlink                                     
00003fc1  HOSTwrite                                      
00000b33  HardFault_Handler                              
000037dd  Interrupt_enableInterrupt                      
00003eb1  Interrupt_registerInterrupt                    
00000b33  MemManage_Handler                              
00000b33  NMI_Handler                                    
00000b33  PCM_IRQHandler                                 
00000b33  PORT1_IRQHandler                               
00000b33  PORT2_IRQHandler                               
00000b33  PORT3_IRQHandler                               
00000b33  PORT4_IRQHandler                               
00000b33  PORT5_IRQHandler                               
00000b33  PORT6_IRQHandler                               
00000b33  PSS_IRQHandler                                 
00000b33  PendSV_Handler                                 
00000b33  RTC_C_IRQHandler                               
00004d59  Reset_Handler                                  
00000b33  SVC_Handler                                    
00004bd5  SysCtl_A_disableNMISource                      
00004bed  SysCtl_A_enableNMISource                       
00004d11  SysCtl_A_getNMISourceStatus                    
00000b33  SysTick_Handler                                
00003405  SystemInit                                     
00004c05  T2_100ms_ISR                                   
00000b33  T32_INT1_IRQHandler                            
00000b33  T32_INT2_IRQHandler                            
00000b33  T32_INTC_IRQHandler                            
00000b33  TA0_0_IRQHandler                               
00000b33  TA0_N_IRQHandler                               
20000708  TA0_ccr3                                       
20000718  TA0_ccr4                                       
200006a8  TA0cfg                                         
00000b33  TA1_0_IRQHandler                               
00000b33  TA1_N_IRQHandler                               
00000b33  TA2_0_IRQHandler                               
00000b33  TA2_N_IRQHandler                               
200006c0  TA2cfg                                         
00000b33  TA3_0_IRQHandler                               
00000b33  TA3_N_IRQHandler                               
200006d8  TA3_ccr0                                       
200006f0  TA3_ccr1                                       
20000728  TA3cfg                                         
20000748  TachL                                          
2000074c  TachL_avg                                      
20000750  TachL_count                                    
20000754  TachL_sum                                      
20000758  TachL_sum_count                                
2000075c  TachR                                          
20000760  TachR_avg                                      
20000764  TachR_count                                    
20000768  TachR_sum                                      
2000076c  TachR_sum_count                                
00001a05  TimerInit                                      
000048e5  Timer_A_clearCaptureCompareInterrupt           
00004c4d  Timer_A_clearInterruptFlag                     
00004755  Timer_A_configureContinuousMode                
00003bed  Timer_A_configureUpMode                        
00004aa5  Timer_A_getCaptureCompareCount                 
00004641  Timer_A_getCaptureCompareEnabledInterruptStatus
000049dd  Timer_A_getCaptureCompareInterruptStatus       
00004c1d  Timer_A_getEnabledInterruptStatus              
00004cc9  Timer_A_getInterruptStatus                     
00004019  Timer_A_initCapture                            
00004269  Timer_A_initCompare                            
00002e69  Timer_A_registerInterrupt                      
00004a05  Timer_A_setCompareValue                        
00004c63  Timer_A_startCounter                           
0000249d  UART_initModule                                
00000b33  UsageFault_Handler                             
4000480c  WDTCTL_SYM                                     
00000b33  WDT_A_IRQHandler                               
200004e8  __CIOBUF_                                      
20010000  __STACK_END                                    
00000400  __STACK_SIZE                                   
00000400  __SYSMEM_SIZE                                  
00005030  __TI_CINIT_Base                                
00005048  __TI_CINIT_Limit                               
00005010  __TI_Handler_Table_Base                        
0000501c  __TI_Handler_Table_Limit                       
000044fd  __TI_auto_init_nobinit_nopinit                 
00004789  __TI_cleanup                                   
20000980  __TI_cleanup_ptr                               
00003959  __TI_closefile                                 
00003c55  __TI_decompress_lzss                           
00004d31  __TI_decompress_none                           
00004303  __TI_doflush                                   
20000984  __TI_dtors_ptr                                 
20000988  __TI_enable_exit_profile_output                
20000970  __TI_ft_end                                    
0000411d  __TI_ltoa                                      
ffffffff  __TI_pprof_out_hndl                            
000000e5  __TI_printfi                                   
ffffffff  __TI_prof_data_size                            
ffffffff  __TI_prof_data_start                           
000047bd  __TI_readmsg                                   
00000000  __TI_static_base__                             
20000608  __TI_tmpnams                                   
00004679  __TI_writemsg                                  
00003ded  __TI_wrt_ok                                    
00004b65  __TI_zero_init_nomemset                        
000036d1  __aeabi_cdcmpeq                                
000036d1  __aeabi_cdcmple                                
00003757  __aeabi_cdrcmple                               
00003aab  __aeabi_d2f                                    
0000442d  __aeabi_d2iz                                   
00001857  __aeabi_dadd                                   
00002111  __aeabi_ddiv                                   
000029ed  __aeabi_dmul                                   
0000184d  __aeabi_dsub                                   
00004d71  __aeabi_errno_addr                             
000046b1  __aeabi_f2d                                    
00004889  __aeabi_i2d                                    
00002247  __aeabi_idiv0                                  
00002247  __aeabi_ldiv0                                  
000038dd  __aeabi_memclr                                 
000038dd  __aeabi_memclr4                                
000038dd  __aeabi_memclr8                                
00003369  __aeabi_memcpy                                 
00003369  __aeabi_memcpy4                                
00003369  __aeabi_memcpy8                                
000038df  __aeabi_memset                                 
000038df  __aeabi_memset4                                
000038df  __aeabi_memset8                                
2000097c  __aeabi_stderr                                 
20000974  __aeabi_stdin                                  
20000978  __aeabi_stdout                                 
00004b29  __aeabi_ui2d                                   
0000349d  __aeabi_uldivmod                               
ffffffff  __binit__                                      
ffffffff  __c_args__                                     
UNDEFED   __mpu_init                                     
2000fc00  __stack                                        
20000000  __start___llvm_prf_cnts                        
20000000  __stop___llvm_prf_cnts                         
000047f1  _c_int00_noargs                                
00004d90  _ctypes_                                       
20000870  _device                                        
20000780  _ftable                                        
2000098c  _lock                                          
00001a03  _nop                                           
200008e8  _stream                                        
200000e8  _sys_memory                                    
UNDEFED   _system_post_cinit                             
00004d89  _system_pre_init                               
20000990  _unlock                                        
00004d8d  abort                                          
00002ff9  add_device                                     
000028ed  aligned_alloc                                  
00004351  atoi                                           
ffffffff  binit                                          
00003f0d  close                                          
00004bb9  copysign                                       
00004bb9  copysignl                                      
20000778  corrected_speedL                               
2000077a  corrected_speedR                               
00004b49  dclose                                         
00004cdb  dlseek                                         
0000385d  dopen                                          
00004171  dread                                          
00004d21  drename                                        
00004d3f  dunlink                                        
0000439d  dwrite                                         
20000770  enc_total_L                                    
20000774  enc_total_R                                    
200009a0  errno                                          
000043e5  exit                                           
00004859  finddevice                                     
00003535  fputc                                          
000025b9  fputs                                          
00002bcd  free                                           
00004825  freopen                                        
00003d25  frexp                                          
00003d25  frexpl                                         
00003d89  fseek                                          
20000000  g_pfnRAMVectors                                
00004541  getdevice                                      
00004605  init_hfxtclk                                   
000032cd  init_std_uart                                  
00000000  interruptVectors                               
20000950  kIL                                            
20000958  kIR                                            
20000960  kPL                                            
20000968  kPR                                            
000027dd  ldexp                                          
000027dd  ldexpl                                         
00004a55  lseek                                          
00000b35  main                                           
00004d79  malloc                                         
2000093f  max_pwm                                        
2000093c  max_speed                                      
000028ed  memalign                                       
00004b9d  memccpy                                        
00004b09  memchr                                         
00003369  memcpy                                         
000038e5  memset                                         
2000093e  min_pwm                                        
2000093a  min_speed                                      
20000948  min_turn_radius                                
00002f3d  open                                           
2000077c  output_compareL                                
2000077e  output_compareR                                
20000740  parmbuf                                        
00003cbd  printf                                         
00003535  putc                                           
00004911  remove                                         
20000938  runControl                                     
000027dd  scalbn                                         
000027dd  scalbnl                                        
00002d8d  setvbuf                                        
20000940  speed_errorL                                   
20000944  speed_errorR                                   
00004c79  strchr                                         
00004c35  strcmp                                         
00004c8f  strcpy                                         
00004ca3  strlen                                         
000046e9  strncpy                                        
00004d65  sysInit                                        
00004911  unlink                                         
00004ced  wcslen                                         
00004a7d  write                                          


GLOBAL SYMBOLS: SORTED BY Symbol Address 

address   name                                           
-------   ----                                           
00000000  __TI_static_base__                             
00000000  interruptVectors                               
000000e5  __TI_printfi                                   
00000400  __STACK_SIZE                                   
00000400  __SYSMEM_SIZE                                  
00000b33  ADC14_IRQHandler                               
00000b33  AES256_IRQHandler                              
00000b33  BusFault_Handler                               
00000b33  COMP_E0_IRQHandler                             
00000b33  COMP_E1_IRQHandler                             
00000b33  CS_IRQHandler                                  
00000b33  DMA_ERR_IRQHandler                             
00000b33  DMA_INT0_IRQHandler                            
00000b33  DMA_INT1_IRQHandler                            
00000b33  DMA_INT2_IRQHandler                            
00000b33  DMA_INT3_IRQHandler                            
00000b33  DebugMon_Handler                               
00000b33  Default_Handler                                
00000b33  EUSCIA0_IRQHandler                             
00000b33  EUSCIA1_IRQHandler                             
00000b33  EUSCIA2_IRQHandler                             
00000b33  EUSCIA3_IRQHandler                             
00000b33  EUSCIB0_IRQHandler                             
00000b33  EUSCIB1_IRQHandler                             
00000b33  EUSCIB2_IRQHandler                             
00000b33  EUSCIB3_IRQHandler                             
00000b33  FLCTL_IRQHandler                               
00000b33  FPU_IRQHandler                                 
00000b33  HardFault_Handler                              
00000b33  MemManage_Handler                              
00000b33  NMI_Handler                                    
00000b33  PCM_IRQHandler                                 
00000b33  PORT1_IRQHandler                               
00000b33  PORT2_IRQHandler                               
00000b33  PORT3_IRQHandler                               
00000b33  PORT4_IRQHandler                               
00000b33  PORT5_IRQHandler                               
00000b33  PORT6_IRQHandler                               
00000b33  PSS_IRQHandler                                 
00000b33  PendSV_Handler                                 
00000b33  RTC_C_IRQHandler                               
00000b33  SVC_Handler                                    
00000b33  SysTick_Handler                                
00000b33  T32_INT1_IRQHandler                            
00000b33  T32_INT2_IRQHandler                            
00000b33  T32_INTC_IRQHandler                            
00000b33  TA0_0_IRQHandler                               
00000b33  TA0_N_IRQHandler                               
00000b33  TA1_0_IRQHandler                               
00000b33  TA1_N_IRQHandler                               
00000b33  TA2_0_IRQHandler                               
00000b33  TA2_N_IRQHandler                               
00000b33  TA3_0_IRQHandler                               
00000b33  TA3_N_IRQHandler                               
00000b33  UsageFault_Handler                             
00000b33  WDT_A_IRQHandler                               
00000b35  main                                           
0000184d  __aeabi_dsub                                   
00001857  __aeabi_dadd                                   
00001a03  _nop                                           
00001a05  TimerInit                                      
00001ba5  Encoder_ISR                                    
00002111  __aeabi_ddiv                                   
00002247  __aeabi_idiv0                                  
00002247  __aeabi_ldiv0                                  
00002249  CS_initClockSignal                             
0000249d  UART_initModule                                
000025b9  fputs                                          
000027dd  ldexp                                          
000027dd  ldexpl                                         
000027dd  scalbn                                         
000027dd  scalbnl                                        
000028ed  aligned_alloc                                  
000028ed  memalign                                       
000029ed  __aeabi_dmul                                   
00002ae9  CS_startHFXTWithTimeout                        
00002bcd  free                                           
00002d8d  setvbuf                                        
00002e69  Timer_A_registerInterrupt                      
00002f3d  open                                           
00002ff9  add_device                                     
000030b1  ADC14_configureConversionMemory                
00003165  ADC14_configureMultiSequenceMode               
000032cd  init_std_uart                                  
00003369  __aeabi_memcpy                                 
00003369  __aeabi_memcpy4                                
00003369  __aeabi_memcpy8                                
00003369  memcpy                                         
00003405  SystemInit                                     
0000349d  __aeabi_uldivmod                               
00003535  fputc                                          
00003535  putc                                           
000035c1  GPIO_setAsPeripheralModuleFunctionInputPin     
00003649  GPIO_setAsPeripheralModuleFunctionOutputPin    
000036d1  __aeabi_cdcmpeq                                
000036d1  __aeabi_cdcmple                                
00003757  __aeabi_cdrcmple                               
000037dd  Interrupt_enableInterrupt                      
0000385d  dopen                                          
000038dd  __aeabi_memclr                                 
000038dd  __aeabi_memclr4                                
000038dd  __aeabi_memclr8                                
000038df  __aeabi_memset                                 
000038df  __aeabi_memset4                                
000038df  __aeabi_memset8                                
000038e5  memset                                         
00003959  __TI_closefile                                 
00003aab  __aeabi_d2f                                    
00003b19  HOSTrename                                     
00003b85  HOSTlseek                                      
00003bed  Timer_A_configureUpMode                        
00003c55  __TI_decompress_lzss                           
00003cbd  printf                                         
00003d25  frexp                                          
00003d25  frexpl                                         
00003d89  fseek                                          
00003ded  __TI_wrt_ok                                    
00003e51  HOSTopen                                       
00003eb1  Interrupt_registerInterrupt                    
00003f0d  close                                          
00003f69  HOSTread                                       
00003fc1  HOSTwrite                                      
00004019  Timer_A_initCapture                            
000040c9  ADC14_initModule                               
0000411d  __TI_ltoa                                      
00004171  dread                                          
000041c5  ADCInit                                        
00004269  Timer_A_initCompare                            
000042b7  GPIOInit                                       
00004303  __TI_doflush                                   
00004351  atoi                                           
0000439d  dwrite                                         
000043e5  exit                                           
0000442d  __aeabi_d2iz                                   
00004475  HOSTclose                                      
000044b9  HOSTunlink                                     
000044fd  __TI_auto_init_nobinit_nopinit                 
00004541  getdevice                                      
00004585  GPIO_setAsOutputPin                            
00004605  init_hfxtclk                                   
00004641  Timer_A_getCaptureCompareEnabledInterruptStatus
00004679  __TI_writemsg                                  
000046a7  C$$IO$$                                        
000046b1  __aeabi_f2d                                    
000046e9  strncpy                                        
00004721  ADC14_enableSampleTimer                        
00004755  Timer_A_configureContinuousMode                
00004789  __TI_cleanup                                   
000047bd  __TI_readmsg                                   
000047f1  _c_int00_noargs                                
00004825  freopen                                        
00004859  finddevice                                     
00004889  __aeabi_i2d                                    
000048b9  ADC14_toggleConversionTrigger                  
000048e5  Timer_A_clearCaptureCompareInterrupt           
00004911  remove                                         
00004911  unlink                                         
0000493d  ADC14_enableConversion                         
00004965  ADC14_getResult                                
0000498d  GPIO_setOutputHighOnPin                        
000049b5  GPIO_setOutputLowOnPin                         
000049dd  Timer_A_getCaptureCompareInterruptStatus       
00004a05  Timer_A_setCompareValue                        
00004a55  lseek                                          
00004a7d  write                                          
00004aa5  Timer_A_getCaptureCompareCount                 
00004ac9  ADC14_setResolution                            
00004ae9  CS_setExternalClockSourceFrequency             
00004b09  memchr                                         
00004b29  __aeabi_ui2d                                   
00004b49  dclose                                         
00004b65  __TI_zero_init_nomemset                        
00004b9d  memccpy                                        
00004bb9  copysign                                       
00004bb9  copysignl                                      
00004bd5  SysCtl_A_disableNMISource                      
00004bed  SysCtl_A_enableNMISource                       
00004c05  T2_100ms_ISR                                   
00004c1d  Timer_A_getEnabledInterruptStatus              
00004c35  strcmp                                         
00004c4d  Timer_A_clearInterruptFlag                     
00004c63  Timer_A_startCounter                           
00004c79  strchr                                         
00004c8f  strcpy                                         
00004ca3  strlen                                         
00004cb7  CS_startHFXT                                   
00004cc9  Timer_A_getInterruptStatus                     
00004cdb  dlseek                                         
00004ced  wcslen                                         
00004d11  SysCtl_A_getNMISourceStatus                    
00004d21  drename                                        
00004d31  __TI_decompress_none                           
00004d3f  dunlink                                        
00004d4d  ADC14_enableModule                             
00004d59  Reset_Handler                                  
00004d65  sysInit                                        
00004d71  __aeabi_errno_addr                             
00004d79  malloc                                         
00004d89  _system_pre_init                               
00004d8d  C$$EXIT                                        
00004d8d  abort                                          
00004d90  _ctypes_                                       
00005010  __TI_Handler_Table_Base                        
0000501c  __TI_Handler_Table_Limit                       
00005030  __TI_CINIT_Base                                
00005048  __TI_CINIT_Limit                               
20000000  __start___llvm_prf_cnts                        
20000000  __stop___llvm_prf_cnts                         
20000000  g_pfnRAMVectors                                
200000e8  _sys_memory                                    
200004e8  __CIOBUF_                                      
20000608  __TI_tmpnams                                   
200006a8  TA0cfg                                         
200006c0  TA2cfg                                         
200006d8  TA3_ccr0                                       
200006f0  TA3_ccr1                                       
20000708  TA0_ccr3                                       
20000718  TA0_ccr4                                       
20000728  TA3cfg                                         
20000740  parmbuf                                        
20000748  TachL                                          
2000074c  TachL_avg                                      
20000750  TachL_count                                    
20000754  TachL_sum                                      
20000758  TachL_sum_count                                
2000075c  TachR                                          
20000760  TachR_avg                                      
20000764  TachR_count                                    
20000768  TachR_sum                                      
2000076c  TachR_sum_count                                
20000770  enc_total_L                                    
20000774  enc_total_R                                    
20000778  corrected_speedL                               
2000077a  corrected_speedR                               
2000077c  output_compareL                                
2000077e  output_compareR                                
20000780  _ftable                                        
20000870  _device                                        
200008e8  _stream                                        
20000938  runControl                                     
2000093a  min_speed                                      
2000093c  max_speed                                      
2000093e  min_pwm                                        
2000093f  max_pwm                                        
20000940  speed_errorL                                   
20000944  speed_errorR                                   
20000948  min_turn_radius                                
20000950  kIL                                            
20000958  kIR                                            
20000960  kPL                                            
20000968  kPR                                            
20000970  __TI_ft_end                                    
20000974  __aeabi_stdin                                  
20000978  __aeabi_stdout                                 
2000097c  __aeabi_stderr                                 
20000980  __TI_cleanup_ptr                               
20000984  __TI_dtors_ptr                                 
20000988  __TI_enable_exit_profile_output                
2000098c  _lock                                          
20000990  _unlock                                        
200009a0  errno                                          
2000fc00  __stack                                        
20010000  __STACK_END                                    
4000480c  WDTCTL_SYM                                     
ffffffff  __TI_pprof_out_hndl                            
ffffffff  __TI_prof_data_size                            
ffffffff  __TI_prof_data_start                           
ffffffff  __binit__                                      
ffffffff  __c_args__                                     
ffffffff  binit                                          
UNDEFED   __mpu_init                                     
UNDEFED   _system_post_cinit                             

[272 symbols]
