<?xml version="1.0" encoding="ISO-8859-1" ?>
<link_info>
   <banner>TI ARM Linker PC v20.2.7.LTS</banner>
   <copyright>Copyright (c) 1996-2018 Texas Instruments Incorporated</copyright>
   <link_time>0x67f2f680</link_time>
   <link_errors>0x0</link_errors>
   <output_file>lab4_template.out</output_file>
   <entry_point>
      <name>_c_int00_noargs</name>
      <address>0x47f1</address>
   </entry_point>
   <input_file_list>
      <input_file id="fl-2">
         <path>.\</path>
         <kind>object</kind>
         <file>main.obj</file>
         <name>main.obj</name>
      </input_file>
      <input_file id="fl-3">
         <path>.\src\</path>
         <kind>object</kind>
         <file>engr2350_msp432.obj</file>
         <name>engr2350_msp432.obj</name>
      </input_file>
      <input_file id="fl-4">
         <path>.\src\</path>
         <kind>object</kind>
         <file>startup_msp432p401r_ccs.obj</file>
         <name>startup_msp432p401r_ccs.obj</name>
      </input_file>
      <input_file id="fl-5">
         <path>.\src\</path>
         <kind>object</kind>
         <file>system_msp432p401r.obj</file>
         <name>system_msp432p401r.obj</name>
      </input_file>
      <input_file id="fl-f">
         <kind>object</kind>
         <file>&lt;internal&gt;</file>
         <name>&lt;internal&gt;</name>
      </input_file>
      <input_file id="fl-10">
         <path>C:\ti\simplelink_msp432p4_sdk_3_40_01_02\source\ti\devices\msp432p4xx\driverlib\ccs\</path>
         <kind>archive</kind>
         <file>msp432p4xx_driverlib.lib</file>
         <name>adc14.o</name>
      </input_file>
      <input_file id="fl-11">
         <path>C:\ti\simplelink_msp432p4_sdk_3_40_01_02\source\ti\devices\msp432p4xx\driverlib\ccs\</path>
         <kind>archive</kind>
         <file>msp432p4xx_driverlib.lib</file>
         <name>cs.o</name>
      </input_file>
      <input_file id="fl-12">
         <path>C:\ti\simplelink_msp432p4_sdk_3_40_01_02\source\ti\devices\msp432p4xx\driverlib\ccs\</path>
         <kind>archive</kind>
         <file>msp432p4xx_driverlib.lib</file>
         <name>gpio.o</name>
      </input_file>
      <input_file id="fl-13">
         <path>C:\ti\simplelink_msp432p4_sdk_3_40_01_02\source\ti\devices\msp432p4xx\driverlib\ccs\</path>
         <kind>archive</kind>
         <file>msp432p4xx_driverlib.lib</file>
         <name>i2c.o</name>
      </input_file>
      <input_file id="fl-14">
         <path>C:\ti\simplelink_msp432p4_sdk_3_40_01_02\source\ti\devices\msp432p4xx\driverlib\ccs\</path>
         <kind>archive</kind>
         <file>msp432p4xx_driverlib.lib</file>
         <name>interrupt.o</name>
      </input_file>
      <input_file id="fl-15">
         <path>C:\ti\simplelink_msp432p4_sdk_3_40_01_02\source\ti\devices\msp432p4xx\driverlib\ccs\</path>
         <kind>archive</kind>
         <file>msp432p4xx_driverlib.lib</file>
         <name>sysctl_a.o</name>
      </input_file>
      <input_file id="fl-16">
         <path>C:\ti\simplelink_msp432p4_sdk_3_40_01_02\source\ti\devices\msp432p4xx\driverlib\ccs\</path>
         <kind>archive</kind>
         <file>msp432p4xx_driverlib.lib</file>
         <name>timer_a.o</name>
      </input_file>
      <input_file id="fl-17">
         <path>C:\ti\simplelink_msp432p4_sdk_3_40_01_02\source\ti\devices\msp432p4xx\driverlib\ccs\</path>
         <kind>archive</kind>
         <file>msp432p4xx_driverlib.lib</file>
         <name>uart.o</name>
      </input_file>
      <input_file id="fl-18">
         <path>C:\ti\simplelink_msp432p4_sdk_3_40_01_02\source\ti\devices\msp432p4xx\driverlib\ccs\</path>
         <kind>archive</kind>
         <file>msp432p4xx_driverlib.lib</file>
         <name>cpu.o</name>
      </input_file>
      <input_file id="fl-ce">
         <path>C:\ti\ccs1281\ccs\tools\compiler\ti-cgt-arm_20.2.7.LTS\lib\</path>
         <kind>archive</kind>
         <file>rtsv7M4_T_le_v4SPD16_eabi.lib</file>
         <name>printf.c.obj</name>
      </input_file>
      <input_file id="fl-cf">
         <path>C:\ti\ccs1281\ccs\tools\compiler\ti-cgt-arm_20.2.7.LTS\lib\</path>
         <kind>archive</kind>
         <file>rtsv7M4_T_le_v4SPD16_eabi.lib</file>
         <name>_printfi.c.obj</name>
      </input_file>
      <input_file id="fl-d0">
         <path>C:\ti\ccs1281\ccs\tools\compiler\ti-cgt-arm_20.2.7.LTS\lib\</path>
         <kind>archive</kind>
         <file>rtsv7M4_T_le_v4SPD16_eabi.lib</file>
         <name>fopen.c.obj</name>
      </input_file>
      <input_file id="fl-d1">
         <path>C:\ti\ccs1281\ccs\tools\compiler\ti-cgt-arm_20.2.7.LTS\lib\</path>
         <kind>archive</kind>
         <file>rtsv7M4_T_le_v4SPD16_eabi.lib</file>
         <name>fputc.c.obj</name>
      </input_file>
      <input_file id="fl-d2">
         <path>C:\ti\ccs1281\ccs\tools\compiler\ti-cgt-arm_20.2.7.LTS\lib\</path>
         <kind>archive</kind>
         <file>rtsv7M4_T_le_v4SPD16_eabi.lib</file>
         <name>fputs.c.obj</name>
      </input_file>
      <input_file id="fl-d3">
         <path>C:\ti\ccs1281\ccs\tools\compiler\ti-cgt-arm_20.2.7.LTS\lib\</path>
         <kind>archive</kind>
         <file>rtsv7M4_T_le_v4SPD16_eabi.lib</file>
         <name>_io_perm.c.obj</name>
      </input_file>
      <input_file id="fl-d4">
         <path>C:\ti\ccs1281\ccs\tools\compiler\ti-cgt-arm_20.2.7.LTS\lib\</path>
         <kind>archive</kind>
         <file>rtsv7M4_T_le_v4SPD16_eabi.lib</file>
         <name>setvbuf.c.obj</name>
      </input_file>
      <input_file id="fl-d5">
         <path>C:\ti\ccs1281\ccs\tools\compiler\ti-cgt-arm_20.2.7.LTS\lib\</path>
         <kind>archive</kind>
         <file>rtsv7M4_T_le_v4SPD16_eabi.lib</file>
         <name>fd_add_t2.asm.obj</name>
      </input_file>
      <input_file id="fl-d6">
         <path>C:\ti\ccs1281\ccs\tools\compiler\ti-cgt-arm_20.2.7.LTS\lib\</path>
         <kind>archive</kind>
         <file>rtsv7M4_T_le_v4SPD16_eabi.lib</file>
         <name>fd_cmp_t2.asm.obj</name>
      </input_file>
      <input_file id="fl-d7">
         <path>C:\ti\ccs1281\ccs\tools\compiler\ti-cgt-arm_20.2.7.LTS\lib\</path>
         <kind>archive</kind>
         <file>rtsv7M4_T_le_v4SPD16_eabi.lib</file>
         <name>fd_div_t2.asm.obj</name>
      </input_file>
      <input_file id="fl-d8">
         <path>C:\ti\ccs1281\ccs\tools\compiler\ti-cgt-arm_20.2.7.LTS\lib\</path>
         <kind>archive</kind>
         <file>rtsv7M4_T_le_v4SPD16_eabi.lib</file>
         <name>fd_mul_t2.asm.obj</name>
      </input_file>
      <input_file id="fl-d9">
         <path>C:\ti\ccs1281\ccs\tools\compiler\ti-cgt-arm_20.2.7.LTS\lib\</path>
         <kind>archive</kind>
         <file>rtsv7M4_T_le_v4SPD16_eabi.lib</file>
         <name>fd_toi_t2.asm.obj</name>
      </input_file>
      <input_file id="fl-da">
         <path>C:\ti\ccs1281\ccs\tools\compiler\ti-cgt-arm_20.2.7.LTS\lib\</path>
         <kind>archive</kind>
         <file>rtsv7M4_T_le_v4SPD16_eabi.lib</file>
         <name>fd_tos_t2.asm.obj</name>
      </input_file>
      <input_file id="fl-db">
         <path>C:\ti\ccs1281\ccs\tools\compiler\ti-cgt-arm_20.2.7.LTS\lib\</path>
         <kind>archive</kind>
         <file>rtsv7M4_T_le_v4SPD16_eabi.lib</file>
         <name>fs_tod_t2.asm.obj</name>
      </input_file>
      <input_file id="fl-dc">
         <path>C:\ti\ccs1281\ccs\tools\compiler\ti-cgt-arm_20.2.7.LTS\lib\</path>
         <kind>archive</kind>
         <file>rtsv7M4_T_le_v4SPD16_eabi.lib</file>
         <name>i_tofd_t2.asm.obj</name>
      </input_file>
      <input_file id="fl-dd">
         <path>C:\ti\ccs1281\ccs\tools\compiler\ti-cgt-arm_20.2.7.LTS\lib\</path>
         <kind>archive</kind>
         <file>rtsv7M4_T_le_v4SPD16_eabi.lib</file>
         <name>memcpy_t2.asm.obj</name>
      </input_file>
      <input_file id="fl-de">
         <path>C:\ti\ccs1281\ccs\tools\compiler\ti-cgt-arm_20.2.7.LTS\lib\</path>
         <kind>archive</kind>
         <file>rtsv7M4_T_le_v4SPD16_eabi.lib</file>
         <name>u_tofd_t2.asm.obj</name>
      </input_file>
      <input_file id="fl-df">
         <path>C:\ti\ccs1281\ccs\tools\compiler\ti-cgt-arm_20.2.7.LTS\lib\</path>
         <kind>archive</kind>
         <file>rtsv7M4_T_le_v4SPD16_eabi.lib</file>
         <name>memset_t2.asm.obj</name>
      </input_file>
      <input_file id="fl-e0">
         <path>C:\ti\ccs1281\ccs\tools\compiler\ti-cgt-arm_20.2.7.LTS\lib\</path>
         <kind>archive</kind>
         <file>rtsv7M4_T_le_v4SPD16_eabi.lib</file>
         <name>ull_div_t2.asm.obj</name>
      </input_file>
      <input_file id="fl-e1">
         <path>C:\ti\ccs1281\ccs\tools\compiler\ti-cgt-arm_20.2.7.LTS\lib\</path>
         <kind>archive</kind>
         <file>rtsv7M4_T_le_v4SPD16_eabi.lib</file>
         <name>copy_zero_init.c.obj</name>
      </input_file>
      <input_file id="fl-e2">
         <path>C:\ti\ccs1281\ccs\tools\compiler\ti-cgt-arm_20.2.7.LTS\lib\</path>
         <kind>archive</kind>
         <file>rtsv7M4_T_le_v4SPD16_eabi.lib</file>
         <name>copy_decompress_none.c.obj</name>
      </input_file>
      <input_file id="fl-e3">
         <path>C:\ti\ccs1281\ccs\tools\compiler\ti-cgt-arm_20.2.7.LTS\lib\</path>
         <kind>archive</kind>
         <file>rtsv7M4_T_le_v4SPD16_eabi.lib</file>
         <name>copy_decompress_lzss.c.obj</name>
      </input_file>
      <input_file id="fl-e4">
         <path>C:\ti\ccs1281\ccs\tools\compiler\ti-cgt-arm_20.2.7.LTS\lib\</path>
         <kind>archive</kind>
         <file>rtsv7M4_T_le_v4SPD16_eabi.lib</file>
         <name>exit.c.obj</name>
      </input_file>
      <input_file id="fl-e5">
         <path>C:\ti\ccs1281\ccs\tools\compiler\ti-cgt-arm_20.2.7.LTS\lib\</path>
         <kind>archive</kind>
         <file>rtsv7M4_T_le_v4SPD16_eabi.lib</file>
         <name>_lock.c.obj</name>
      </input_file>
      <input_file id="fl-e6">
         <path>C:\ti\ccs1281\ccs\tools\compiler\ti-cgt-arm_20.2.7.LTS\lib\</path>
         <kind>archive</kind>
         <file>rtsv7M4_T_le_v4SPD16_eabi.lib</file>
         <name>_ltoa.c.obj</name>
      </input_file>
      <input_file id="fl-e7">
         <path>C:\ti\ccs1281\ccs\tools\compiler\ti-cgt-arm_20.2.7.LTS\lib\</path>
         <kind>archive</kind>
         <file>rtsv7M4_T_le_v4SPD16_eabi.lib</file>
         <name>atoi.c.obj</name>
      </input_file>
      <input_file id="fl-e8">
         <path>C:\ti\ccs1281\ccs\tools\compiler\ti-cgt-arm_20.2.7.LTS\lib\</path>
         <kind>archive</kind>
         <file>rtsv7M4_T_le_v4SPD16_eabi.lib</file>
         <name>ctype.c.obj</name>
      </input_file>
      <input_file id="fl-e9">
         <path>C:\ti\ccs1281\ccs\tools\compiler\ti-cgt-arm_20.2.7.LTS\lib\</path>
         <kind>archive</kind>
         <file>rtsv7M4_T_le_v4SPD16_eabi.lib</file>
         <name>defs.c.obj</name>
      </input_file>
      <input_file id="fl-ea">
         <path>C:\ti\ccs1281\ccs\tools\compiler\ti-cgt-arm_20.2.7.LTS\lib\</path>
         <kind>archive</kind>
         <file>rtsv7M4_T_le_v4SPD16_eabi.lib</file>
         <name>memccpy.c.obj</name>
      </input_file>
      <input_file id="fl-eb">
         <path>C:\ti\ccs1281\ccs\tools\compiler\ti-cgt-arm_20.2.7.LTS\lib\</path>
         <kind>archive</kind>
         <file>rtsv7M4_T_le_v4SPD16_eabi.lib</file>
         <name>memchr.c.obj</name>
      </input_file>
      <input_file id="fl-ec">
         <path>C:\ti\ccs1281\ccs\tools\compiler\ti-cgt-arm_20.2.7.LTS\lib\</path>
         <kind>archive</kind>
         <file>rtsv7M4_T_le_v4SPD16_eabi.lib</file>
         <name>memory.c.obj</name>
      </input_file>
      <input_file id="fl-ed">
         <path>C:\ti\ccs1281\ccs\tools\compiler\ti-cgt-arm_20.2.7.LTS\lib\</path>
         <kind>archive</kind>
         <file>rtsv7M4_T_le_v4SPD16_eabi.lib</file>
         <name>strchr.c.obj</name>
      </input_file>
      <input_file id="fl-ee">
         <path>C:\ti\ccs1281\ccs\tools\compiler\ti-cgt-arm_20.2.7.LTS\lib\</path>
         <kind>archive</kind>
         <file>rtsv7M4_T_le_v4SPD16_eabi.lib</file>
         <name>strlen.c.obj</name>
      </input_file>
      <input_file id="fl-ef">
         <path>C:\ti\ccs1281\ccs\tools\compiler\ti-cgt-arm_20.2.7.LTS\lib\</path>
         <kind>archive</kind>
         <file>rtsv7M4_T_le_v4SPD16_eabi.lib</file>
         <name>boot_cortex_m.c.obj</name>
      </input_file>
      <input_file id="fl-f0">
         <path>C:\ti\ccs1281\ccs\tools\compiler\ti-cgt-arm_20.2.7.LTS\lib\</path>
         <kind>archive</kind>
         <file>rtsv7M4_T_le_v4SPD16_eabi.lib</file>
         <name>write.c.obj</name>
      </input_file>
      <input_file id="fl-f1">
         <path>C:\ti\ccs1281\ccs\tools\compiler\ti-cgt-arm_20.2.7.LTS\lib\</path>
         <kind>archive</kind>
         <file>rtsv7M4_T_le_v4SPD16_eabi.lib</file>
         <name>host_device.c.obj</name>
      </input_file>
      <input_file id="fl-f2">
         <path>C:\ti\ccs1281\ccs\tools\compiler\ti-cgt-arm_20.2.7.LTS\lib\</path>
         <kind>archive</kind>
         <file>rtsv7M4_T_le_v4SPD16_eabi.lib</file>
         <name>open.c.obj</name>
      </input_file>
      <input_file id="fl-f3">
         <path>C:\ti\ccs1281\ccs\tools\compiler\ti-cgt-arm_20.2.7.LTS\lib\</path>
         <kind>archive</kind>
         <file>rtsv7M4_T_le_v4SPD16_eabi.lib</file>
         <name>add_device.c.obj</name>
      </input_file>
      <input_file id="fl-f4">
         <path>C:\ti\ccs1281\ccs\tools\compiler\ti-cgt-arm_20.2.7.LTS\lib\</path>
         <kind>archive</kind>
         <file>rtsv7M4_T_le_v4SPD16_eabi.lib</file>
         <name>errno.c.obj</name>
      </input_file>
      <input_file id="fl-f5">
         <path>C:\ti\ccs1281\ccs\tools\compiler\ti-cgt-arm_20.2.7.LTS\lib\</path>
         <kind>archive</kind>
         <file>rtsv7M4_T_le_v4SPD16_eabi.lib</file>
         <name>wcslen.c.obj</name>
      </input_file>
      <input_file id="fl-f6">
         <path>C:\ti\ccs1281\ccs\tools\compiler\ti-cgt-arm_20.2.7.LTS\lib\</path>
         <kind>archive</kind>
         <file>rtsv7M4_T_le_v4SPD16_eabi.lib</file>
         <name>s_frexp.c.obj</name>
      </input_file>
      <input_file id="fl-f7">
         <path>C:\ti\ccs1281\ccs\tools\compiler\ti-cgt-arm_20.2.7.LTS\lib\</path>
         <kind>archive</kind>
         <file>rtsv7M4_T_le_v4SPD16_eabi.lib</file>
         <name>s_scalbn.c.obj</name>
      </input_file>
      <input_file id="fl-f8">
         <path>C:\ti\ccs1281\ccs\tools\compiler\ti-cgt-arm_20.2.7.LTS\lib\</path>
         <kind>archive</kind>
         <file>rtsv7M4_T_le_v4SPD16_eabi.lib</file>
         <name>fclose.c.obj</name>
      </input_file>
      <input_file id="fl-f9">
         <path>C:\ti\ccs1281\ccs\tools\compiler\ti-cgt-arm_20.2.7.LTS\lib\</path>
         <kind>archive</kind>
         <file>rtsv7M4_T_le_v4SPD16_eabi.lib</file>
         <name>fflush.c.obj</name>
      </input_file>
      <input_file id="fl-fa">
         <path>C:\ti\ccs1281\ccs\tools\compiler\ti-cgt-arm_20.2.7.LTS\lib\</path>
         <kind>archive</kind>
         <file>rtsv7M4_T_le_v4SPD16_eabi.lib</file>
         <name>fseek.c.obj</name>
      </input_file>
      <input_file id="fl-fb">
         <path>C:\ti\ccs1281\ccs\tools\compiler\ti-cgt-arm_20.2.7.LTS\lib\</path>
         <kind>archive</kind>
         <file>rtsv7M4_T_le_v4SPD16_eabi.lib</file>
         <name>getdevice.c.obj</name>
      </input_file>
      <input_file id="fl-fc">
         <path>C:\ti\ccs1281\ccs\tools\compiler\ti-cgt-arm_20.2.7.LTS\lib\</path>
         <kind>archive</kind>
         <file>rtsv7M4_T_le_v4SPD16_eabi.lib</file>
         <name>div0.asm.obj</name>
      </input_file>
      <input_file id="fl-fd">
         <path>C:\ti\ccs1281\ccs\tools\compiler\ti-cgt-arm_20.2.7.LTS\lib\</path>
         <kind>archive</kind>
         <file>rtsv7M4_T_le_v4SPD16_eabi.lib</file>
         <name>autoinit.c.obj</name>
      </input_file>
      <input_file id="fl-fe">
         <path>C:\ti\ccs1281\ccs\tools\compiler\ti-cgt-arm_20.2.7.LTS\lib\</path>
         <kind>archive</kind>
         <file>rtsv7M4_T_le_v4SPD16_eabi.lib</file>
         <name>pre_init.c.obj</name>
      </input_file>
      <input_file id="fl-ff">
         <path>C:\ti\ccs1281\ccs\tools\compiler\ti-cgt-arm_20.2.7.LTS\lib\</path>
         <kind>archive</kind>
         <file>rtsv7M4_T_le_v4SPD16_eabi.lib</file>
         <name>cpy_tbl.c.obj</name>
      </input_file>
      <input_file id="fl-100">
         <path>C:\ti\ccs1281\ccs\tools\compiler\ti-cgt-arm_20.2.7.LTS\lib\</path>
         <kind>archive</kind>
         <file>rtsv7M4_T_le_v4SPD16_eabi.lib</file>
         <name>args_main.c.obj</name>
      </input_file>
      <input_file id="fl-101">
         <path>C:\ti\ccs1281\ccs\tools\compiler\ti-cgt-arm_20.2.7.LTS\lib\</path>
         <kind>archive</kind>
         <file>rtsv7M4_T_le_v4SPD16_eabi.lib</file>
         <name>strcmp.c.obj</name>
      </input_file>
      <input_file id="fl-102">
         <path>C:\ti\ccs1281\ccs\tools\compiler\ti-cgt-arm_20.2.7.LTS\lib\</path>
         <kind>archive</kind>
         <file>rtsv7M4_T_le_v4SPD16_eabi.lib</file>
         <name>strncpy.c.obj</name>
      </input_file>
      <input_file id="fl-103">
         <path>C:\ti\ccs1281\ccs\tools\compiler\ti-cgt-arm_20.2.7.LTS\lib\</path>
         <kind>archive</kind>
         <file>rtsv7M4_T_le_v4SPD16_eabi.lib</file>
         <name>hostclose.c.obj</name>
      </input_file>
      <input_file id="fl-104">
         <path>C:\ti\ccs1281\ccs\tools\compiler\ti-cgt-arm_20.2.7.LTS\lib\</path>
         <kind>archive</kind>
         <file>rtsv7M4_T_le_v4SPD16_eabi.lib</file>
         <name>hostlseek.c.obj</name>
      </input_file>
      <input_file id="fl-105">
         <path>C:\ti\ccs1281\ccs\tools\compiler\ti-cgt-arm_20.2.7.LTS\lib\</path>
         <kind>archive</kind>
         <file>rtsv7M4_T_le_v4SPD16_eabi.lib</file>
         <name>hostopen.c.obj</name>
      </input_file>
      <input_file id="fl-106">
         <path>C:\ti\ccs1281\ccs\tools\compiler\ti-cgt-arm_20.2.7.LTS\lib\</path>
         <kind>archive</kind>
         <file>rtsv7M4_T_le_v4SPD16_eabi.lib</file>
         <name>hostread.c.obj</name>
      </input_file>
      <input_file id="fl-107">
         <path>C:\ti\ccs1281\ccs\tools\compiler\ti-cgt-arm_20.2.7.LTS\lib\</path>
         <kind>archive</kind>
         <file>rtsv7M4_T_le_v4SPD16_eabi.lib</file>
         <name>hostrename.c.obj</name>
      </input_file>
      <input_file id="fl-108">
         <path>C:\ti\ccs1281\ccs\tools\compiler\ti-cgt-arm_20.2.7.LTS\lib\</path>
         <kind>archive</kind>
         <file>rtsv7M4_T_le_v4SPD16_eabi.lib</file>
         <name>hostunlink.c.obj</name>
      </input_file>
      <input_file id="fl-109">
         <path>C:\ti\ccs1281\ccs\tools\compiler\ti-cgt-arm_20.2.7.LTS\lib\</path>
         <kind>archive</kind>
         <file>rtsv7M4_T_le_v4SPD16_eabi.lib</file>
         <name>hostwrite.c.obj</name>
      </input_file>
      <input_file id="fl-10a">
         <path>C:\ti\ccs1281\ccs\tools\compiler\ti-cgt-arm_20.2.7.LTS\lib\</path>
         <kind>archive</kind>
         <file>rtsv7M4_T_le_v4SPD16_eabi.lib</file>
         <name>trgmsg.c.obj</name>
      </input_file>
      <input_file id="fl-10b">
         <path>C:\ti\ccs1281\ccs\tools\compiler\ti-cgt-arm_20.2.7.LTS\lib\</path>
         <kind>archive</kind>
         <file>rtsv7M4_T_le_v4SPD16_eabi.lib</file>
         <name>remove.c.obj</name>
      </input_file>
      <input_file id="fl-10c">
         <path>C:\ti\ccs1281\ccs\tools\compiler\ti-cgt-arm_20.2.7.LTS\lib\</path>
         <kind>archive</kind>
         <file>rtsv7M4_T_le_v4SPD16_eabi.lib</file>
         <name>lseek.c.obj</name>
      </input_file>
      <input_file id="fl-10d">
         <path>C:\ti\ccs1281\ccs\tools\compiler\ti-cgt-arm_20.2.7.LTS\lib\</path>
         <kind>archive</kind>
         <file>rtsv7M4_T_le_v4SPD16_eabi.lib</file>
         <name>close.c.obj</name>
      </input_file>
      <input_file id="fl-10e">
         <path>C:\ti\ccs1281\ccs\tools\compiler\ti-cgt-arm_20.2.7.LTS\lib\</path>
         <kind>archive</kind>
         <file>rtsv7M4_T_le_v4SPD16_eabi.lib</file>
         <name>s_copysign.c.obj</name>
      </input_file>
      <input_file id="fl-10f">
         <path>C:\ti\ccs1281\ccs\tools\compiler\ti-cgt-arm_20.2.7.LTS\lib\</path>
         <kind>archive</kind>
         <file>rtsv7M4_T_le_v4SPD16_eabi.lib</file>
         <name>strcpy.c.obj</name>
      </input_file>
      <input_file id="fl-110">
         <path>C:\ti\ccs1281\ccs\tools\compiler\ti-cgt-arm_20.2.7.LTS\lib\</path>
         <kind>archive</kind>
         <file>rtsv7M4_T_le_v4SPD16_eabi.lib</file>
         <name>unlink.c.obj</name>
      </input_file>
   </input_file_list>
   <object_component_list>
      <object_component id="oc-26">
         <name>.intvecs:retain</name>
         <load_address>0x0</load_address>
         <run_address>0x0</run_address>
         <size>0xe4</size>
         <input_file_ref idref="fl-4"/>
      </object_component>
      <object_component id="oc-25f">
         <name>.text:__TI_printfi</name>
         <load_address>0xe4</load_address>
         <run_address>0xe4</run_address>
         <size>0xa4e</size>
         <input_file_ref idref="fl-cf"/>
      </object_component>
      <object_component id="oc-70">
         <name>.text:Default_Handler</name>
         <load_address>0xb32</load_address>
         <run_address>0xb32</run_address>
         <size>0x2</size>
         <input_file_ref idref="fl-4"/>
      </object_component>
      <object_component id="oc-a0">
         <name>.text:main</name>
         <load_address>0xb34</load_address>
         <run_address>0xb34</run_address>
         <size>0x8d8</size>
         <input_file_ref idref="fl-2"/>
      </object_component>
      <object_component id="oc-377">
         <name>.text:_pconv_a</name>
         <load_address>0x140c</load_address>
         <run_address>0x140c</run_address>
         <size>0x270</size>
         <input_file_ref idref="fl-cf"/>
      </object_component>
      <object_component id="oc-365">
         <name>.text:_pconv_g</name>
         <load_address>0x167c</load_address>
         <run_address>0x167c</run_address>
         <size>0x1d0</size>
         <input_file_ref idref="fl-cf"/>
      </object_component>
      <object_component id="oc-120">
         <name>.text</name>
         <load_address>0x184c</load_address>
         <run_address>0x184c</run_address>
         <size>0x1b6</size>
         <input_file_ref idref="fl-d5"/>
      </object_component>
      <object_component id="oc-39b">
         <name>.text:_nop</name>
         <load_address>0x1a02</load_address>
         <run_address>0x1a02</run_address>
         <size>0x2</size>
         <input_file_ref idref="fl-e5"/>
      </object_component>
      <object_component id="oc-ef">
         <name>.text:TimerInit</name>
         <load_address>0x1a04</load_address>
         <run_address>0x1a04</run_address>
         <size>0x1a0</size>
         <input_file_ref idref="fl-2"/>
      </object_component>
      <object_component id="oc-215">
         <name>.text:Encoder_ISR</name>
         <load_address>0x1ba4</load_address>
         <run_address>0x1ba4</run_address>
         <size>0x18c</size>
         <input_file_ref idref="fl-2"/>
      </object_component>
      <object_component id="oc-232">
         <name>.text:_getIndexForMemRegister</name>
         <load_address>0x1d30</load_address>
         <run_address>0x1d30</run_address>
         <size>0x160</size>
         <input_file_ref idref="fl-10"/>
      </object_component>
      <object_component id="oc-300">
         <name>.text:privateTimer_AProcessClockSourceDivider</name>
         <load_address>0x1e90</load_address>
         <run_address>0x1e90</run_address>
         <size>0x144</size>
         <input_file_ref idref="fl-16"/>
      </object_component>
      <object_component id="oc-371">
         <name>.text:_pconv_e</name>
         <load_address>0x1fd4</load_address>
         <run_address>0x1fd4</run_address>
         <size>0x13c</size>
         <input_file_ref idref="fl-cf"/>
      </object_component>
      <object_component id="oc-10c">
         <name>.text</name>
         <load_address>0x2110</load_address>
         <run_address>0x2110</run_address>
         <size>0x136</size>
         <input_file_ref idref="fl-d7"/>
      </object_component>
      <object_component id="oc-5a5">
         <name>.text</name>
         <load_address>0x2246</load_address>
         <run_address>0x2246</run_address>
         <size>0x2</size>
         <input_file_ref idref="fl-fc"/>
      </object_component>
      <object_component id="oc-2a7">
         <name>.text:CS_initClockSignal</name>
         <load_address>0x2248</load_address>
         <run_address>0x2248</run_address>
         <size>0x130</size>
         <input_file_ref idref="fl-11"/>
      </object_component>
      <object_component id="oc-499">
         <name>.text:fcvt</name>
         <load_address>0x2378</load_address>
         <run_address>0x2378</run_address>
         <size>0x124</size>
         <input_file_ref idref="fl-cf"/>
      </object_component>
      <object_component id="oc-426">
         <name>.text:UART_initModule</name>
         <load_address>0x249c</load_address>
         <run_address>0x249c</run_address>
         <size>0x11c</size>
         <input_file_ref idref="fl-17"/>
      </object_component>
      <object_component id="oc-3a9">
         <name>.text:fputs</name>
         <load_address>0x25b8</load_address>
         <run_address>0x25b8</run_address>
         <size>0x114</size>
         <input_file_ref idref="fl-d2"/>
      </object_component>
      <object_component id="oc-3f9">
         <name>.text:_openfile</name>
         <load_address>0x26cc</load_address>
         <run_address>0x26cc</run_address>
         <size>0x110</size>
         <input_file_ref idref="fl-d0"/>
      </object_component>
      <object_component id="oc-4ad">
         <name>.text:scalbn</name>
         <load_address>0x27dc</load_address>
         <run_address>0x27dc</run_address>
         <size>0x110</size>
         <input_file_ref idref="fl-f7"/>
      </object_component>
      <object_component id="oc-584">
         <name>.text:aligned_alloc</name>
         <load_address>0x28ec</load_address>
         <run_address>0x28ec</run_address>
         <size>0x100</size>
         <input_file_ref idref="fl-ec"/>
      </object_component>
      <object_component id="oc-11b">
         <name>.text</name>
         <load_address>0x29ec</load_address>
         <run_address>0x29ec</run_address>
         <size>0xfc</size>
         <input_file_ref idref="fl-d8"/>
      </object_component>
      <object_component id="oc-3d9">
         <name>.text:CS_startHFXTWithTimeout</name>
         <load_address>0x2ae8</load_address>
         <run_address>0x2ae8</run_address>
         <size>0xe4</size>
         <input_file_ref idref="fl-11"/>
      </object_component>
      <object_component id="oc-401">
         <name>.text:free</name>
         <load_address>0x2bcc</load_address>
         <run_address>0x2bcc</run_address>
         <size>0xe4</size>
         <input_file_ref idref="fl-ec"/>
      </object_component>
      <object_component id="oc-514">
         <name>.text:_CSGetHFXTFrequency</name>
         <load_address>0x2cb0</load_address>
         <run_address>0x2cb0</run_address>
         <size>0xdc</size>
         <input_file_ref idref="fl-11"/>
      </object_component>
      <object_component id="oc-2ba">
         <name>.text:setvbuf</name>
         <load_address>0x2d8c</load_address>
         <run_address>0x2d8c</run_address>
         <size>0xdc</size>
         <input_file_ref idref="fl-d4"/>
      </object_component>
      <object_component id="oc-203">
         <name>.text:Timer_A_registerInterrupt</name>
         <load_address>0x2e68</load_address>
         <run_address>0x2e68</run_address>
         <size>0xd2</size>
         <input_file_ref idref="fl-16"/>
      </object_component>
      <object_component id="oc-56e">
         <name>.text:open</name>
         <load_address>0x2f3c</load_address>
         <run_address>0x2f3c</run_address>
         <size>0xbc</size>
         <input_file_ref idref="fl-f2"/>
      </object_component>
      <object_component id="oc-2ae">
         <name>.text:add_device</name>
         <load_address>0x2ff8</load_address>
         <run_address>0x2ff8</run_address>
         <size>0xb8</size>
         <input_file_ref idref="fl-f3"/>
      </object_component>
      <object_component id="oc-1d2">
         <name>.text:ADC14_configureConversionMemory</name>
         <load_address>0x30b0</load_address>
         <run_address>0x30b0</run_address>
         <size>0xb4</size>
         <input_file_ref idref="fl-10"/>
      </object_component>
      <object_component id="oc-1d8">
         <name>.text:ADC14_configureMultiSequenceMode</name>
         <load_address>0x3164</load_address>
         <run_address>0x3164</run_address>
         <size>0xb4</size>
         <input_file_ref idref="fl-10"/>
      </object_component>
      <object_component id="oc-35a">
         <name>.text:_ltostr</name>
         <load_address>0x3218</load_address>
         <run_address>0x3218</run_address>
         <size>0xb1</size>
         <input_file_ref idref="fl-cf"/>
      </object_component>
      <object_component id="oc-1a6">
         <name>.text:init_std_uart</name>
         <load_address>0x32cc</load_address>
         <run_address>0x32cc</run_address>
         <size>0x9c</size>
         <input_file_ref idref="fl-3"/>
      </object_component>
      <object_component id="oc-3a">
         <name>.text</name>
         <load_address>0x3368</load_address>
         <run_address>0x3368</run_address>
         <size>0x9c</size>
         <input_file_ref idref="fl-dd"/>
      </object_component>
      <object_component id="oc-b2">
         <name>.text:SystemInit</name>
         <load_address>0x3404</load_address>
         <run_address>0x3404</run_address>
         <size>0x98</size>
         <input_file_ref idref="fl-5"/>
      </object_component>
      <object_component id="oc-47f">
         <name>.text</name>
         <load_address>0x349c</load_address>
         <run_address>0x349c</run_address>
         <size>0x96</size>
         <input_file_ref idref="fl-e0"/>
      </object_component>
      <object_component id="oc-3b0">
         <name>.text:fputc</name>
         <load_address>0x3534</load_address>
         <run_address>0x3534</run_address>
         <size>0x8c</size>
         <input_file_ref idref="fl-d1"/>
      </object_component>
      <object_component id="oc-1b9">
         <name>.text:GPIO_setAsPeripheralModuleFunctionInputPin</name>
         <load_address>0x35c0</load_address>
         <run_address>0x35c0</run_address>
         <size>0x88</size>
         <input_file_ref idref="fl-12"/>
      </object_component>
      <object_component id="oc-1b3">
         <name>.text:GPIO_setAsPeripheralModuleFunctionOutputPin</name>
         <load_address>0x3648</load_address>
         <run_address>0x3648</run_address>
         <size>0x88</size>
         <input_file_ref idref="fl-12"/>
      </object_component>
      <object_component id="oc-360">
         <name>.text:__aeabi_cdcmple</name>
         <load_address>0x36d0</load_address>
         <run_address>0x36d0</run_address>
         <size>0x86</size>
         <input_file_ref idref="fl-d6"/>
      </object_component>
      <object_component id="oc-143">
         <name>.text:__aeabi_cdrcmple</name>
         <load_address>0x3756</load_address>
         <run_address>0x3756</run_address>
         <size>0x86</size>
         <input_file_ref idref="fl-d6"/>
      </object_component>
      <object_component id="oc-311">
         <name>.text:Interrupt_enableInterrupt</name>
         <load_address>0x37dc</load_address>
         <run_address>0x37dc</run_address>
         <size>0x80</size>
         <input_file_ref idref="fl-14"/>
      </object_component>
      <object_component id="oc-2e1">
         <name>.text:dopen</name>
         <load_address>0x385c</load_address>
         <run_address>0x385c</run_address>
         <size>0x80</size>
         <input_file_ref idref="fl-3"/>
      </object_component>
      <object_component id="oc-94">
         <name>.text</name>
         <load_address>0x38dc</load_address>
         <run_address>0x38dc</run_address>
         <size>0x7a</size>
         <input_file_ref idref="fl-df"/>
      </object_component>
      <object_component id="oc-3f3">
         <name>.text:__TI_closefile</name>
         <load_address>0x3958</load_address>
         <run_address>0x3958</run_address>
         <size>0x74</size>
         <input_file_ref idref="fl-f8"/>
      </object_component>
      <object_component id="oc-62f">
         <name>.text:split</name>
         <load_address>0x39cc</load_address>
         <run_address>0x39cc</run_address>
         <size>0x70</size>
         <input_file_ref idref="fl-ec"/>
      </object_component>
      <object_component id="oc-492">
         <name>.text:_mcpy</name>
         <load_address>0x3a3c</load_address>
         <run_address>0x3a3c</run_address>
         <size>0x6e</size>
         <input_file_ref idref="fl-cf"/>
      </object_component>
      <object_component id="oc-111">
         <name>.text</name>
         <load_address>0x3aaa</load_address>
         <run_address>0x3aaa</run_address>
         <size>0x6e</size>
         <input_file_ref idref="fl-da"/>
      </object_component>
      <object_component id="oc-54f">
         <name>.text:HOSTrename</name>
         <load_address>0x3b18</load_address>
         <run_address>0x3b18</run_address>
         <size>0x6c</size>
         <input_file_ref idref="fl-107"/>
      </object_component>
      <object_component id="oc-543">
         <name>.text:HOSTlseek</name>
         <load_address>0x3b84</load_address>
         <run_address>0x3b84</run_address>
         <size>0x68</size>
         <input_file_ref idref="fl-104"/>
      </object_component>
      <object_component id="oc-1eb">
         <name>.text:Timer_A_configureUpMode</name>
         <load_address>0x3bec</load_address>
         <run_address>0x3bec</run_address>
         <size>0x68</size>
         <input_file_ref idref="fl-16"/>
      </object_component>
      <object_component id="oc-17">
         <name>.text:decompress:lzss:__TI_decompress_lzss</name>
         <load_address>0x3c54</load_address>
         <run_address>0x3c54</run_address>
         <size>0x68</size>
         <input_file_ref idref="fl-e3"/>
      </object_component>
      <object_component id="oc-148">
         <name>.text:printf</name>
         <load_address>0x3cbc</load_address>
         <run_address>0x3cbc</run_address>
         <size>0x68</size>
         <input_file_ref idref="fl-ce"/>
      </object_component>
      <object_component id="oc-4a7">
         <name>.text:frexp</name>
         <load_address>0x3d24</load_address>
         <run_address>0x3d24</run_address>
         <size>0x64</size>
         <input_file_ref idref="fl-f6"/>
      </object_component>
      <object_component id="oc-5d4">
         <name>.text:fseek</name>
         <load_address>0x3d88</load_address>
         <run_address>0x3d88</run_address>
         <size>0x64</size>
         <input_file_ref idref="fl-fa"/>
      </object_component>
      <object_component id="oc-4de">
         <name>.text:__TI_wrt_ok</name>
         <load_address>0x3dec</load_address>
         <run_address>0x3dec</run_address>
         <size>0x62</size>
         <input_file_ref idref="fl-d3"/>
      </object_component>
      <object_component id="oc-52b">
         <name>.text:HOSTopen</name>
         <load_address>0x3e50</load_address>
         <run_address>0x3e50</run_address>
         <size>0x60</size>
         <input_file_ref idref="fl-105"/>
      </object_component>
      <object_component id="oc-30b">
         <name>.text:Interrupt_registerInterrupt</name>
         <load_address>0x3eb0</load_address>
         <run_address>0x3eb0</run_address>
         <size>0x5c</size>
         <input_file_ref idref="fl-14"/>
      </object_component>
      <object_component id="oc-55f">
         <name>.text:close</name>
         <load_address>0x3f0c</load_address>
         <run_address>0x3f0c</run_address>
         <size>0x5c</size>
         <input_file_ref idref="fl-10d"/>
      </object_component>
      <object_component id="oc-537">
         <name>.text:HOSTread</name>
         <load_address>0x3f68</load_address>
         <run_address>0x3f68</run_address>
         <size>0x58</size>
         <input_file_ref idref="fl-106"/>
      </object_component>
      <object_component id="oc-53d">
         <name>.text:HOSTwrite</name>
         <load_address>0x3fc0</load_address>
         <run_address>0x3fc0</run_address>
         <size>0x58</size>
         <input_file_ref idref="fl-109"/>
      </object_component>
      <object_component id="oc-1fd">
         <name>.text:Timer_A_initCapture</name>
         <load_address>0x4018</load_address>
         <run_address>0x4018</run_address>
         <size>0x58</size>
         <input_file_ref idref="fl-16"/>
      </object_component>
      <object_component id="oc-36b">
         <name>.text:_pconv_f</name>
         <load_address>0x4070</load_address>
         <run_address>0x4070</run_address>
         <size>0x56</size>
         <input_file_ref idref="fl-cf"/>
      </object_component>
      <object_component id="oc-1c6">
         <name>.text:ADC14_initModule</name>
         <load_address>0x40c8</load_address>
         <run_address>0x40c8</run_address>
         <size>0x54</size>
         <input_file_ref idref="fl-10"/>
      </object_component>
      <object_component id="oc-486">
         <name>.text:__TI_ltoa</name>
         <load_address>0x411c</load_address>
         <run_address>0x411c</run_address>
         <size>0x54</size>
         <input_file_ref idref="fl-e6"/>
      </object_component>
      <object_component id="oc-2c3">
         <name>.text:dread</name>
         <load_address>0x4170</load_address>
         <run_address>0x4170</run_address>
         <size>0x54</size>
         <input_file_ref idref="fl-3"/>
      </object_component>
      <object_component id="oc-e9">
         <name>.text:ADCInit</name>
         <load_address>0x41c4</load_address>
         <run_address>0x41c4</run_address>
         <size>0x52</size>
         <input_file_ref idref="fl-2"/>
      </object_component>
      <object_component id="oc-48c">
         <name>.text:_ecpy</name>
         <load_address>0x4216</load_address>
         <run_address>0x4216</run_address>
         <size>0x52</size>
         <input_file_ref idref="fl-cf"/>
      </object_component>
      <object_component id="oc-1f1">
         <name>.text:Timer_A_initCompare</name>
         <load_address>0x4268</load_address>
         <run_address>0x4268</run_address>
         <size>0x4e</size>
         <input_file_ref idref="fl-16"/>
      </object_component>
      <object_component id="oc-e3">
         <name>.text:GPIOInit</name>
         <load_address>0x42b6</load_address>
         <run_address>0x42b6</run_address>
         <size>0x4c</size>
         <input_file_ref idref="fl-2"/>
      </object_component>
      <object_component id="oc-4ea">
         <name>.text:__TI_doflush</name>
         <load_address>0x4302</load_address>
         <run_address>0x4302</run_address>
         <size>0x4c</size>
         <input_file_ref idref="fl-f9"/>
      </object_component>
      <object_component id="oc-354">
         <name>.text:atoi</name>
         <load_address>0x4350</load_address>
         <run_address>0x4350</run_address>
         <size>0x4c</size>
         <input_file_ref idref="fl-e7"/>
      </object_component>
      <object_component id="oc-2c9">
         <name>.text:dwrite</name>
         <load_address>0x439c</load_address>
         <run_address>0x439c</run_address>
         <size>0x48</size>
         <input_file_ref idref="fl-3"/>
      </object_component>
      <object_component id="oc-162">
         <name>.text:exit</name>
         <load_address>0x43e4</load_address>
         <run_address>0x43e4</run_address>
         <size>0x48</size>
         <input_file_ref idref="fl-e4"/>
      </object_component>
      <object_component id="oc-125">
         <name>.text</name>
         <load_address>0x442c</load_address>
         <run_address>0x442c</run_address>
         <size>0x48</size>
         <input_file_ref idref="fl-d9"/>
      </object_component>
      <object_component id="oc-531">
         <name>.text:HOSTclose</name>
         <load_address>0x4474</load_address>
         <run_address>0x4474</run_address>
         <size>0x44</size>
         <input_file_ref idref="fl-103"/>
      </object_component>
      <object_component id="oc-549">
         <name>.text:HOSTunlink</name>
         <load_address>0x44b8</load_address>
         <run_address>0x44b8</run_address>
         <size>0x44</size>
         <input_file_ref idref="fl-108"/>
      </object_component>
      <object_component id="oc-168">
         <name>.text:__TI_auto_init_nobinit_nopinit:__TI_auto_init_nobinit_nopinit</name>
         <load_address>0x44fc</load_address>
         <run_address>0x44fc</run_address>
         <size>0x44</size>
         <input_file_ref idref="fl-fd"/>
      </object_component>
      <object_component id="oc-61d">
         <name>.text:getdevice</name>
         <load_address>0x4540</load_address>
         <run_address>0x4540</run_address>
         <size>0x44</size>
         <input_file_ref idref="fl-fb"/>
      </object_component>
      <object_component id="oc-1ad">
         <name>.text:GPIO_setAsOutputPin</name>
         <load_address>0x4584</load_address>
         <run_address>0x4584</run_address>
         <size>0x40</size>
         <input_file_ref idref="fl-12"/>
      </object_component>
      <object_component id="oc-49f">
         <name>.text:_fcpy</name>
         <load_address>0x45c4</load_address>
         <run_address>0x45c4</run_address>
         <size>0x3e</size>
         <input_file_ref idref="fl-cf"/>
      </object_component>
      <object_component id="oc-1a0">
         <name>.text:init_hfxtclk</name>
         <load_address>0x4604</load_address>
         <run_address>0x4604</run_address>
         <size>0x3c</size>
         <input_file_ref idref="fl-3"/>
      </object_component>
      <object_component id="oc-325">
         <name>.text:Timer_A_getCaptureCompareEnabledInterruptStatus</name>
         <load_address>0x4640</load_address>
         <run_address>0x4640</run_address>
         <size>0x38</size>
         <input_file_ref idref="fl-16"/>
      </object_component>
      <object_component id="oc-5f2">
         <name>.text:__TI_writemsg</name>
         <load_address>0x4678</load_address>
         <run_address>0x4678</run_address>
         <size>0x38</size>
         <input_file_ref idref="fl-10a"/>
      </object_component>
      <object_component id="oc-116">
         <name>.text</name>
         <load_address>0x46b0</load_address>
         <run_address>0x46b0</run_address>
         <size>0x38</size>
         <input_file_ref idref="fl-db"/>
      </object_component>
      <object_component id="oc-3e7">
         <name>.text:strncpy</name>
         <load_address>0x46e8</load_address>
         <run_address>0x46e8</run_address>
         <size>0x36</size>
         <input_file_ref idref="fl-102"/>
      </object_component>
      <object_component id="oc-1de">
         <name>.text:ADC14_enableSampleTimer</name>
         <load_address>0x4720</load_address>
         <run_address>0x4720</run_address>
         <size>0x34</size>
         <input_file_ref idref="fl-10"/>
      </object_component>
      <object_component id="oc-1f7">
         <name>.text:Timer_A_configureContinuousMode</name>
         <load_address>0x4754</load_address>
         <run_address>0x4754</run_address>
         <size>0x34</size>
         <input_file_ref idref="fl-16"/>
      </object_component>
      <object_component id="oc-40d">
         <name>.text:__TI_cleanup</name>
         <load_address>0x4788</load_address>
         <run_address>0x4788</run_address>
         <size>0x34</size>
         <input_file_ref idref="fl-d0"/>
      </object_component>
      <object_component id="oc-5f8">
         <name>.text:__TI_readmsg</name>
         <load_address>0x47bc</load_address>
         <run_address>0x47bc</run_address>
         <size>0x34</size>
         <input_file_ref idref="fl-10a"/>
      </object_component>
      <object_component id="oc-58">
         <name>.text:_c_int00_noargs:_c_int00_noargs</name>
         <load_address>0x47f0</load_address>
         <run_address>0x47f0</run_address>
         <size>0x34</size>
         <input_file_ref idref="fl-ef"/>
      </object_component>
      <object_component id="oc-2b4">
         <name>.text:freopen</name>
         <load_address>0x4824</load_address>
         <run_address>0x4824</run_address>
         <size>0x34</size>
         <input_file_ref idref="fl-d0"/>
      </object_component>
      <object_component id="oc-3e1">
         <name>.text:finddevice</name>
         <load_address>0x4858</load_address>
         <run_address>0x4858</run_address>
         <size>0x30</size>
         <input_file_ref idref="fl-fb"/>
      </object_component>
      <object_component id="oc-133">
         <name>.text</name>
         <load_address>0x4888</load_address>
         <run_address>0x4888</run_address>
         <size>0x2e</size>
         <input_file_ref idref="fl-dc"/>
      </object_component>
      <object_component id="oc-fb">
         <name>.text:ADC14_toggleConversionTrigger</name>
         <load_address>0x48b8</load_address>
         <run_address>0x48b8</run_address>
         <size>0x2c</size>
         <input_file_ref idref="fl-10"/>
      </object_component>
      <object_component id="oc-32b">
         <name>.text:Timer_A_clearCaptureCompareInterrupt</name>
         <load_address>0x48e4</load_address>
         <run_address>0x48e4</run_address>
         <size>0x2c</size>
         <input_file_ref idref="fl-16"/>
      </object_component>
      <object_component id="oc-565">
         <name>.text:unlink</name>
         <load_address>0x4910</load_address>
         <run_address>0x4910</run_address>
         <size>0x2c</size>
         <input_file_ref idref="fl-110"/>
      </object_component>
      <object_component id="oc-1e4">
         <name>.text:ADC14_enableConversion</name>
         <load_address>0x493c</load_address>
         <run_address>0x493c</run_address>
         <size>0x28</size>
         <input_file_ref idref="fl-10"/>
      </object_component>
      <object_component id="oc-101">
         <name>.text:ADC14_getResult</name>
         <load_address>0x4964</load_address>
         <run_address>0x4964</run_address>
         <size>0x28</size>
         <input_file_ref idref="fl-10"/>
      </object_component>
      <object_component id="oc-f5">
         <name>.text:GPIO_setOutputHighOnPin</name>
         <load_address>0x498c</load_address>
         <run_address>0x498c</run_address>
         <size>0x28</size>
         <input_file_ref idref="fl-12"/>
      </object_component>
      <object_component id="oc-138">
         <name>.text:GPIO_setOutputLowOnPin</name>
         <load_address>0x49b4</load_address>
         <run_address>0x49b4</run_address>
         <size>0x28</size>
         <input_file_ref idref="fl-12"/>
      </object_component>
      <object_component id="oc-46d">
         <name>.text:Timer_A_getCaptureCompareInterruptStatus</name>
         <load_address>0x49dc</load_address>
         <run_address>0x49dc</run_address>
         <size>0x28</size>
         <input_file_ref idref="fl-16"/>
      </object_component>
      <object_component id="oc-12a">
         <name>.text:Timer_A_setCompareValue</name>
         <load_address>0x4a04</load_address>
         <run_address>0x4a04</run_address>
         <size>0x28</size>
         <input_file_ref idref="fl-16"/>
      </object_component>
      <object_component id="oc-57d">
         <name>.text:free_list_insert</name>
         <load_address>0x4a2c</load_address>
         <run_address>0x4a2c</run_address>
         <size>0x28</size>
         <input_file_ref idref="fl-ec"/>
      </object_component>
      <object_component id="oc-652">
         <name>.text:lseek</name>
         <load_address>0x4a54</load_address>
         <run_address>0x4a54</run_address>
         <size>0x28</size>
         <input_file_ref idref="fl-10c"/>
      </object_component>
      <object_component id="oc-4f0">
         <name>.text:write</name>
         <load_address>0x4a7c</load_address>
         <run_address>0x4a7c</run_address>
         <size>0x28</size>
         <input_file_ref idref="fl-f0"/>
      </object_component>
      <object_component id="oc-331">
         <name>.text:Timer_A_getCaptureCompareCount</name>
         <load_address>0x4aa4</load_address>
         <run_address>0x4aa4</run_address>
         <size>0x22</size>
         <input_file_ref idref="fl-16"/>
      </object_component>
      <object_component id="oc-1cc">
         <name>.text:ADC14_setResolution</name>
         <load_address>0x4ac8</load_address>
         <run_address>0x4ac8</run_address>
         <size>0x20</size>
         <input_file_ref idref="fl-10"/>
      </object_component>
      <object_component id="oc-29b">
         <name>.text:CS_setExternalClockSourceFrequency</name>
         <load_address>0x4ae8</load_address>
         <run_address>0x4ae8</run_address>
         <size>0x20</size>
         <input_file_ref idref="fl-11"/>
      </object_component>
      <object_component id="oc-4e4">
         <name>.text:memchr</name>
         <load_address>0x4b08</load_address>
         <run_address>0x4b08</run_address>
         <size>0x20</size>
         <input_file_ref idref="fl-eb"/>
      </object_component>
      <object_component id="oc-107">
         <name>.text</name>
         <load_address>0x4b28</load_address>
         <run_address>0x4b28</run_address>
         <size>0x20</size>
         <input_file_ref idref="fl-de"/>
      </object_component>
      <object_component id="oc-2e7">
         <name>.text:dclose</name>
         <load_address>0x4b48</load_address>
         <run_address>0x4b48</run_address>
         <size>0x1c</size>
         <input_file_ref idref="fl-3"/>
      </object_component>
      <object_component id="oc-46">
         <name>.text:decompress:ZI:__TI_zero_init_nomemset:__TI_zero_init_nomemset</name>
         <load_address>0x4b64</load_address>
         <run_address>0x4b64</run_address>
         <size>0x1c</size>
         <input_file_ref idref="fl-e1"/>
      </object_component>
      <object_component id="oc-577">
         <name>.text:free_list_remove</name>
         <load_address>0x4b80</load_address>
         <run_address>0x4b80</run_address>
         <size>0x1c</size>
         <input_file_ref idref="fl-ec"/>
      </object_component>
      <object_component id="oc-37d">
         <name>.text:memccpy</name>
         <load_address>0x4b9c</load_address>
         <run_address>0x4b9c</run_address>
         <size>0x1c</size>
         <input_file_ref idref="fl-ea"/>
      </object_component>
      <object_component id="oc-5b8">
         <name>.text:copysign</name>
         <load_address>0x4bb8</load_address>
         <run_address>0x4bb8</run_address>
         <size>0x1a</size>
         <input_file_ref idref="fl-10e"/>
      </object_component>
      <object_component id="oc-50e">
         <name>.text:SysCtl_A_disableNMISource</name>
         <load_address>0x4bd4</load_address>
         <run_address>0x4bd4</run_address>
         <size>0x18</size>
         <input_file_ref idref="fl-15"/>
      </object_component>
      <object_component id="oc-51a">
         <name>.text:SysCtl_A_enableNMISource</name>
         <load_address>0x4bec</load_address>
         <run_address>0x4bec</run_address>
         <size>0x18</size>
         <input_file_ref idref="fl-15"/>
      </object_component>
      <object_component id="oc-21c">
         <name>.text:T2_100ms_ISR</name>
         <load_address>0x4c04</load_address>
         <run_address>0x4c04</run_address>
         <size>0x18</size>
         <input_file_ref idref="fl-2"/>
      </object_component>
      <object_component id="oc-319">
         <name>.text:Timer_A_getEnabledInterruptStatus</name>
         <load_address>0x4c1c</load_address>
         <run_address>0x4c1c</run_address>
         <size>0x18</size>
         <input_file_ref idref="fl-16"/>
      </object_component>
      <object_component id="oc-521">
         <name>.text:strcmp</name>
         <load_address>0x4c34</load_address>
         <run_address>0x4c34</run_address>
         <size>0x18</size>
         <input_file_ref idref="fl-101"/>
      </object_component>
      <object_component id="oc-31f">
         <name>.text:Timer_A_clearInterruptFlag</name>
         <load_address>0x4c4c</load_address>
         <run_address>0x4c4c</run_address>
         <size>0x16</size>
         <input_file_ref idref="fl-16"/>
      </object_component>
      <object_component id="oc-209">
         <name>.text:Timer_A_startCounter</name>
         <load_address>0x4c62</load_address>
         <run_address>0x4c62</run_address>
         <size>0x16</size>
         <input_file_ref idref="fl-16"/>
      </object_component>
      <object_component id="oc-4b3">
         <name>.text:strchr</name>
         <load_address>0x4c78</load_address>
         <run_address>0x4c78</run_address>
         <size>0x16</size>
         <input_file_ref idref="fl-ed"/>
      </object_component>
      <object_component id="oc-60c">
         <name>.text:strcpy</name>
         <load_address>0x4c8e</load_address>
         <run_address>0x4c8e</run_address>
         <size>0x14</size>
         <input_file_ref idref="fl-10f"/>
      </object_component>
      <object_component id="oc-34e">
         <name>.text:strlen</name>
         <load_address>0x4ca2</load_address>
         <run_address>0x4ca2</run_address>
         <size>0x14</size>
         <input_file_ref idref="fl-ee"/>
      </object_component>
      <object_component id="oc-2a1">
         <name>.text:CS_startHFXT</name>
         <load_address>0x4cb6</load_address>
         <run_address>0x4cb6</run_address>
         <size>0x12</size>
         <input_file_ref idref="fl-11"/>
      </object_component>
      <object_component id="oc-465">
         <name>.text:Timer_A_getInterruptStatus</name>
         <load_address>0x4cc8</load_address>
         <run_address>0x4cc8</run_address>
         <size>0x12</size>
         <input_file_ref idref="fl-16"/>
      </object_component>
      <object_component id="oc-2cf">
         <name>.text:dlseek</name>
         <load_address>0x4cda</load_address>
         <run_address>0x4cda</run_address>
         <size>0x12</size>
         <input_file_ref idref="fl-3"/>
      </object_component>
      <object_component id="oc-383">
         <name>.text:wcslen</name>
         <load_address>0x4cec</load_address>
         <run_address>0x4cec</run_address>
         <size>0x12</size>
         <input_file_ref idref="fl-f5"/>
      </object_component>
      <object_component id="oc-2f3">
         <name>.text:ADCIsConversionRunning</name>
         <load_address>0x4d00</load_address>
         <run_address>0x4d00</run_address>
         <size>0x10</size>
         <input_file_ref idref="fl-10"/>
      </object_component>
      <object_component id="oc-508">
         <name>.text:SysCtl_A_getNMISourceStatus</name>
         <load_address>0x4d10</load_address>
         <run_address>0x4d10</run_address>
         <size>0x10</size>
         <input_file_ref idref="fl-15"/>
      </object_component>
      <object_component id="oc-2db">
         <name>.text:drename</name>
         <load_address>0x4d20</load_address>
         <run_address>0x4d20</run_address>
         <size>0x10</size>
         <input_file_ref idref="fl-3"/>
      </object_component>
      <object_component id="oc-1d">
         <name>.text:decompress:none:__TI_decompress_none</name>
         <load_address>0x4d30</load_address>
         <run_address>0x4d30</run_address>
         <size>0xe</size>
         <input_file_ref idref="fl-e2"/>
      </object_component>
      <object_component id="oc-2d5">
         <name>.text:dunlink</name>
         <load_address>0x4d3e</load_address>
         <run_address>0x4d3e</run_address>
         <size>0xe</size>
         <input_file_ref idref="fl-3"/>
      </object_component>
      <object_component id="oc-1c0">
         <name>.text:ADC14_enableModule</name>
         <load_address>0x4d4c</load_address>
         <run_address>0x4d4c</run_address>
         <size>0xc</size>
         <input_file_ref idref="fl-10"/>
      </object_component>
      <object_component id="oc-6a">
         <name>.text:Reset_Handler</name>
         <load_address>0x4d58</load_address>
         <run_address>0x4d58</run_address>
         <size>0xc</size>
         <input_file_ref idref="fl-4"/>
      </object_component>
      <object_component id="oc-dd">
         <name>.text:sysInit</name>
         <load_address>0x4d64</load_address>
         <run_address>0x4d64</run_address>
         <size>0xc</size>
         <input_file_ref idref="fl-3"/>
      </object_component>
      <object_component id="oc-389">
         <name>.text:__aeabi_errno_addr</name>
         <load_address>0x4d70</load_address>
         <run_address>0x4d70</run_address>
         <size>0x8</size>
         <input_file_ref idref="fl-f4"/>
      </object_component>
      <object_component id="oc-407">
         <name>.text:malloc</name>
         <load_address>0x4d78</load_address>
         <run_address>0x4d78</run_address>
         <size>0x8</size>
         <input_file_ref idref="fl-ec"/>
      </object_component>
      <object_component id="oc-271">
         <name>.text:_outc</name>
         <load_address>0x4d80</load_address>
         <run_address>0x4d80</run_address>
         <size>0x4</size>
         <input_file_ref idref="fl-ce"/>
      </object_component>
      <object_component id="oc-26b">
         <name>.text:_outs</name>
         <load_address>0x4d84</load_address>
         <run_address>0x4d84</run_address>
         <size>0x4</size>
         <input_file_ref idref="fl-ce"/>
      </object_component>
      <object_component id="oc-9a">
         <name>.text:_system_pre_init</name>
         <load_address>0x4d88</load_address>
         <run_address>0x4d88</run_address>
         <size>0x4</size>
         <input_file_ref idref="fl-fe"/>
      </object_component>
      <object_component id="oc-15c">
         <name>.text:abort:abort</name>
         <load_address>0x4d8c</load_address>
         <run_address>0x4d8c</run_address>
         <size>0x4</size>
         <input_file_ref idref="fl-e4"/>
      </object_component>
      <object_component id="oc-47a">
         <name>.const:.string:_ctypes_</name>
         <load_address>0x4d90</load_address>
         <run_address>0x4d90</run_address>
         <size>0x101</size>
         <input_file_ref idref="fl-e8"/>
      </object_component>
      <object_component id="oc-238">
         <name>.const:_ctlRegs</name>
         <load_address>0x4e94</load_address>
         <run_address>0x4e94</run_address>
         <size>0x80</size>
         <input_file_ref idref="fl-10"/>
      </object_component>
      <object_component id="oc-223">
         <name>.const:GPIO_PORT_TO_BASE</name>
         <load_address>0x4f14</load_address>
         <run_address>0x4f14</run_address>
         <size>0x30</size>
         <input_file_ref idref="fl-12"/>
      </object_component>
      <object_component id="oc-42c">
         <name>.const:$P$T1$2</name>
         <load_address>0x4f44</load_address>
         <run_address>0x4f44</run_address>
         <size>0x28</size>
         <input_file_ref idref="fl-3"/>
      </object_component>
      <object_component id="oc-461">
         <name>.const:g_pulEnRegs</name>
         <load_address>0x4f6c</load_address>
         <run_address>0x4f6c</run_address>
         <size>0x8</size>
         <input_file_ref idref="fl-14"/>
      </object_component>
      <object_component id="oc-2c0">
         <name>.const:.string:$P$T0$1</name>
         <load_address>0x4f74</load_address>
         <run_address>0x4f74</run_address>
         <size>0x5</size>
         <input_file_ref idref="fl-3"/>
      </object_component>
      <object_component id="oc-6c2">
         <name>.cinit..data.load</name>
         <load_address>0x4f80</load_address>
         <run_address>0x4f80</run_address>
         <size>0x8e</size>
      </object_component>
      <object_component id="oc-6bf">
         <name>__TI_handler_table</name>
         <load_address>0x5010</load_address>
         <run_address>0x5010</run_address>
         <size>0xc</size>
      </object_component>
      <object_component id="oc-6c3">
         <name>.cinit..bss.load</name>
         <load_address>0x5020</load_address>
         <run_address>0x5020</run_address>
         <size>0x8</size>
      </object_component>
      <object_component id="oc-6c1">
         <name>.cinit..vtable.load</name>
         <load_address>0x5028</load_address>
         <run_address>0x5028</run_address>
         <size>0x8</size>
      </object_component>
      <object_component id="oc-6c0">
         <name>__TI_cinit_table</name>
         <load_address>0x5030</load_address>
         <run_address>0x5030</run_address>
         <size>0x18</size>
      </object_component>
      <object_component id="oc-693">
         <name>.binit</name>
         <load_address>0x0</load_address>
         <run_address>0x0</run_address>
         <size>0x0</size>
      </object_component>
      <object_component id="oc-45c">
         <name>.vtable</name>
         <uninitialized>true</uninitialized>
         <run_address>0x20000000</run_address>
         <size>0xe8</size>
         <input_file_ref idref="fl-14"/>
      </object_component>
      <object_component id="oc-130">
         <name>.data</name>
         <load_address>0x20000938</load_address>
         <run_address>0x20000938</run_address>
         <size>0x38</size>
         <input_file_ref idref="fl-2"/>
      </object_component>
      <object_component id="oc-27f">
         <name>.data:$O1$$</name>
         <load_address>0x20000980</load_address>
         <run_address>0x20000980</run_address>
         <size>0xc</size>
         <input_file_ref idref="fl-e4"/>
      </object_component>
      <object_component id="oc-265">
         <name>.data:$O1$$</name>
         <load_address>0x2000098c</load_address>
         <run_address>0x2000098c</run_address>
         <size>0x8</size>
         <input_file_ref idref="fl-e5"/>
      </object_component>
      <object_component id="oc-268">
         <name>.data:_ftable</name>
         <load_address>0x20000780</load_address>
         <run_address>0x20000780</run_address>
         <size>0xf0</size>
         <input_file_ref idref="fl-e9"/>
      </object_component>
      <object_component id="oc-58b">
         <name>.data</name>
         <load_address>0x20000970</load_address>
         <run_address>0x20000970</run_address>
         <size>0x10</size>
         <input_file_ref idref="fl-e9"/>
      </object_component>
      <object_component id="oc-62a">
         <name>.data:$O1$$</name>
         <load_address>0x20000994</load_address>
         <run_address>0x20000994</run_address>
         <size>0x8</size>
         <input_file_ref idref="fl-ec"/>
      </object_component>
      <object_component id="oc-3ee">
         <name>.data:_device</name>
         <load_address>0x20000870</load_address>
         <run_address>0x20000870</run_address>
         <size>0x78</size>
         <input_file_ref idref="fl-f1"/>
      </object_component>
      <object_component id="oc-5df">
         <name>.data:_stream</name>
         <load_address>0x200008e8</load_address>
         <run_address>0x200008e8</run_address>
         <size>0x50</size>
         <input_file_ref idref="fl-f1"/>
      </object_component>
      <object_component id="oc-627">
         <name>.data</name>
         <load_address>0x200009a4</load_address>
         <run_address>0x200009a4</run_address>
         <size>0x4</size>
         <input_file_ref idref="fl-f2"/>
      </object_component>
      <object_component id="oc-3ed">
         <name>.data</name>
         <load_address>0x2000099c</load_address>
         <run_address>0x2000099c</run_address>
         <size>0x4</size>
         <input_file_ref idref="fl-f3"/>
      </object_component>
      <object_component id="oc-4c3">
         <name>.data</name>
         <load_address>0x200009a0</load_address>
         <run_address>0x200009a0</run_address>
         <size>0x4</size>
         <input_file_ref idref="fl-f4"/>
      </object_component>
      <object_component id="oc-3d5">
         <name>.bss</name>
         <uninitialized>true</uninitialized>
         <run_address>0x20000738</run_address>
         <size>0x8</size>
         <input_file_ref idref="fl-11"/>
      </object_component>
      <object_component id="oc-664">
         <name>.bss:_CIOBUF_</name>
         <uninitialized>true</uninitialized>
         <run_address>0x200004e8</run_address>
         <size>0x120</size>
         <input_file_ref idref="fl-10a"/>
      </object_component>
      <object_component id="oc-20f">
         <name>.common:TA0cfg</name>
         <uninitialized>true</uninitialized>
         <run_address>0x200006a8</run_address>
         <size>0x18</size>
      </object_component>
      <object_component id="oc-21b">
         <name>.common:TA2cfg</name>
         <uninitialized>true</uninitialized>
         <run_address>0x200006c0</run_address>
         <size>0x18</size>
      </object_component>
      <object_component id="oc-212">
         <name>.common:TA3cfg</name>
         <uninitialized>true</uninitialized>
         <run_address>0x20000728</run_address>
         <size>0x10</size>
      </object_component>
      <object_component id="oc-210">
         <name>.common:TA0_ccr3</name>
         <uninitialized>true</uninitialized>
         <run_address>0x20000708</run_address>
         <size>0x10</size>
      </object_component>
      <object_component id="oc-211">
         <name>.common:TA0_ccr4</name>
         <uninitialized>true</uninitialized>
         <run_address>0x20000718</run_address>
         <size>0x10</size>
      </object_component>
      <object_component id="oc-213">
         <name>.common:TA3_ccr0</name>
         <uninitialized>true</uninitialized>
         <run_address>0x200006d8</run_address>
         <size>0x18</size>
      </object_component>
      <object_component id="oc-214">
         <name>.common:TA3_ccr1</name>
         <uninitialized>true</uninitialized>
         <run_address>0x200006f0</run_address>
         <size>0x18</size>
      </object_component>
      <object_component id="oc-33e">
         <name>.common:enc_total_L</name>
         <uninitialized>true</uninitialized>
         <run_address>0x20000770</run_address>
         <size>0x4</size>
      </object_component>
      <object_component id="oc-33b">
         <name>.common:enc_total_R</name>
         <uninitialized>true</uninitialized>
         <run_address>0x20000774</run_address>
         <size>0x4</size>
      </object_component>
      <object_component id="oc-339">
         <name>.common:TachL_count</name>
         <uninitialized>true</uninitialized>
         <run_address>0x20000750</run_address>
         <size>0x4</size>
      </object_component>
      <object_component id="oc-33a">
         <name>.common:TachL</name>
         <uninitialized>true</uninitialized>
         <run_address>0x20000748</run_address>
         <size>0x4</size>
      </object_component>
      <object_component id="oc-340">
         <name>.common:TachL_sum</name>
         <uninitialized>true</uninitialized>
         <run_address>0x20000754</run_address>
         <size>0x4</size>
      </object_component>
      <object_component id="oc-33f">
         <name>.common:TachL_sum_count</name>
         <uninitialized>true</uninitialized>
         <run_address>0x20000758</run_address>
         <size>0x4</size>
      </object_component>
      <object_component id="oc-13e">
         <name>.common:TachL_avg</name>
         <uninitialized>true</uninitialized>
         <run_address>0x2000074c</run_address>
         <size>0x4</size>
      </object_component>
      <object_component id="oc-337">
         <name>.common:TachR_count</name>
         <uninitialized>true</uninitialized>
         <run_address>0x20000764</run_address>
         <size>0x4</size>
      </object_component>
      <object_component id="oc-338">
         <name>.common:TachR</name>
         <uninitialized>true</uninitialized>
         <run_address>0x2000075c</run_address>
         <size>0x4</size>
      </object_component>
      <object_component id="oc-33d">
         <name>.common:TachR_sum</name>
         <uninitialized>true</uninitialized>
         <run_address>0x20000768</run_address>
         <size>0x4</size>
      </object_component>
      <object_component id="oc-33c">
         <name>.common:TachR_sum_count</name>
         <uninitialized>true</uninitialized>
         <run_address>0x2000076c</run_address>
         <size>0x4</size>
      </object_component>
      <object_component id="oc-14e">
         <name>.common:TachR_avg</name>
         <uninitialized>true</uninitialized>
         <run_address>0x20000760</run_address>
         <size>0x4</size>
      </object_component>
      <object_component id="oc-141">
         <name>.common:corrected_speedL</name>
         <uninitialized>true</uninitialized>
         <run_address>0x20000778</run_address>
         <size>0x2</size>
      </object_component>
      <object_component id="oc-142">
         <name>.common:output_compareL</name>
         <uninitialized>true</uninitialized>
         <run_address>0x2000077c</run_address>
         <size>0x2</size>
      </object_component>
      <object_component id="oc-14f">
         <name>.common:corrected_speedR</name>
         <uninitialized>true</uninitialized>
         <run_address>0x2000077a</run_address>
         <size>0x2</size>
      </object_component>
      <object_component id="oc-150">
         <name>.common:output_compareR</name>
         <uninitialized>true</uninitialized>
         <run_address>0x2000077e</run_address>
         <size>0x2</size>
      </object_component>
      <object_component id="oc-56b">
         <name>.common:__TI_tmpnams</name>
         <uninitialized>true</uninitialized>
         <run_address>0x20000608</run_address>
         <size>0xa0</size>
      </object_component>
      <object_component id="oc-5fe">
         <name>.common:parmbuf</name>
         <uninitialized>true</uninitialized>
         <run_address>0x20000740</run_address>
         <size>0x8</size>
      </object_component>
      <object_component id="oc-29">
         <name>.sysmem</name>
         <uninitialized>true</uninitialized>
         <run_address>0x200000e8</run_address>
         <size>0x10</size>
         <input_file_ref idref="fl-ec"/>
      </object_component>
      <object_component id="oc-6c6">
         <name>.sysmem</name>
         <uninitialized>true</uninitialized>
         <run_address>0x200000e8</run_address>
         <size>0x0</size>
      </object_component>
      <object_component id="oc-2c">
         <name>.stack</name>
         <uninitialized>true</uninitialized>
         <run_address>0x2000fc00</run_address>
         <size>0x4</size>
         <input_file_ref idref="fl-ef"/>
      </object_component>
      <object_component id="oc-6c5">
         <name>.stack</name>
         <uninitialized>true</uninitialized>
         <run_address>0x2000fc00</run_address>
         <size>0x0</size>
      </object_component>
      <object_component id="oc-13f">
         <name>.debug_info</name>
         <load_address>0x0</load_address>
         <run_address>0x0</run_address>
         <size>0x10ff</size>
         <input_file_ref idref="fl-2"/>
      </object_component>
      <object_component id="oc-131">
         <name>.debug_info</name>
         <load_address>0x10ff</load_address>
         <run_address>0x10ff</run_address>
         <size>0x24e</size>
         <input_file_ref idref="fl-2"/>
      </object_component>
      <object_component id="oc-a1">
         <name>.debug_info</name>
         <load_address>0x134d</load_address>
         <run_address>0x134d</run_address>
         <size>0xdb8</size>
         <input_file_ref idref="fl-2"/>
      </object_component>
      <object_component id="oc-ea">
         <name>.debug_info</name>
         <load_address>0x2105</load_address>
         <run_address>0x2105</run_address>
         <size>0x209</size>
         <input_file_ref idref="fl-2"/>
      </object_component>
      <object_component id="oc-e4">
         <name>.debug_info</name>
         <load_address>0x230e</load_address>
         <run_address>0x230e</run_address>
         <size>0x246</size>
         <input_file_ref idref="fl-2"/>
      </object_component>
      <object_component id="oc-f0">
         <name>.debug_info</name>
         <load_address>0x2554</load_address>
         <run_address>0x2554</run_address>
         <size>0x293</size>
         <input_file_ref idref="fl-2"/>
      </object_component>
      <object_component id="oc-216">
         <name>.debug_info</name>
         <load_address>0x27e7</load_address>
         <run_address>0x27e7</run_address>
         <size>0x30d</size>
         <input_file_ref idref="fl-2"/>
      </object_component>
      <object_component id="oc-21d">
         <name>.debug_info</name>
         <load_address>0x2af4</load_address>
         <run_address>0x2af4</run_address>
         <size>0x13f</size>
         <input_file_ref idref="fl-2"/>
      </object_component>
      <object_component id="oc-bc">
         <name>.debug_info</name>
         <load_address>0x2c33</load_address>
         <run_address>0x2c33</run_address>
         <size>0x26b</size>
         <input_file_ref idref="fl-2"/>
      </object_component>
      <object_component id="oc-24f">
         <name>.debug_info</name>
         <load_address>0x2e9e</load_address>
         <run_address>0x2e9e</run_address>
         <size>0x1028</size>
         <input_file_ref idref="fl-2"/>
      </object_component>
      <object_component id="oc-24a">
         <name>.debug_info</name>
         <load_address>0x3ec6</load_address>
         <run_address>0x3ec6</run_address>
         <size>0x37e2</size>
         <input_file_ref idref="fl-2"/>
      </object_component>
      <object_component id="oc-254">
         <name>.debug_info</name>
         <load_address>0x76a8</load_address>
         <run_address>0x76a8</run_address>
         <size>0x341</size>
         <input_file_ref idref="fl-2"/>
      </object_component>
      <object_component id="oc-152">
         <name>.debug_info</name>
         <load_address>0x79e9</load_address>
         <run_address>0x79e9</run_address>
         <size>0x8b</size>
         <input_file_ref idref="fl-2"/>
      </object_component>
      <object_component id="oc-19b">
         <name>.debug_info</name>
         <load_address>0x7a74</load_address>
         <run_address>0x7a74</run_address>
         <size>0x2a4</size>
         <input_file_ref idref="fl-2"/>
      </object_component>
      <object_component id="oc-259">
         <name>.debug_info</name>
         <load_address>0x7d18</load_address>
         <run_address>0x7d18</run_address>
         <size>0xef</size>
         <input_file_ref idref="fl-2"/>
      </object_component>
      <object_component id="oc-157">
         <name>.debug_info</name>
         <load_address>0x7e07</load_address>
         <run_address>0x7e07</run_address>
         <size>0xbb</size>
         <input_file_ref idref="fl-2"/>
      </object_component>
      <object_component id="oc-43d">
         <name>.debug_info</name>
         <load_address>0x7ec2</load_address>
         <run_address>0x7ec2</run_address>
         <size>0xcc</size>
         <input_file_ref idref="fl-2"/>
      </object_component>
      <object_component id="oc-41f">
         <name>.debug_info</name>
         <load_address>0x7f8e</load_address>
         <run_address>0x7f8e</run_address>
         <size>0x2c</size>
         <input_file_ref idref="fl-2"/>
      </object_component>
      <object_component id="oc-279">
         <name>.debug_info</name>
         <load_address>0x7fba</load_address>
         <run_address>0x7fba</run_address>
         <size>0x2c</size>
         <input_file_ref idref="fl-2"/>
      </object_component>
      <object_component id="oc-430">
         <name>.debug_info</name>
         <load_address>0x7fe6</load_address>
         <run_address>0x7fe6</run_address>
         <size>0x102</size>
         <input_file_ref idref="fl-2"/>
      </object_component>
      <object_component id="oc-2ee">
         <name>.debug_info</name>
         <load_address>0x80e8</load_address>
         <run_address>0x80e8</run_address>
         <size>0xb78</size>
         <input_file_ref idref="fl-3"/>
      </object_component>
      <object_component id="oc-2c1">
         <name>.debug_info</name>
         <load_address>0x8c60</load_address>
         <run_address>0x8c60</run_address>
         <size>0xf5</size>
         <input_file_ref idref="fl-3"/>
      </object_component>
      <object_component id="oc-42d">
         <name>.debug_info</name>
         <load_address>0x8d55</load_address>
         <run_address>0x8d55</run_address>
         <size>0xf5</size>
         <input_file_ref idref="fl-3"/>
      </object_component>
      <object_component id="oc-de">
         <name>.debug_info</name>
         <load_address>0x8e4a</load_address>
         <run_address>0x8e4a</run_address>
         <size>0x165</size>
         <input_file_ref idref="fl-3"/>
      </object_component>
      <object_component id="oc-1a1">
         <name>.debug_info</name>
         <load_address>0x8faf</load_address>
         <run_address>0x8faf</run_address>
         <size>0x1e8</size>
         <input_file_ref idref="fl-3"/>
      </object_component>
      <object_component id="oc-1a7">
         <name>.debug_info</name>
         <load_address>0x9197</load_address>
         <run_address>0x9197</run_address>
[...]
         <object_component_ref idref="oc-3a"/>
      </symbol>
      <symbol id="sm-80e">
         <name>__aeabi_memcpy4</name>
         <value>0x3369</value>
         <object_component_ref idref="oc-3a"/>
      </symbol>
      <symbol id="sm-818">
         <name>__aeabi_ui2d</name>
         <value>0x4b29</value>
         <object_component_ref idref="oc-107"/>
      </symbol>
      <symbol id="sm-827">
         <name>__aeabi_memset</name>
         <value>0x38df</value>
         <object_component_ref idref="oc-94"/>
      </symbol>
      <symbol id="sm-828">
         <name>memset</name>
         <value>0x38e5</value>
         <object_component_ref idref="oc-94"/>
      </symbol>
      <symbol id="sm-829">
         <name>__aeabi_memset8</name>
         <value>0x38df</value>
         <object_component_ref idref="oc-94"/>
      </symbol>
      <symbol id="sm-82a">
         <name>__aeabi_memset4</name>
         <value>0x38df</value>
         <object_component_ref idref="oc-94"/>
      </symbol>
      <symbol id="sm-82b">
         <name>__aeabi_memclr8</name>
         <value>0x38dd</value>
         <object_component_ref idref="oc-94"/>
      </symbol>
      <symbol id="sm-82c">
         <name>__aeabi_memclr4</name>
         <value>0x38dd</value>
         <object_component_ref idref="oc-94"/>
      </symbol>
      <symbol id="sm-82d">
         <name>__aeabi_memclr</name>
         <value>0x38dd</value>
         <object_component_ref idref="oc-94"/>
      </symbol>
      <symbol id="sm-83a">
         <name>__aeabi_uldivmod</name>
         <value>0x349d</value>
         <object_component_ref idref="oc-47f"/>
      </symbol>
      <symbol id="sm-84e">
         <name>__TI_zero_init_nomemset</name>
         <value>0x4b65</value>
         <object_component_ref idref="oc-46"/>
      </symbol>
      <symbol id="sm-865">
         <name>__TI_decompress_none</name>
         <value>0x4d31</value>
         <object_component_ref idref="oc-1d"/>
      </symbol>
      <symbol id="sm-888">
         <name>__TI_decompress_lzss</name>
         <value>0x3c55</value>
         <object_component_ref idref="oc-17"/>
      </symbol>
      <symbol id="sm-8ae">
         <name>C$$EXIT</name>
         <value>0x4d8d</value>
         <object_component_ref idref="oc-15c"/>
      </symbol>
      <symbol id="sm-8af">
         <name>abort</name>
         <value>0x4d8d</value>
         <object_component_ref idref="oc-15c"/>
      </symbol>
      <symbol id="sm-8b0">
         <name>__TI_dtors_ptr</name>
         <value>0x20000984</value>
         <object_component_ref idref="oc-27f"/>
      </symbol>
      <symbol id="sm-8b1">
         <name>__TI_cleanup_ptr</name>
         <value>0x20000980</value>
         <object_component_ref idref="oc-27f"/>
      </symbol>
      <symbol id="sm-8b2">
         <name>__TI_enable_exit_profile_output</name>
         <value>0x20000988</value>
         <object_component_ref idref="oc-27f"/>
      </symbol>
      <symbol id="sm-8b3">
         <name>exit</name>
         <value>0x43e5</value>
         <object_component_ref idref="oc-162"/>
      </symbol>
      <symbol id="sm-8c8">
         <name>_nop</name>
         <value>0x1a03</value>
         <object_component_ref idref="oc-39b"/>
      </symbol>
      <symbol id="sm-8c9">
         <name>_lock</name>
         <value>0x2000098c</value>
         <object_component_ref idref="oc-265"/>
      </symbol>
      <symbol id="sm-8ca">
         <name>_unlock</name>
         <value>0x20000990</value>
         <object_component_ref idref="oc-265"/>
      </symbol>
      <symbol id="sm-8d9">
         <name>__TI_ltoa</name>
         <value>0x411d</value>
         <object_component_ref idref="oc-486"/>
      </symbol>
      <symbol id="sm-8ef">
         <name>atoi</name>
         <value>0x4351</value>
         <object_component_ref idref="oc-354"/>
      </symbol>
      <symbol id="sm-8fa">
         <name>_ctypes_</name>
         <value>0x4d90</value>
         <object_component_ref idref="oc-47a"/>
      </symbol>
      <symbol id="sm-90f">
         <name>__TI_tmpnams</name>
         <value>0x20000608</value>
      </symbol>
      <symbol id="sm-910">
         <name>__aeabi_stdout</name>
         <value>0x20000978</value>
         <object_component_ref idref="oc-58b"/>
      </symbol>
      <symbol id="sm-911">
         <name>__aeabi_stderr</name>
         <value>0x2000097c</value>
         <object_component_ref idref="oc-58b"/>
      </symbol>
      <symbol id="sm-912">
         <name>__aeabi_stdin</name>
         <value>0x20000974</value>
         <object_component_ref idref="oc-58b"/>
      </symbol>
      <symbol id="sm-913">
         <name>_ftable</name>
         <value>0x20000780</value>
         <object_component_ref idref="oc-268"/>
      </symbol>
      <symbol id="sm-914">
         <name>__TI_ft_end</name>
         <value>0x20000970</value>
         <object_component_ref idref="oc-58b"/>
      </symbol>
      <symbol id="sm-924">
         <name>memccpy</name>
         <value>0x4b9d</value>
         <object_component_ref idref="oc-37d"/>
      </symbol>
      <symbol id="sm-934">
         <name>memchr</name>
         <value>0x4b09</value>
         <object_component_ref idref="oc-4e4"/>
      </symbol>
      <symbol id="sm-9b8">
         <name>_sys_memory</name>
         <value>0x200000e8</value>
         <object_component_ref idref="oc-29"/>
      </symbol>
      <symbol id="sm-9b9">
         <name>free</name>
         <value>0x2bcd</value>
         <object_component_ref idref="oc-401"/>
      </symbol>
      <symbol id="sm-9ba">
         <name>memalign</name>
         <value>0x28ed</value>
         <object_component_ref idref="oc-584"/>
      </symbol>
      <symbol id="sm-9bb">
         <name>malloc</name>
         <value>0x4d79</value>
         <object_component_ref idref="oc-407"/>
      </symbol>
      <symbol id="sm-9bc">
         <name>aligned_alloc</name>
         <value>0x28ed</value>
         <object_component_ref idref="oc-584"/>
      </symbol>
      <symbol id="sm-9cc">
         <name>strchr</name>
         <value>0x4c79</value>
         <object_component_ref idref="oc-4b3"/>
      </symbol>
      <symbol id="sm-9da">
         <name>strlen</name>
         <value>0x4ca3</value>
         <object_component_ref idref="oc-34e"/>
      </symbol>
      <symbol id="sm-9ed">
         <name>__stack</name>
         <value>0x2000fc00</value>
         <object_component_ref idref="oc-2c"/>
      </symbol>
      <symbol id="sm-9ee">
         <name>_c_int00_noargs</name>
         <value>0x47f1</value>
         <object_component_ref idref="oc-58"/>
      </symbol>
      <symbol id="sm-a03">
         <name>write</name>
         <value>0x4a7d</value>
         <object_component_ref idref="oc-4f0"/>
      </symbol>
      <symbol id="sm-a14">
         <name>_stream</name>
         <value>0x200008e8</value>
         <object_component_ref idref="oc-5df"/>
      </symbol>
      <symbol id="sm-a15">
         <name>_device</name>
         <value>0x20000870</value>
         <object_component_ref idref="oc-3ee"/>
      </symbol>
      <symbol id="sm-a32">
         <name>open</name>
         <value>0x2f3d</value>
         <object_component_ref idref="oc-56e"/>
      </symbol>
      <symbol id="sm-a52">
         <name>add_device</name>
         <value>0x2ff9</value>
         <object_component_ref idref="oc-2ae"/>
      </symbol>
      <symbol id="sm-a68">
         <name>__aeabi_errno_addr</name>
         <value>0x4d71</value>
         <object_component_ref idref="oc-389"/>
      </symbol>
      <symbol id="sm-a69">
         <name>errno</name>
         <value>0x200009a0</value>
         <object_component_ref idref="oc-4c3"/>
      </symbol>
      <symbol id="sm-a82">
         <name>wcslen</name>
         <value>0x4ced</value>
         <object_component_ref idref="oc-383"/>
      </symbol>
      <symbol id="sm-aa2">
         <name>frexpl</name>
         <value>0x3d25</value>
         <object_component_ref idref="oc-4a7"/>
      </symbol>
      <symbol id="sm-aa3">
         <name>frexp</name>
         <value>0x3d25</value>
         <object_component_ref idref="oc-4a7"/>
      </symbol>
      <symbol id="sm-ac0">
         <name>scalbn</name>
         <value>0x27dd</value>
         <object_component_ref idref="oc-4ad"/>
      </symbol>
      <symbol id="sm-ac1">
         <name>scalbnl</name>
         <value>0x27dd</value>
         <object_component_ref idref="oc-4ad"/>
      </symbol>
      <symbol id="sm-ac2">
         <name>ldexpl</name>
         <value>0x27dd</value>
         <object_component_ref idref="oc-4ad"/>
      </symbol>
      <symbol id="sm-ac3">
         <name>ldexp</name>
         <value>0x27dd</value>
         <object_component_ref idref="oc-4ad"/>
      </symbol>
      <symbol id="sm-ad8">
         <name>__TI_closefile</name>
         <value>0x3959</value>
         <object_component_ref idref="oc-3f3"/>
      </symbol>
      <symbol id="sm-ae8">
         <name>__TI_doflush</name>
         <value>0x4303</value>
         <object_component_ref idref="oc-4ea"/>
      </symbol>
      <symbol id="sm-afa">
         <name>fseek</name>
         <value>0x3d89</value>
         <object_component_ref idref="oc-5d4"/>
      </symbol>
      <symbol id="sm-b18">
         <name>finddevice</name>
         <value>0x4859</value>
         <object_component_ref idref="oc-3e1"/>
      </symbol>
      <symbol id="sm-b19">
         <name>getdevice</name>
         <value>0x4541</value>
         <object_component_ref idref="oc-61d"/>
      </symbol>
      <symbol id="sm-b23">
         <name>__aeabi_idiv0</name>
         <value>0x2247</value>
         <object_component_ref idref="oc-5a5"/>
      </symbol>
      <symbol id="sm-b24">
         <name>__aeabi_ldiv0</name>
         <value>0x2247</value>
         <object_component_ref idref="oc-5a5"/>
      </symbol>
      <symbol id="sm-b4c">
         <name>__TI_auto_init_nobinit_nopinit</name>
         <value>0x44fd</value>
         <object_component_ref idref="oc-168"/>
      </symbol>
      <symbol id="sm-b56">
         <name>_system_pre_init</name>
         <value>0x4d89</value>
         <object_component_ref idref="oc-9a"/>
      </symbol>
      <symbol id="sm-b67">
         <name>strcmp</name>
         <value>0x4c35</value>
         <object_component_ref idref="oc-521"/>
      </symbol>
      <symbol id="sm-b77">
         <name>strncpy</name>
         <value>0x46e9</value>
         <object_component_ref idref="oc-3e7"/>
      </symbol>
      <symbol id="sm-b88">
         <name>HOSTclose</name>
         <value>0x4475</value>
         <object_component_ref idref="oc-531"/>
      </symbol>
      <symbol id="sm-b99">
         <name>HOSTlseek</name>
         <value>0x3b85</value>
         <object_component_ref idref="oc-543"/>
      </symbol>
      <symbol id="sm-bab">
         <name>parmbuf</name>
         <value>0x20000740</value>
      </symbol>
      <symbol id="sm-bac">
         <name>HOSTopen</name>
         <value>0x3e51</value>
         <object_component_ref idref="oc-52b"/>
      </symbol>
      <symbol id="sm-bbd">
         <name>HOSTread</name>
         <value>0x3f69</value>
         <object_component_ref idref="oc-537"/>
      </symbol>
      <symbol id="sm-bce">
         <name>HOSTrename</name>
         <value>0x3b19</value>
         <object_component_ref idref="oc-54f"/>
      </symbol>
      <symbol id="sm-bdf">
         <name>HOSTunlink</name>
         <value>0x44b9</value>
         <object_component_ref idref="oc-549"/>
      </symbol>
      <symbol id="sm-bf0">
         <name>HOSTwrite</name>
         <value>0x3fc1</value>
         <object_component_ref idref="oc-53d"/>
      </symbol>
      <symbol id="sm-c14">
         <name>__TI_readmsg</name>
         <value>0x47bd</value>
         <object_component_ref idref="oc-5f8"/>
      </symbol>
      <symbol id="sm-c15">
         <name>C$$IO$$</name>
         <value>0x46a7</value>
         <object_component_ref idref="oc-5f2"/>
      </symbol>
      <symbol id="sm-c16">
         <name>__CIOBUF_</name>
         <value>0x200004e8</value>
         <object_component_ref idref="oc-664"/>
      </symbol>
      <symbol id="sm-c17">
         <name>__TI_writemsg</name>
         <value>0x4679</value>
         <object_component_ref idref="oc-5f2"/>
      </symbol>
      <symbol id="sm-c28">
         <name>lseek</name>
         <value>0x4a55</value>
         <object_component_ref idref="oc-652"/>
      </symbol>
      <symbol id="sm-c3c">
         <name>close</name>
         <value>0x3f0d</value>
         <object_component_ref idref="oc-55f"/>
      </symbol>
      <symbol id="sm-c46">
         <name>copysign</name>
         <value>0x4bb9</value>
         <object_component_ref idref="oc-5b8"/>
      </symbol>
      <symbol id="sm-c47">
         <name>copysignl</name>
         <value>0x4bb9</value>
         <object_component_ref idref="oc-5b8"/>
      </symbol>
      <symbol id="sm-c55">
         <name>strcpy</name>
         <value>0x4c8f</value>
         <object_component_ref idref="oc-60c"/>
      </symbol>
      <symbol id="sm-c65">
         <name>unlink</name>
         <value>0x4911</value>
         <object_component_ref idref="oc-565"/>
      </symbol>
      <symbol id="sm-c66">
         <name>__TI_static_base__</name>
         <value>0x0</value>
      </symbol>
      <symbol id="sm-c69">
         <name>__mpu_init</name>
         <value>0x0</value>
      </symbol>
      <symbol id="sm-c6a">
         <name>_system_post_cinit</name>
         <value>0x0</value>
      </symbol>
      <symbol id="sm-c6b">
         <name>NMI_Handler</name>
         <value>0xb33</value>
      </symbol>
      <symbol id="sm-c6c">
         <name>HardFault_Handler</name>
         <value>0xb33</value>
      </symbol>
      <symbol id="sm-c6d">
         <name>MemManage_Handler</name>
         <value>0xb33</value>
      </symbol>
      <symbol id="sm-c6e">
         <name>BusFault_Handler</name>
         <value>0xb33</value>
      </symbol>
      <symbol id="sm-c6f">
         <name>UsageFault_Handler</name>
         <value>0xb33</value>
      </symbol>
      <symbol id="sm-c70">
         <name>SVC_Handler</name>
         <value>0xb33</value>
      </symbol>
      <symbol id="sm-c71">
         <name>DebugMon_Handler</name>
         <value>0xb33</value>
      </symbol>
      <symbol id="sm-c72">
         <name>PendSV_Handler</name>
         <value>0xb33</value>
      </symbol>
      <symbol id="sm-c73">
         <name>SysTick_Handler</name>
         <value>0xb33</value>
      </symbol>
      <symbol id="sm-c74">
         <name>PSS_IRQHandler</name>
         <value>0xb33</value>
      </symbol>
      <symbol id="sm-c75">
         <name>CS_IRQHandler</name>
         <value>0xb33</value>
      </symbol>
      <symbol id="sm-c76">
         <name>PCM_IRQHandler</name>
         <value>0xb33</value>
      </symbol>
      <symbol id="sm-c77">
         <name>WDT_A_IRQHandler</name>
         <value>0xb33</value>
      </symbol>
      <symbol id="sm-c78">
         <name>FPU_IRQHandler</name>
         <value>0xb33</value>
      </symbol>
      <symbol id="sm-c79">
         <name>FLCTL_IRQHandler</name>
         <value>0xb33</value>
      </symbol>
      <symbol id="sm-c7a">
         <name>COMP_E0_IRQHandler</name>
         <value>0xb33</value>
      </symbol>
      <symbol id="sm-c7b">
         <name>COMP_E1_IRQHandler</name>
         <value>0xb33</value>
      </symbol>
      <symbol id="sm-c7c">
         <name>TA0_0_IRQHandler</name>
         <value>0xb33</value>
      </symbol>
      <symbol id="sm-c7d">
         <name>TA0_N_IRQHandler</name>
         <value>0xb33</value>
      </symbol>
      <symbol id="sm-c7e">
         <name>TA1_0_IRQHandler</name>
         <value>0xb33</value>
      </symbol>
      <symbol id="sm-c7f">
         <name>TA1_N_IRQHandler</name>
         <value>0xb33</value>
      </symbol>
      <symbol id="sm-c80">
         <name>TA2_0_IRQHandler</name>
         <value>0xb33</value>
      </symbol>
      <symbol id="sm-c81">
         <name>TA2_N_IRQHandler</name>
         <value>0xb33</value>
      </symbol>
      <symbol id="sm-c82">
         <name>TA3_0_IRQHandler</name>
         <value>0xb33</value>
      </symbol>
      <symbol id="sm-c83">
         <name>TA3_N_IRQHandler</name>
         <value>0xb33</value>
      </symbol>
      <symbol id="sm-c84">
         <name>EUSCIA0_IRQHandler</name>
         <value>0xb33</value>
      </symbol>
      <symbol id="sm-c85">
         <name>EUSCIA1_IRQHandler</name>
         <value>0xb33</value>
      </symbol>
      <symbol id="sm-c86">
         <name>EUSCIA2_IRQHandler</name>
         <value>0xb33</value>
      </symbol>
      <symbol id="sm-c87">
         <name>EUSCIA3_IRQHandler</name>
         <value>0xb33</value>
      </symbol>
      <symbol id="sm-c88">
         <name>EUSCIB0_IRQHandler</name>
         <value>0xb33</value>
      </symbol>
      <symbol id="sm-c89">
         <name>EUSCIB1_IRQHandler</name>
         <value>0xb33</value>
      </symbol>
      <symbol id="sm-c8a">
         <name>EUSCIB2_IRQHandler</name>
         <value>0xb33</value>
      </symbol>
      <symbol id="sm-c8b">
         <name>EUSCIB3_IRQHandler</name>
         <value>0xb33</value>
      </symbol>
      <symbol id="sm-c8c">
         <name>ADC14_IRQHandler</name>
         <value>0xb33</value>
      </symbol>
      <symbol id="sm-c8d">
         <name>T32_INT1_IRQHandler</name>
         <value>0xb33</value>
      </symbol>
      <symbol id="sm-c8e">
         <name>T32_INT2_IRQHandler</name>
         <value>0xb33</value>
      </symbol>
      <symbol id="sm-c8f">
         <name>T32_INTC_IRQHandler</name>
         <value>0xb33</value>
      </symbol>
      <symbol id="sm-c90">
         <name>AES256_IRQHandler</name>
         <value>0xb33</value>
      </symbol>
      <symbol id="sm-c91">
         <name>RTC_C_IRQHandler</name>
         <value>0xb33</value>
      </symbol>
      <symbol id="sm-c92">
         <name>DMA_ERR_IRQHandler</name>
         <value>0xb33</value>
      </symbol>
      <symbol id="sm-c93">
         <name>DMA_INT3_IRQHandler</name>
         <value>0xb33</value>
      </symbol>
      <symbol id="sm-c94">
         <name>DMA_INT2_IRQHandler</name>
         <value>0xb33</value>
      </symbol>
      <symbol id="sm-c95">
         <name>DMA_INT1_IRQHandler</name>
         <value>0xb33</value>
      </symbol>
      <symbol id="sm-c96">
         <name>DMA_INT0_IRQHandler</name>
         <value>0xb33</value>
      </symbol>
      <symbol id="sm-c97">
         <name>PORT1_IRQHandler</name>
         <value>0xb33</value>
      </symbol>
      <symbol id="sm-c98">
         <name>PORT2_IRQHandler</name>
         <value>0xb33</value>
      </symbol>
      <symbol id="sm-c99">
         <name>PORT3_IRQHandler</name>
         <value>0xb33</value>
      </symbol>
      <symbol id="sm-c9a">
         <name>PORT4_IRQHandler</name>
         <value>0xb33</value>
      </symbol>
      <symbol id="sm-c9b">
         <name>PORT5_IRQHandler</name>
         <value>0xb33</value>
      </symbol>
      <symbol id="sm-c9c">
         <name>PORT6_IRQHandler</name>
         <value>0xb33</value>
      </symbol>
      <symbol id="sm-c9d">
         <name>remove</name>
         <value>0x4911</value>
      </symbol>
   </symbol_table>
   <title>Link successful</title>
</link_info>
