******************************************************************************
                  TI ARM Linker PC v20.2.7                     
******************************************************************************
>> Linked Tue Mar 18 11:56:52 2025

OUTPUT FILE NAME:   <TemplateProject.out>
ENTRY POINT SYMBOL: "_c_int00_noargs"  address: 000039e9


MEMORY CONFIGURATION

         name            origin    length      used     unused   attr    fill
----------------------  --------  ---------  --------  --------  ----  --------
  MAIN                  00000000   00040000  00004091  0003bf6f  R  X
  INFO                  00200000   00004000  00000000  00004000  R  X
  SRAM_CODE             01000000   00010000  00000ce5  0000f31b  RW X
  SRAM_DATA             20000000   00010000  00000ce5  0000f31b  RW  


SEGMENT ALLOCATION MAP

run origin  load origin   length   init length attrs members
----------  ----------- ---------- ----------- ----- -------
00000000    00000000    00004098   00004098    r-x
  00000000    00000000    000000e4   000000e4    r-- .intvecs
  000000e4    000000e4    00003d78   00003d78    r-x .text
  00003e60    00003e60    0000017d   0000017d    r-- .const
  00003fe0    00003fe0    000000b8   000000b8    r-- .cinit
20000000    20000000    000008e5   00000000    rw-
  20000000    20000000    000000e8   00000000    rw- .vtable
  200000e8    200000e8    00000400   00000000    rw- .sysmem
  200004e8    200004e8    00000218   00000000    rw- .data
  20000700    20000700    000001e5   00000000    rw- .bss
2000fc00    2000fc00    00000400   00000000    rw-
  2000fc00    2000fc00    00000400   00000000    rw- .stack


SECTION ALLOCATION MAP

 output                                  attributes/
section   page    origin      length       input sections
--------  ----  ----------  ----------   ----------------
.intvecs   0    00000000    000000e4     
                  00000000    000000e4     startup_msp432p401r_ccs.obj (.intvecs:retain)

.text      0    000000e4    00003d78     
                  000000e4    00000a4e     rtsv7M4_T_le_v4SPD16_eabi.lib : _printfi.c.obj (.text:__TI_printfi)
                  00000b32    00000002     startup_msp432p401r_ccs.obj (.text:Default_Handler)
                  00000b34    00000270     rtsv7M4_T_le_v4SPD16_eabi.lib : _printfi.c.obj (.text:_pconv_a)
                  00000da4    00000200     main.obj (.text:main)
                  00000fa4    000001d0     rtsv7M4_T_le_v4SPD16_eabi.lib : _printfi.c.obj (.text:_pconv_g)
                  00001174    000001b6                                   : fd_add_t2.asm.obj (.text)
                  0000132a    00000002                                   : _lock.c.obj (.text:_nop)
                  0000132c    00000144     msp432p4xx_driverlib.lib : timer_a.o (.text:privateTimer_AProcessClockSourceDivider)
                  00001470    0000013c     rtsv7M4_T_le_v4SPD16_eabi.lib : _printfi.c.obj (.text:_pconv_e)
                  000015ac    00000136                                   : fd_div_t2.asm.obj (.text)
                  000016e2    00000002                                   : div0.asm.obj (.text)
                  000016e4    00000130     msp432p4xx_driverlib.lib : cs.o (.text:CS_initClockSignal)
                  00001814    00000124     rtsv7M4_T_le_v4SPD16_eabi.lib : _printfi.c.obj (.text:fcvt)
                  00001938    0000011c     msp432p4xx_driverlib.lib : uart.o (.text:UART_initModule)
                  00001a54    00000114     rtsv7M4_T_le_v4SPD16_eabi.lib : fputs.c.obj (.text:fputs)
                  00001b68    00000110                                   : fopen.c.obj (.text:_openfile)
                  00001c78    00000110                                   : s_scalbn.c.obj (.text:scalbn)
                  00001d88    00000100                                   : memory.c.obj (.text:aligned_alloc)
                  00001e88    000000fc                                   : fd_mul_t2.asm.obj (.text)
                  00001f84    000000e4     msp432p4xx_driverlib.lib : cs.o (.text:CS_startHFXTWithTimeout)
                  00002068    000000e4     rtsv7M4_T_le_v4SPD16_eabi.lib : memory.c.obj (.text:free)
                  0000214c    000000dc     msp432p4xx_driverlib.lib : cs.o (.text:_CSGetHFXTFrequency)
                  00002228    000000dc     rtsv7M4_T_le_v4SPD16_eabi.lib : setvbuf.c.obj (.text:setvbuf)
                  00002304    000000d2     msp432p4xx_driverlib.lib : timer_a.o (.text:Timer_A_registerInterrupt)
                  000023d6    00000002     --HOLE-- [fill = 0]
                  000023d8    000000bc     rtsv7M4_T_le_v4SPD16_eabi.lib : open.c.obj (.text:open)
                  00002494    000000b8                                   : add_device.c.obj (.text:add_device)
                  0000254c    000000b1                                   : _printfi.c.obj (.text:_ltostr)
                  000025fd    00000003     --HOLE-- [fill = 0]
                  00002600    0000009c     engr2350_msp432.obj (.text:init_std_uart)
                  0000269c    0000009c     rtsv7M4_T_le_v4SPD16_eabi.lib : memcpy_t2.asm.obj (.text)
                  00002738    00000098     system_msp432p401r.obj (.text:SystemInit)
                  000027d0    00000096     rtsv7M4_T_le_v4SPD16_eabi.lib : ull_div_t2.asm.obj (.text)
                  00002866    00000002     --HOLE-- [fill = 0]
                  00002868    00000090     main.obj (.text:Encoder_ISR)
                  000028f8    0000008c     rtsv7M4_T_le_v4SPD16_eabi.lib : fputc.c.obj (.text:fputc)
                  00002984    00000088     msp432p4xx_driverlib.lib : gpio.o (.text:GPIO_setAsPeripheralModuleFunctionInputPin)
                  00002a0c    00000088                              : gpio.o (.text:GPIO_setAsPeripheralModuleFunctionOutputPin)
                  00002a94    00000086     rtsv7M4_T_le_v4SPD16_eabi.lib : fd_cmp_t2.asm.obj (.text:__aeabi_cdcmple)
                  00002b1a    00000086                                   : fd_cmp_t2.asm.obj (.text:__aeabi_cdrcmple)
                  00002ba0    00000080     msp432p4xx_driverlib.lib : interrupt.o (.text:Interrupt_enableInterrupt)
                  00002c20    00000080     engr2350_msp432.obj (.text:dopen)
                  00002ca0    0000007a     rtsv7M4_T_le_v4SPD16_eabi.lib : memset_t2.asm.obj (.text)
                  00002d1a    00000002     --HOLE-- [fill = 0]
                  00002d1c    00000074                                   : fclose.c.obj (.text:__TI_closefile)
                  00002d90    00000070                                   : memory.c.obj (.text:split)
                  00002e00    0000006e                                   : _printfi.c.obj (.text:_mcpy)
                  00002e6e    0000006e                                   : fd_tos_t2.asm.obj (.text)
                  00002edc    0000006c                                   : hostrename.c.obj (.text:HOSTrename)
                  00002f48    00000068                                   : hostlseek.c.obj (.text:HOSTlseek)
                  00002fb0    00000068                                   : copy_decompress_lzss.c.obj (.text:decompress:lzss:__TI_decompress_lzss)
                  00003018    00000068                                   : printf.c.obj (.text:printf)
                  00003080    00000064                                   : s_frexp.c.obj (.text:frexp)
                  000030e4    00000064                                   : fseek.c.obj (.text:fseek)
                  00003148    00000062                                   : _io_perm.c.obj (.text:__TI_wrt_ok)
                  000031aa    00000002     --HOLE-- [fill = 0]
                  000031ac    00000060                                   : hostopen.c.obj (.text:HOSTopen)
                  0000320c    0000005c     msp432p4xx_driverlib.lib : interrupt.o (.text:Interrupt_registerInterrupt)
                  00003268    0000005c     rtsv7M4_T_le_v4SPD16_eabi.lib : close.c.obj (.text:close)
                  000032c4    00000058                                   : hostread.c.obj (.text:HOSTread)
                  0000331c    00000058                                   : hostwrite.c.obj (.text:HOSTwrite)
                  00003374    00000058     msp432p4xx_driverlib.lib : timer_a.o (.text:Timer_A_initCapture)
                  000033cc    00000056     rtsv7M4_T_le_v4SPD16_eabi.lib : _printfi.c.obj (.text:_pconv_f)
                  00003422    00000054                                   : _ltoa.c.obj (.text:__TI_ltoa)
                  00003476    00000002     --HOLE-- [fill = 0]
                  00003478    00000054     engr2350_msp432.obj (.text:dread)
                  000034cc    00000052     rtsv7M4_T_le_v4SPD16_eabi.lib : _printfi.c.obj (.text:_ecpy)
                  0000351e    00000002     --HOLE-- [fill = 0]
                  00003520    00000050     main.obj (.text:timerInit)
                  00003570    0000004c     rtsv7M4_T_le_v4SPD16_eabi.lib : fflush.c.obj (.text:__TI_doflush)
                  000035bc    0000004c                                   : atoi.c.obj (.text:atoi)
                  00003608    00000048     engr2350_msp432.obj (.text:dwrite)
                  00003650    00000048     rtsv7M4_T_le_v4SPD16_eabi.lib : exit.c.obj (.text:exit)
                  00003698    00000048                                   : fd_toi_t2.asm.obj (.text)
                  000036e0    00000044                                   : hostclose.c.obj (.text:HOSTclose)
                  00003724    00000044                                   : hostunlink.c.obj (.text:HOSTunlink)
                  00003768    00000044                                   : autoinit.c.obj (.text:__TI_auto_init_nobinit_nopinit:__TI_auto_init_nobinit_nopinit)
                  000037ac    00000044                                   : getdevice.c.obj (.text:getdevice)
                  000037f0    0000003e                                   : _printfi.c.obj (.text:_fcpy)
                  0000382e    00000002     --HOLE-- [fill = 0]
                  00003830    0000003c     engr2350_msp432.obj (.text:init_hfxtclk)
                  0000386c    00000038     msp432p4xx_driverlib.lib : timer_a.o (.text:Timer_A_getCaptureCompareEnabledInterruptStatus)
                  000038a4    00000038     rtsv7M4_T_le_v4SPD16_eabi.lib : trgmsg.c.obj (.text:__TI_writemsg)
                  000038dc    00000038                                   : fs_tod_t2.asm.obj (.text)
                  00003914    00000036                                   : strncpy.c.obj (.text:strncpy)
                  0000394a    00000002     --HOLE-- [fill = 0]
                  0000394c    00000034     msp432p4xx_driverlib.lib : timer_a.o (.text:Timer_A_configureContinuousMode)
                  00003980    00000034     rtsv7M4_T_le_v4SPD16_eabi.lib : fopen.c.obj (.text:__TI_cleanup)
                  000039b4    00000034                                   : trgmsg.c.obj (.text:__TI_readmsg)
                  000039e8    00000034                                   : boot_cortex_m.c.obj (.text:_c_int00_noargs:_c_int00_noargs)
                  00003a1c    00000034                                   : fopen.c.obj (.text:freopen)
                  00003a50    00000030                                   : getdevice.c.obj (.text:finddevice)
                  00003a80    0000002e                                   : i_tofd_t2.asm.obj (.text)
                  00003aae    00000002     --HOLE-- [fill = 0]
                  00003ab0    0000002c     msp432p4xx_driverlib.lib : timer_a.o (.text:Timer_A_clearCaptureCompareInterrupt)
                  00003adc    0000002c                              : timer_a.o (.text:Timer_A_enableCaptureCompareInterrupt)
                  00003b08    0000002c     rtsv7M4_T_le_v4SPD16_eabi.lib : unlink.c.obj (.text:unlink)
                  00003b34    00000028     msp432p4xx_driverlib.lib : timer_a.o (.text:Timer_A_getCaptureCompareInterruptStatus)
                  00003b5c    00000028     rtsv7M4_T_le_v4SPD16_eabi.lib : memory.c.obj (.text:free_list_insert)
                  00003b84    00000028                                   : lseek.c.obj (.text:lseek)
                  00003bac    00000028                                   : write.c.obj (.text:write)
                  00003bd4    00000022     msp432p4xx_driverlib.lib : timer_a.o (.text:Timer_A_getCaptureCompareCount)
                  00003bf6    00000002     --HOLE-- [fill = 0]
                  00003bf8    00000020                              : cs.o (.text:CS_setExternalClockSourceFrequency)
                  00003c18    00000020     rtsv7M4_T_le_v4SPD16_eabi.lib : memchr.c.obj (.text:memchr)
                  00003c38    0000001c     engr2350_msp432.obj (.text:dclose)
                  00003c54    0000001c     rtsv7M4_T_le_v4SPD16_eabi.lib : copy_zero_init.c.obj (.text:decompress:ZI:__TI_zero_init_nomemset:__TI_zero_init_nomemset)
                  00003c70    0000001c                                   : memory.c.obj (.text:free_list_remove)
                  00003c8c    0000001c                                   : memccpy.c.obj (.text:memccpy)
                  00003ca8    0000001a                                   : s_copysign.c.obj (.text:copysign)
                  00003cc2    00000002     --HOLE-- [fill = 0]
                  00003cc4    00000018     msp432p4xx_driverlib.lib : sysctl_a.o (.text:SysCtl_A_disableNMISource)
                  00003cdc    00000018                              : sysctl_a.o (.text:SysCtl_A_enableNMISource)
                  00003cf4    00000018                              : timer_a.o (.text:Timer_A_enableInterrupt)
                  00003d0c    00000018     rtsv7M4_T_le_v4SPD16_eabi.lib : strcmp.c.obj (.text:strcmp)
                  00003d24    00000016     msp432p4xx_driverlib.lib : timer_a.o (.text:Timer_A_clearInterruptFlag)
                  00003d3a    00000016                              : timer_a.o (.text:Timer_A_startCounter)
                  00003d50    00000016     rtsv7M4_T_le_v4SPD16_eabi.lib : strchr.c.obj (.text:strchr)
                  00003d66    00000014                                   : strcpy.c.obj (.text:strcpy)
                  00003d7a    00000014                                   : strlen.c.obj (.text:strlen)
                  00003d8e    00000012     msp432p4xx_driverlib.lib : cs.o (.text:CS_startHFXT)
                  00003da0    00000012                              : timer_a.o (.text:Timer_A_getInterruptStatus)
                  00003db2    00000012     engr2350_msp432.obj (.text:dlseek)
                  00003dc4    00000012     rtsv7M4_T_le_v4SPD16_eabi.lib : wcslen.c.obj (.text:wcslen)
                  00003dd6    00000002     --HOLE-- [fill = 0]
                  00003dd8    00000010     msp432p4xx_driverlib.lib : sysctl_a.o (.text:SysCtl_A_getNMISourceStatus)
                  00003de8    00000010     engr2350_msp432.obj (.text:drename)
                  00003df8    0000000e     main.obj (.text:GPIOInit)
                  00003e06    0000000e     rtsv7M4_T_le_v4SPD16_eabi.lib : copy_decompress_none.c.obj (.text:decompress:none:__TI_decompress_none)
                  00003e14    0000000e     engr2350_msp432.obj (.text:dunlink)
                  00003e22    0000000c     startup_msp432p401r_ccs.obj (.text:Reset_Handler)
                  00003e2e    0000000c     engr2350_msp432.obj (.text:sysInit)
                  00003e3a    00000002     --HOLE-- [fill = 0]
                  00003e3c    00000008     rtsv7M4_T_le_v4SPD16_eabi.lib : errno.c.obj (.text:__aeabi_errno_addr)
                  00003e44    00000008                                   : memory.c.obj (.text:malloc)
                  00003e4c    00000004                                   : printf.c.obj (.text:_outc)
                  00003e50    00000004                                   : printf.c.obj (.text:_outs)
                  00003e54    00000004                                   : pre_init.c.obj (.text:_system_pre_init)
                  00003e58    00000004                                   : exit.c.obj (.text:abort:abort)

.const     0    00003e60    0000017d     
                  00003e60    00000101     rtsv7M4_T_le_v4SPD16_eabi.lib : ctype.c.obj (.const:.string:_ctypes_)
                  00003f61    00000003     --HOLE-- [fill = 0]
                  00003f64    00000030     msp432p4xx_driverlib.lib : gpio.o (.const:GPIO_PORT_TO_BASE)
                  00003f94    00000028     engr2350_msp432.obj (.const:$P$T1$2)
                  00003fbc    00000004     --HOLE-- [fill = 0]
                  00003fc0    00000010     main.obj (.const)
                  00003fd0    00000008     msp432p4xx_driverlib.lib : interrupt.o (.const:g_pulEnRegs)
                  00003fd8    00000005     engr2350_msp432.obj (.const:.string:$P$T0$1)

.cinit     0    00003fe0    000000b8     
                  00003fe0    0000007f     (.cinit..data.load) [load image, compression = lzss]
                  0000405f    00000001     --HOLE-- [fill = 0]
                  00004060    0000000c     (__TI_handler_table)
                  0000406c    00000004     --HOLE-- [fill = 0]
                  00004070    00000008     (.cinit..bss.load) [load image, compression = zero_init]
                  00004078    00000008     (.cinit..vtable.load) [load image, compression = zero_init]
                  00004080    00000018     (__TI_cinit_table)

.init_array 
*          0    00000000    00000000     UNINITIALIZED

.binit     0    00000000    00000000     

.vtable    0    20000000    000000e8     UNINITIALIZED
                  20000000    000000e8     msp432p4xx_driverlib.lib : interrupt.o (.vtable)

.sysmem    0    200000e8    00000400     UNINITIALIZED
                  200000e8    00000010     rtsv7M4_T_le_v4SPD16_eabi.lib : memory.c.obj (.sysmem)
                  200000f8    000003f0     --HOLE--

.data      0    200004e8    00000218     UNINITIALIZED
                  200004e8    000000f0     rtsv7M4_T_le_v4SPD16_eabi.lib : defs.c.obj (.data:_ftable)
                  200005d8    00000078                                   : host_device.c.obj (.data:_device)
                  20000650    00000050                                   : host_device.c.obj (.data:_stream)
                  200006a0    00000018     main.obj (.data:timerCaptureConfig)
                  200006b8    00000010     rtsv7M4_T_le_v4SPD16_eabi.lib : defs.c.obj (.data)
                  200006c8    00000010     main.obj (.data:timerConfig)
                  200006d8    0000000c     rtsv7M4_T_le_v4SPD16_eabi.lib : exit.c.obj (.data:$O1$$)
                  200006e4    00000008                                   : _lock.c.obj (.data:$O1$$)
                  200006ec    00000008                                   : memory.c.obj (.data:$O1$$)
                  200006f4    00000004                                   : add_device.c.obj (.data)
                  200006f8    00000004                                   : errno.c.obj (.data)
                  200006fc    00000004                                   : open.c.obj (.data)

.bss       0    20000700    000001e5     UNINITIALIZED
                  20000700    00000120     rtsv7M4_T_le_v4SPD16_eabi.lib : trgmsg.c.obj (.bss:_CIOBUF_)
                  20000820    000000a0     (.common:__TI_tmpnams)
                  200008c0    00000008     msp432p4xx_driverlib.lib : cs.o (.bss)
                  200008c8    00000008     (.common:parmbuf)
                  200008d0    00000004     (.common:capture_value)
                  200008d4    00000004     (.common:enc_counts)
                  200008d8    00000004     (.common:enc_counts_track)
                  200008dc    00000004     (.common:enc_total)
                  200008e0    00000004     (.common:overflows)
                  200008e4    00000001     (.common:enc_flag)

.stack     0    2000fc00    00000400     UNINITIALIZED
                  2000fc00    00000004     rtsv7M4_T_le_v4SPD16_eabi.lib : boot_cortex_m.c.obj (.stack)
                  2000fc04    000003fc     --HOLE--

__llvm_prf_cnts 
*          0    20000000    00000000     UNINITIALIZED

MODULE SUMMARY

       Module                        code    ro data   rw data
       ------                        ----    -------   -------
    .\
       main.obj                      750     16        122    
    +--+-----------------------------+-------+---------+---------+
       Total:                        750     16        122    
                                                              
    .\src\
       engr2350_msp432.obj           588     45        0      
       startup_msp432p401r_ccs.obj   14      228       0      
       system_msp432p401r.obj        152     0         0      
    +--+-----------------------------+-------+---------+---------+
       Total:                        754     273       0      
                                                              
    C:/ti/simplelink_msp432p4_sdk_3_40_01_02/source/ti/devices/msp432p4xx/driverlib/ccs/msp432p4xx_driverlib.lib
       timer_a.o                     978     0         0      
       cs.o                          802     0         16     
       interrupt.o                   220     8         464    
       gpio.o                        272     48        0      
       uart.o                        284     0         0      
       sysctl_a.o                    64      0         0      
    +--+-----------------------------+-------+---------+---------+
       Total:                        2620    56        480    
                                                              
    C:\ti\ccs1281\ccs\tools\compiler\ti-cgt-arm_20.2.7.LTS\lib\rtsv7M4_T_le_v4SPD16_eabi.lib
       _printfi.c.obj                4851    0         0      
       defs.c.obj                    0       0         832    
       memory.c.obj                  672     0         16     
       trgmsg.c.obj                  108     0         576    
       fd_add_t2.asm.obj             438     0         0      
       host_device.c.obj             0       0         400    
       fopen.c.obj                   376     0         0      
       fd_div_t2.asm.obj             310     0         0      
       fputs.c.obj                   276     0         0      
       s_scalbn.c.obj                272     0         0      
       fd_cmp_t2.asm.obj             268     0         0      
       ctype.c.obj                   0       257       0      
       fd_mul_t2.asm.obj             252     0         0      
       setvbuf.c.obj                 220     0         0      
       open.c.obj                    188     0         8      
       add_device.c.obj              184     0         8      
       memcpy_t2.asm.obj             156     0         0      
       ull_div_t2.asm.obj            150     0         0      
       fputc.c.obj                   140     0         0      
       memset_t2.asm.obj             122     0         0      
       fclose.c.obj                  116     0         0      
       getdevice.c.obj               116     0         0      
       hostopen.c.obj                96      0         16     
       printf.c.obj                  112     0         0      
       fd_tos_t2.asm.obj             110     0         0      
       hostrename.c.obj              108     0         0      
       copy_decompress_lzss.c.obj    104     0         0      
       hostlseek.c.obj               104     0         0      
       exit.c.obj                    76      0         24     
       fseek.c.obj                   100     0         0      
       s_frexp.c.obj                 100     0         0      
       _io_perm.c.obj                98      0         0      
       close.c.obj                   92      0         0      
       hostread.c.obj                88      0         0      
       hostwrite.c.obj               88      0         0      
       _ltoa.c.obj                   84      0         0      
       atoi.c.obj                    76      0         0      
       fflush.c.obj                  76      0         0      
       fd_toi_t2.asm.obj             72      0         0      
       autoinit.c.obj                68      0         0      
       hostclose.c.obj               68      0         0      
       hostunlink.c.obj              68      0         0      
       fs_tod_t2.asm.obj             56      0         0      
       strncpy.c.obj                 54      0         0      
       boot_cortex_m.c.obj           52      0         0      
       i_tofd_t2.asm.obj             46      0         0      
       unlink.c.obj                  44      0         0      
       lseek.c.obj                   40      0         0      
       write.c.obj                   40      0         0      
       memchr.c.obj                  32      0         0      
       copy_zero_init.c.obj          28      0         0      
       memccpy.c.obj                 28      0         0      
       s_copysign.c.obj              26      0         0      
       strcmp.c.obj                  24      0         0      
       strchr.c.obj                  22      0         0      
       strcpy.c.obj                  20      0         0      
       strlen.c.obj                  20      0         0      
       _lock.c.obj                   2       0         16     
       wcslen.c.obj                  18      0         0      
       errno.c.obj                   8       0         8      
       copy_decompress_none.c.obj    14      0         0      
       pre_init.c.obj                4       0         0      
       div0.asm.obj                  2       0         0      
    +--+-----------------------------+-------+---------+---------+
       Total:                        11583   257       1904   
                                                              
       Heap:                         0       0         2048   
       Stack:                        0       0         2048   
       Linker Generated:             0       179       0      
    +--+-----------------------------+-------+---------+---------+
       Grand Total:                  15707   781       6602   


LINKER GENERATED COPY TABLES

__TI_cinit_table @ 00004080 records: 3, size/record: 8, table size: 24
	.data: load addr=00003fe0, load size=0000007f bytes, run addr=200004e8, run size=00000218 bytes, compression=lzss
	.bss: load addr=00004070, load size=00000008 bytes, run addr=20000700, run size=000001e5 bytes, compression=zero_init
	.vtable: load addr=00004078, load size=00000008 bytes, run addr=20000000, run size=000000e8 bytes, compression=zero_init


LINKER GENERATED HANDLER TABLE

__TI_handler_table @ 00004060 records: 3, size/record: 4, table size: 12
	index: 0, handler: __TI_zero_init
	index: 1, handler: __TI_decompress_lzss
	index: 2, handler: __TI_decompress_none


GLOBAL SYMBOLS: SORTED ALPHABETICALLY BY Name 

address   name                                           
-------   ----                                           
00000b33  ADC14_IRQHandler                               
00000b33  AES256_IRQHandler                              
00000b33  BusFault_Handler                               
00003e59  C$$EXIT                                        
000038d3  C$$IO$$                                        
00000b33  COMP_E0_IRQHandler                             
00000b33  COMP_E1_IRQHandler                             
00000b33  CS_IRQHandler                                  
000016e5  CS_initClockSignal                             
00003bf9  CS_setExternalClockSourceFrequency             
00003d8f  CS_startHFXT                                   
00001f85  CS_startHFXTWithTimeout                        
00000b33  DMA_ERR_IRQHandler                             
00000b33  DMA_INT0_IRQHandler                            
00000b33  DMA_INT1_IRQHandler                            
00000b33  DMA_INT2_IRQHandler                            
00000b33  DMA_INT3_IRQHandler                            
00000b33  DebugMon_Handler                               
00000b33  Default_Handler                                
00000b33  EUSCIA0_IRQHandler                             
00000b33  EUSCIA1_IRQHandler                             
00000b33  EUSCIA2_IRQHandler                             
00000b33  EUSCIA3_IRQHandler                             
00000b33  EUSCIB0_IRQHandler                             
00000b33  EUSCIB1_IRQHandler                             
00000b33  EUSCIB2_IRQHandler                             
00000b33  EUSCIB3_IRQHandler                             
00002869  Encoder_ISR                                    
00000b33  FLCTL_IRQHandler                               
00000b33  FPU_IRQHandler                                 
00003df9  GPIOInit                                       
00002985  GPIO_setAsPeripheralModuleFunctionInputPin     
00002a0d  GPIO_setAsPeripheralModuleFunctionOutputPin    
000036e1  HOSTclose                                      
00002f49  HOSTlseek                                      
000031ad  HOSTopen                                       
000032c5  HOSTread                                       
00002edd  HOSTrename                                     
00003725  HOSTunlink                                     
0000331d  HOSTwrite                                      
00000b33  HardFault_Handler                              
00002ba1  Interrupt_enableInterrupt                      
0000320d  Interrupt_registerInterrupt                    
00000b33  MemManage_Handler                              
00000b33  NMI_Handler                                    
00000b33  PCM_IRQHandler                                 
00000b33  PORT1_IRQHandler                               
00000b33  PORT2_IRQHandler                               
00000b33  PORT3_IRQHandler                               
00000b33  PORT4_IRQHandler                               
00000b33  PORT5_IRQHandler                               
00000b33  PORT6_IRQHandler                               
00000b33  PSS_IRQHandler                                 
00000b33  PendSV_Handler                                 
00000b33  RTC_C_IRQHandler                               
00003e23  Reset_Handler                                  
00000b33  SVC_Handler                                    
00003cc5  SysCtl_A_disableNMISource                      
00003cdd  SysCtl_A_enableNMISource                       
00003dd9  SysCtl_A_getNMISourceStatus                    
00000b33  SysTick_Handler                                
00002739  SystemInit                                     
00000b33  T32_INT1_IRQHandler                            
00000b33  T32_INT2_IRQHandler                            
00000b33  T32_INTC_IRQHandler                            
00000b33  TA0_0_IRQHandler                               
00000b33  TA0_N_IRQHandler                               
00000b33  TA1_0_IRQHandler                               
00000b33  TA1_N_IRQHandler                               
00000b33  TA2_0_IRQHandler                               
00000b33  TA2_N_IRQHandler                               
00000b33  TA3_0_IRQHandler                               
00000b33  TA3_N_IRQHandler                               
00003ab1  Timer_A_clearCaptureCompareInterrupt           
00003d25  Timer_A_clearInterruptFlag                     
0000394d  Timer_A_configureContinuousMode                
00003add  Timer_A_enableCaptureCompareInterrupt          
00003cf5  Timer_A_enableInterrupt                        
00003bd5  Timer_A_getCaptureCompareCount                 
0000386d  Timer_A_getCaptureCompareEnabledInterruptStatus
00003b35  Timer_A_getCaptureCompareInterruptStatus       
00003da1  Timer_A_getInterruptStatus                     
00003375  Timer_A_initCapture                            
00002305  Timer_A_registerInterrupt                      
00003d3b  Timer_A_startCounter                           
00001939  UART_initModule                                
00000b33  UsageFault_Handler                             
4000480c  WDTCTL_SYM                                     
00000b33  WDT_A_IRQHandler                               
20000700  __CIOBUF_                                      
20010000  __STACK_END                                    
00000400  __STACK_SIZE                                   
00000400  __SYSMEM_SIZE                                  
00004080  __TI_CINIT_Base                                
00004098  __TI_CINIT_Limit                               
00004060  __TI_Handler_Table_Base                        
0000406c  __TI_Handler_Table_Limit                       
00003769  __TI_auto_init_nobinit_nopinit                 
00003981  __TI_cleanup                                   
200006d8  __TI_cleanup_ptr                               
00002d1d  __TI_closefile                                 
00002fb1  __TI_decompress_lzss                           
00003e07  __TI_decompress_none                           
00003571  __TI_doflush                                   
200006dc  __TI_dtors_ptr                                 
200006e0  __TI_enable_exit_profile_output                
200006b8  __TI_ft_end                                    
00003423  __TI_ltoa                                      
ffffffff  __TI_pprof_out_hndl                            
000000e5  __TI_printfi                                   
ffffffff  __TI_prof_data_size                            
ffffffff  __TI_prof_data_start                           
000039b5  __TI_readmsg                                   
00000000  __TI_static_base__                             
20000820  __TI_tmpnams                                   
000038a5  __TI_writemsg                                  
00003149  __TI_wrt_ok                                    
00003c55  __TI_zero_init_nomemset                        
00002a95  __aeabi_cdcmpeq                                
00002a95  __aeabi_cdcmple                                
00002b1b  __aeabi_cdrcmple                               
00002e6f  __aeabi_d2f                                    
00003699  __aeabi_d2iz                                   
0000117f  __aeabi_dadd                                   
000015ad  __aeabi_ddiv                                   
00001e89  __aeabi_dmul                                   
00001175  __aeabi_dsub                                   
00003e3d  __aeabi_errno_addr                             
000038dd  __aeabi_f2d                                    
00003a81  __aeabi_i2d                                    
000016e3  __aeabi_idiv0                                  
000016e3  __aeabi_ldiv0                                  
00002ca1  __aeabi_memclr                                 
00002ca1  __aeabi_memclr4                                
00002ca1  __aeabi_memclr8                                
0000269d  __aeabi_memcpy                                 
0000269d  __aeabi_memcpy4                                
0000269d  __aeabi_memcpy8                                
00002ca3  __aeabi_memset                                 
00002ca3  __aeabi_memset4                                
00002ca3  __aeabi_memset8                                
200006c4  __aeabi_stderr                                 
200006bc  __aeabi_stdin                                  
200006c0  __aeabi_stdout                                 
000027d1  __aeabi_uldivmod                               
ffffffff  __binit__                                      
ffffffff  __c_args__                                     
UNDEFED   __mpu_init                                     
2000fc00  __stack                                        
20000000  __start___llvm_prf_cnts                        
20000000  __stop___llvm_prf_cnts                         
000039e9  _c_int00_noargs                                
00003e60  _ctypes_                                       
200005d8  _device                                        
200004e8  _ftable                                        
200006e4  _lock                                          
0000132b  _nop                                           
20000650  _stream                                        
200000e8  _sys_memory                                    
UNDEFED   _system_post_cinit                             
00003e55  _system_pre_init                               
200006e8  _unlock                                        
00003e59  abort                                          
00002495  add_device                                     
00001d89  aligned_alloc                                  
000035bd  atoi                                           
ffffffff  binit                                          
200008d0  capture_value                                  
00003269  close                                          
00003ca9  copysign                                       
00003ca9  copysignl                                      
00003c39  dclose                                         
00003db3  dlseek                                         
00002c21  dopen                                          
00003479  dread                                          
00003de9  drename                                        
00003e15  dunlink                                        
00003609  dwrite                                         
200008d4  enc_counts                                     
200008d8  enc_counts_track                               
200008e4  enc_flag                                       
200008dc  enc_total                                      
200006f8  errno                                          
00003651  exit                                           
00003a51  finddevice                                     
000028f9  fputc                                          
00001a55  fputs                                          
00002069  free                                           
00003a1d  freopen                                        
00003081  frexp                                          
00003081  frexpl                                         
000030e5  fseek                                          
20000000  g_pfnRAMVectors                                
000037ad  getdevice                                      
00003831  init_hfxtclk                                   
00002601  init_std_uart                                  
00000000  interruptVectors                               
00001c79  ldexp                                          
00001c79  ldexpl                                         
00003b85  lseek                                          
00000da5  main                                           
00003e45  malloc                                         
00001d89  memalign                                       
00003c8d  memccpy                                        
00003c19  memchr                                         
0000269d  memcpy                                         
00002ca9  memset                                         
000023d9  open                                           
200008e0  overflows                                      
200008c8  parmbuf                                        
00003fc8  pi                                             
00003019  printf                                         
000028f9  putc                                           
00003fc0  radius                                         
00003b09  remove                                         
00001c79  scalbn                                         
00001c79  scalbnl                                        
00002229  setvbuf                                        
00003d51  strchr                                         
00003d0d  strcmp                                         
00003d67  strcpy                                         
00003d7b  strlen                                         
00003915  strncpy                                        
00003e2f  sysInit                                        
200006a0  timerCaptureConfig                             
200006c8  timerConfig                                    
00003521  timerInit                                      
00003b09  unlink                                         
00003dc5  wcslen                                         
00003bad  write                                          


GLOBAL SYMBOLS: SORTED BY Symbol Address 

address   name                                           
-------   ----                                           
00000000  __TI_static_base__                             
00000000  interruptVectors                               
000000e5  __TI_printfi                                   
00000400  __STACK_SIZE                                   
00000400  __SYSMEM_SIZE                                  
00000b33  ADC14_IRQHandler                               
00000b33  AES256_IRQHandler                              
00000b33  BusFault_Handler                               
00000b33  COMP_E0_IRQHandler                             
00000b33  COMP_E1_IRQHandler                             
00000b33  CS_IRQHandler                                  
00000b33  DMA_ERR_IRQHandler                             
00000b33  DMA_INT0_IRQHandler                            
00000b33  DMA_INT1_IRQHandler                            
00000b33  DMA_INT2_IRQHandler                            
00000b33  DMA_INT3_IRQHandler                            
00000b33  DebugMon_Handler                               
00000b33  Default_Handler                                
00000b33  EUSCIA0_IRQHandler                             
00000b33  EUSCIA1_IRQHandler                             
00000b33  EUSCIA2_IRQHandler                             
00000b33  EUSCIA3_IRQHandler                             
00000b33  EUSCIB0_IRQHandler                             
00000b33  EUSCIB1_IRQHandler                             
00000b33  EUSCIB2_IRQHandler                             
00000b33  EUSCIB3_IRQHandler                             
00000b33  FLCTL_IRQHandler                               
00000b33  FPU_IRQHandler                                 
00000b33  HardFault_Handler                              
00000b33  MemManage_Handler                              
00000b33  NMI_Handler                                    
00000b33  PCM_IRQHandler                                 
00000b33  PORT1_IRQHandler                               
00000b33  PORT2_IRQHandler                               
00000b33  PORT3_IRQHandler                               
00000b33  PORT4_IRQHandler                               
00000b33  PORT5_IRQHandler                               
00000b33  PORT6_IRQHandler                               
00000b33  PSS_IRQHandler                                 
00000b33  PendSV_Handler                                 
00000b33  RTC_C_IRQHandler                               
00000b33  SVC_Handler                                    
00000b33  SysTick_Handler                                
00000b33  T32_INT1_IRQHandler                            
00000b33  T32_INT2_IRQHandler                            
00000b33  T32_INTC_IRQHandler                            
00000b33  TA0_0_IRQHandler                               
00000b33  TA0_N_IRQHandler                               
00000b33  TA1_0_IRQHandler                               
00000b33  TA1_N_IRQHandler                               
00000b33  TA2_0_IRQHandler                               
00000b33  TA2_N_IRQHandler                               
00000b33  TA3_0_IRQHandler                               
00000b33  TA3_N_IRQHandler                               
00000b33  UsageFault_Handler                             
00000b33  WDT_A_IRQHandler                               
00000da5  main                                           
00001175  __aeabi_dsub                                   
0000117f  __aeabi_dadd                                   
0000132b  _nop                                           
000015ad  __aeabi_ddiv                                   
000016e3  __aeabi_idiv0                                  
000016e3  __aeabi_ldiv0                                  
000016e5  CS_initClockSignal                             
00001939  UART_initModule                                
00001a55  fputs                                          
00001c79  ldexp                                          
00001c79  ldexpl                                         
00001c79  scalbn                                         
00001c79  scalbnl                                        
00001d89  aligned_alloc                                  
00001d89  memalign                                       
00001e89  __aeabi_dmul                                   
00001f85  CS_startHFXTWithTimeout                        
00002069  free                                           
00002229  setvbuf                                        
00002305  Timer_A_registerInterrupt                      
000023d9  open                                           
00002495  add_device                                     
00002601  init_std_uart                                  
0000269d  __aeabi_memcpy                                 
0000269d  __aeabi_memcpy4                                
0000269d  __aeabi_memcpy8                                
0000269d  memcpy                                         
00002739  SystemInit                                     
000027d1  __aeabi_uldivmod                               
00002869  Encoder_ISR                                    
000028f9  fputc                                          
000028f9  putc                                           
00002985  GPIO_setAsPeripheralModuleFunctionInputPin     
00002a0d  GPIO_setAsPeripheralModuleFunctionOutputPin    
00002a95  __aeabi_cdcmpeq                                
00002a95  __aeabi_cdcmple                                
00002b1b  __aeabi_cdrcmple                               
00002ba1  Interrupt_enableInterrupt                      
00002c21  dopen                                          
00002ca1  __aeabi_memclr                                 
00002ca1  __aeabi_memclr4                                
00002ca1  __aeabi_memclr8                                
00002ca3  __aeabi_memset                                 
00002ca3  __aeabi_memset4                                
00002ca3  __aeabi_memset8                                
00002ca9  memset                                         
00002d1d  __TI_closefile                                 
00002e6f  __aeabi_d2f                                    
00002edd  HOSTrename                                     
00002f49  HOSTlseek                                      
00002fb1  __TI_decompress_lzss                           
00003019  printf                                         
00003081  frexp                                          
00003081  frexpl                                         
000030e5  fseek                                          
00003149  __TI_wrt_ok                                    
000031ad  HOSTopen                                       
0000320d  Interrupt_registerInterrupt                    
00003269  close                                          
000032c5  HOSTread                                       
0000331d  HOSTwrite                                      
00003375  Timer_A_initCapture                            
00003423  __TI_ltoa                                      
00003479  dread                                          
00003521  timerInit                                      
00003571  __TI_doflush                                   
000035bd  atoi                                           
00003609  dwrite                                         
00003651  exit                                           
00003699  __aeabi_d2iz                                   
000036e1  HOSTclose                                      
00003725  HOSTunlink                                     
00003769  __TI_auto_init_nobinit_nopinit                 
000037ad  getdevice                                      
00003831  init_hfxtclk                                   
0000386d  Timer_A_getCaptureCompareEnabledInterruptStatus
000038a5  __TI_writemsg                                  
000038d3  C$$IO$$                                        
000038dd  __aeabi_f2d                                    
00003915  strncpy                                        
0000394d  Timer_A_configureContinuousMode                
00003981  __TI_cleanup                                   
000039b5  __TI_readmsg                                   
000039e9  _c_int00_noargs                                
00003a1d  freopen                                        
00003a51  finddevice                                     
00003a81  __aeabi_i2d                                    
00003ab1  Timer_A_clearCaptureCompareInterrupt           
00003add  Timer_A_enableCaptureCompareInterrupt          
00003b09  remove                                         
00003b09  unlink                                         
00003b35  Timer_A_getCaptureCompareInterruptStatus       
00003b85  lseek                                          
00003bad  write                                          
00003bd5  Timer_A_getCaptureCompareCount                 
00003bf9  CS_setExternalClockSourceFrequency             
00003c19  memchr                                         
00003c39  dclose                                         
00003c55  __TI_zero_init_nomemset                        
00003c8d  memccpy                                        
00003ca9  copysign                                       
00003ca9  copysignl                                      
00003cc5  SysCtl_A_disableNMISource                      
00003cdd  SysCtl_A_enableNMISource                       
00003cf5  Timer_A_enableInterrupt                        
00003d0d  strcmp                                         
00003d25  Timer_A_clearInterruptFlag                     
00003d3b  Timer_A_startCounter                           
00003d51  strchr                                         
00003d67  strcpy                                         
00003d7b  strlen                                         
00003d8f  CS_startHFXT                                   
00003da1  Timer_A_getInterruptStatus                     
00003db3  dlseek                                         
00003dc5  wcslen                                         
00003dd9  SysCtl_A_getNMISourceStatus                    
00003de9  drename                                        
00003df9  GPIOInit                                       
00003e07  __TI_decompress_none                           
00003e15  dunlink                                        
00003e23  Reset_Handler                                  
00003e2f  sysInit                                        
00003e3d  __aeabi_errno_addr                             
00003e45  malloc                                         
00003e55  _system_pre_init                               
00003e59  C$$EXIT                                        
00003e59  abort                                          
00003e60  _ctypes_                                       
00003fc0  radius                                         
00003fc8  pi                                             
00004060  __TI_Handler_Table_Base                        
0000406c  __TI_Handler_Table_Limit                       
00004080  __TI_CINIT_Base                                
00004098  __TI_CINIT_Limit                               
20000000  __start___llvm_prf_cnts                        
20000000  __stop___llvm_prf_cnts                         
20000000  g_pfnRAMVectors                                
200000e8  _sys_memory                                    
200004e8  _ftable                                        
200005d8  _device                                        
20000650  _stream                                        
200006a0  timerCaptureConfig                             
200006b8  __TI_ft_end                                    
200006bc  __aeabi_stdin                                  
200006c0  __aeabi_stdout                                 
200006c4  __aeabi_stderr                                 
200006c8  timerConfig                                    
200006d8  __TI_cleanup_ptr                               
200006dc  __TI_dtors_ptr                                 
200006e0  __TI_enable_exit_profile_output                
200006e4  _lock                                          
200006e8  _unlock                                        
200006f8  errno                                          
20000700  __CIOBUF_                                      
20000820  __TI_tmpnams                                   
200008c8  parmbuf                                        
200008d0  capture_value                                  
200008d4  enc_counts                                     
200008d8  enc_counts_track                               
200008dc  enc_total                                      
200008e0  overflows                                      
200008e4  enc_flag                                       
2000fc00  __stack                                        
20010000  __STACK_END                                    
4000480c  WDTCTL_SYM                                     
ffffffff  __TI_pprof_out_hndl                            
ffffffff  __TI_prof_data_size                            
ffffffff  __TI_prof_data_start                           
ffffffff  __binit__                                      
ffffffff  __c_args__                                     
ffffffff  binit                                          
UNDEFED   __mpu_init                                     
UNDEFED   _system_post_cinit                             

[230 symbols]
