<?xml version="1.0" encoding="ISO-8859-1" ?>
<link_info>
   <banner>TI ARM Linker PC v20.2.7.LTS</banner>
   <copyright>Copyright (c) 1996-2018 Texas Instruments Incorporated</copyright>
   <link_time>0x679cf0ba</link_time>
   <link_errors>0x0</link_errors>
   <output_file>lab1_template.out</output_file>
   <entry_point>
      <name>_c_int00_noargs</name>
      <address>0x4a81</address>
   </entry_point>
   <input_file_list>
      <input_file id="fl-2">
         <path>.\</path>
         <kind>object</kind>
         <file>main.obj</file>
         <name>main.obj</name>
      </input_file>
      <input_file id="fl-3">
         <path>.\src\</path>
         <kind>object</kind>
         <file>engr2350_msp432.obj</file>
         <name>engr2350_msp432.obj</name>
      </input_file>
      <input_file id="fl-4">
         <path>.\src\</path>
         <kind>object</kind>
         <file>startup_msp432p401r_ccs.obj</file>
         <name>startup_msp432p401r_ccs.obj</name>
      </input_file>
      <input_file id="fl-5">
         <path>.\src\</path>
         <kind>object</kind>
         <file>system_msp432p401r.obj</file>
         <name>system_msp432p401r.obj</name>
      </input_file>
      <input_file id="fl-10">
         <kind>object</kind>
         <file>&lt;internal&gt;</file>
         <name>&lt;internal&gt;</name>
      </input_file>
      <input_file id="fl-11">
         <path>..\src\</path>
         <kind>archive</kind>
         <file>lab1lib.lib</file>
         <name>lab1lib.obj</name>
      </input_file>
      <input_file id="fl-12">
         <path>C:\ti\simplelink_msp432p4_sdk_3_40_01_02\source\ti\devices\msp432p4xx\driverlib\ccs\</path>
         <kind>archive</kind>
         <file>msp432p4xx_driverlib.lib</file>
         <name>cs.o</name>
      </input_file>
      <input_file id="fl-13">
         <path>C:\ti\simplelink_msp432p4_sdk_3_40_01_02\source\ti\devices\msp432p4xx\driverlib\ccs\</path>
         <kind>archive</kind>
         <file>msp432p4xx_driverlib.lib</file>
         <name>gpio.o</name>
      </input_file>
      <input_file id="fl-14">
         <path>C:\ti\simplelink_msp432p4_sdk_3_40_01_02\source\ti\devices\msp432p4xx\driverlib\ccs\</path>
         <kind>archive</kind>
         <file>msp432p4xx_driverlib.lib</file>
         <name>interrupt.o</name>
      </input_file>
      <input_file id="fl-15">
         <path>C:\ti\simplelink_msp432p4_sdk_3_40_01_02\source\ti\devices\msp432p4xx\driverlib\ccs\</path>
         <kind>archive</kind>
         <file>msp432p4xx_driverlib.lib</file>
         <name>sysctl_a.o</name>
      </input_file>
      <input_file id="fl-16">
         <path>C:\ti\simplelink_msp432p4_sdk_3_40_01_02\source\ti\devices\msp432p4xx\driverlib\ccs\</path>
         <kind>archive</kind>
         <file>msp432p4xx_driverlib.lib</file>
         <name>timer_a.o</name>
      </input_file>
      <input_file id="fl-17">
         <path>C:\ti\simplelink_msp432p4_sdk_3_40_01_02\source\ti\devices\msp432p4xx\driverlib\ccs\</path>
         <kind>archive</kind>
         <file>msp432p4xx_driverlib.lib</file>
         <name>uart.o</name>
      </input_file>
      <input_file id="fl-18">
         <path>C:\ti\simplelink_msp432p4_sdk_3_40_01_02\source\ti\devices\msp432p4xx\driverlib\ccs\</path>
         <kind>archive</kind>
         <file>msp432p4xx_driverlib.lib</file>
         <name>cpu.o</name>
      </input_file>
      <input_file id="fl-ce">
         <path>C:\ti\ccs1281\ccs\tools\compiler\ti-cgt-arm_20.2.7.LTS\lib\</path>
         <kind>archive</kind>
         <file>rtsv7M4_T_le_v4SPD16_eabi.lib</file>
         <name>printf.c.obj</name>
      </input_file>
      <input_file id="fl-cf">
         <path>C:\ti\ccs1281\ccs\tools\compiler\ti-cgt-arm_20.2.7.LTS\lib\</path>
         <kind>archive</kind>
         <file>rtsv7M4_T_le_v4SPD16_eabi.lib</file>
         <name>_printfi.c.obj</name>
      </input_file>
      <input_file id="fl-d0">
         <path>C:\ti\ccs1281\ccs\tools\compiler\ti-cgt-arm_20.2.7.LTS\lib\</path>
         <kind>archive</kind>
         <file>rtsv7M4_T_le_v4SPD16_eabi.lib</file>
         <name>fgetc.c.obj</name>
      </input_file>
      <input_file id="fl-d1">
         <path>C:\ti\ccs1281\ccs\tools\compiler\ti-cgt-arm_20.2.7.LTS\lib\</path>
         <kind>archive</kind>
         <file>rtsv7M4_T_le_v4SPD16_eabi.lib</file>
         <name>fopen.c.obj</name>
      </input_file>
      <input_file id="fl-d2">
         <path>C:\ti\ccs1281\ccs\tools\compiler\ti-cgt-arm_20.2.7.LTS\lib\</path>
         <kind>archive</kind>
         <file>rtsv7M4_T_le_v4SPD16_eabi.lib</file>
         <name>fputc.c.obj</name>
      </input_file>
      <input_file id="fl-d3">
         <path>C:\ti\ccs1281\ccs\tools\compiler\ti-cgt-arm_20.2.7.LTS\lib\</path>
         <kind>archive</kind>
         <file>rtsv7M4_T_le_v4SPD16_eabi.lib</file>
         <name>fputs.c.obj</name>
      </input_file>
      <input_file id="fl-d4">
         <path>C:\ti\ccs1281\ccs\tools\compiler\ti-cgt-arm_20.2.7.LTS\lib\</path>
         <kind>archive</kind>
         <file>rtsv7M4_T_le_v4SPD16_eabi.lib</file>
         <name>_bufread.c.obj</name>
      </input_file>
      <input_file id="fl-d5">
         <path>C:\ti\ccs1281\ccs\tools\compiler\ti-cgt-arm_20.2.7.LTS\lib\</path>
         <kind>archive</kind>
         <file>rtsv7M4_T_le_v4SPD16_eabi.lib</file>
         <name>_io_perm.c.obj</name>
      </input_file>
      <input_file id="fl-d6">
         <path>C:\ti\ccs1281\ccs\tools\compiler\ti-cgt-arm_20.2.7.LTS\lib\</path>
         <kind>archive</kind>
         <file>rtsv7M4_T_le_v4SPD16_eabi.lib</file>
         <name>setvbuf.c.obj</name>
      </input_file>
      <input_file id="fl-d7">
         <path>C:\ti\ccs1281\ccs\tools\compiler\ti-cgt-arm_20.2.7.LTS\lib\</path>
         <kind>archive</kind>
         <file>rtsv7M4_T_le_v4SPD16_eabi.lib</file>
         <name>fd_add_t2.asm.obj</name>
      </input_file>
      <input_file id="fl-d8">
         <path>C:\ti\ccs1281\ccs\tools\compiler\ti-cgt-arm_20.2.7.LTS\lib\</path>
         <kind>archive</kind>
         <file>rtsv7M4_T_le_v4SPD16_eabi.lib</file>
         <name>fd_cmp_t2.asm.obj</name>
      </input_file>
      <input_file id="fl-d9">
         <path>C:\ti\ccs1281\ccs\tools\compiler\ti-cgt-arm_20.2.7.LTS\lib\</path>
         <kind>archive</kind>
         <file>rtsv7M4_T_le_v4SPD16_eabi.lib</file>
         <name>fd_div_t2.asm.obj</name>
      </input_file>
      <input_file id="fl-da">
         <path>C:\ti\ccs1281\ccs\tools\compiler\ti-cgt-arm_20.2.7.LTS\lib\</path>
         <kind>archive</kind>
         <file>rtsv7M4_T_le_v4SPD16_eabi.lib</file>
         <name>fd_mul_t2.asm.obj</name>
      </input_file>
      <input_file id="fl-db">
         <path>C:\ti\ccs1281\ccs\tools\compiler\ti-cgt-arm_20.2.7.LTS\lib\</path>
         <kind>archive</kind>
         <file>rtsv7M4_T_le_v4SPD16_eabi.lib</file>
         <name>fd_toi_t2.asm.obj</name>
      </input_file>
      <input_file id="fl-dc">
         <path>C:\ti\ccs1281\ccs\tools\compiler\ti-cgt-arm_20.2.7.LTS\lib\</path>
         <kind>archive</kind>
         <file>rtsv7M4_T_le_v4SPD16_eabi.lib</file>
         <name>fd_tos_t2.asm.obj</name>
      </input_file>
      <input_file id="fl-dd">
         <path>C:\ti\ccs1281\ccs\tools\compiler\ti-cgt-arm_20.2.7.LTS\lib\</path>
         <kind>archive</kind>
         <file>rtsv7M4_T_le_v4SPD16_eabi.lib</file>
         <name>fs_tod_t2.asm.obj</name>
      </input_file>
      <input_file id="fl-de">
         <path>C:\ti\ccs1281\ccs\tools\compiler\ti-cgt-arm_20.2.7.LTS\lib\</path>
         <kind>archive</kind>
         <file>rtsv7M4_T_le_v4SPD16_eabi.lib</file>
         <name>i_tofd_t2.asm.obj</name>
      </input_file>
      <input_file id="fl-df">
         <path>C:\ti\ccs1281\ccs\tools\compiler\ti-cgt-arm_20.2.7.LTS\lib\</path>
         <kind>archive</kind>
         <file>rtsv7M4_T_le_v4SPD16_eabi.lib</file>
         <name>memcpy_t2.asm.obj</name>
      </input_file>
      <input_file id="fl-e0">
         <path>C:\ti\ccs1281\ccs\tools\compiler\ti-cgt-arm_20.2.7.LTS\lib\</path>
         <kind>archive</kind>
         <file>rtsv7M4_T_le_v4SPD16_eabi.lib</file>
         <name>memset_t2.asm.obj</name>
      </input_file>
      <input_file id="fl-e1">
         <path>C:\ti\ccs1281\ccs\tools\compiler\ti-cgt-arm_20.2.7.LTS\lib\</path>
         <kind>archive</kind>
         <file>rtsv7M4_T_le_v4SPD16_eabi.lib</file>
         <name>ull_div_t2.asm.obj</name>
      </input_file>
      <input_file id="fl-e2">
         <path>C:\ti\ccs1281\ccs\tools\compiler\ti-cgt-arm_20.2.7.LTS\lib\</path>
         <kind>archive</kind>
         <file>rtsv7M4_T_le_v4SPD16_eabi.lib</file>
         <name>copy_zero_init.c.obj</name>
      </input_file>
      <input_file id="fl-e3">
         <path>C:\ti\ccs1281\ccs\tools\compiler\ti-cgt-arm_20.2.7.LTS\lib\</path>
         <kind>archive</kind>
         <file>rtsv7M4_T_le_v4SPD16_eabi.lib</file>
         <name>copy_decompress_none.c.obj</name>
      </input_file>
      <input_file id="fl-e4">
         <path>C:\ti\ccs1281\ccs\tools\compiler\ti-cgt-arm_20.2.7.LTS\lib\</path>
         <kind>archive</kind>
         <file>rtsv7M4_T_le_v4SPD16_eabi.lib</file>
         <name>copy_decompress_lzss.c.obj</name>
      </input_file>
      <input_file id="fl-e5">
         <path>C:\ti\ccs1281\ccs\tools\compiler\ti-cgt-arm_20.2.7.LTS\lib\</path>
         <kind>archive</kind>
         <file>rtsv7M4_T_le_v4SPD16_eabi.lib</file>
         <name>exit.c.obj</name>
      </input_file>
      <input_file id="fl-e6">
         <path>C:\ti\ccs1281\ccs\tools\compiler\ti-cgt-arm_20.2.7.LTS\lib\</path>
         <kind>archive</kind>
         <file>rtsv7M4_T_le_v4SPD16_eabi.lib</file>
         <name>_lock.c.obj</name>
      </input_file>
      <input_file id="fl-e7">
         <path>C:\ti\ccs1281\ccs\tools\compiler\ti-cgt-arm_20.2.7.LTS\lib\</path>
         <kind>archive</kind>
         <file>rtsv7M4_T_le_v4SPD16_eabi.lib</file>
         <name>_ltoa.c.obj</name>
      </input_file>
      <input_file id="fl-e8">
         <path>C:\ti\ccs1281\ccs\tools\compiler\ti-cgt-arm_20.2.7.LTS\lib\</path>
         <kind>archive</kind>
         <file>rtsv7M4_T_le_v4SPD16_eabi.lib</file>
         <name>atoi.c.obj</name>
      </input_file>
      <input_file id="fl-e9">
         <path>C:\ti\ccs1281\ccs\tools\compiler\ti-cgt-arm_20.2.7.LTS\lib\</path>
         <kind>archive</kind>
         <file>rtsv7M4_T_le_v4SPD16_eabi.lib</file>
         <name>ctype.c.obj</name>
      </input_file>
      <input_file id="fl-ea">
         <path>C:\ti\ccs1281\ccs\tools\compiler\ti-cgt-arm_20.2.7.LTS\lib\</path>
         <kind>archive</kind>
         <file>rtsv7M4_T_le_v4SPD16_eabi.lib</file>
         <name>defs.c.obj</name>
      </input_file>
      <input_file id="fl-eb">
         <path>C:\ti\ccs1281\ccs\tools\compiler\ti-cgt-arm_20.2.7.LTS\lib\</path>
         <kind>archive</kind>
         <file>rtsv7M4_T_le_v4SPD16_eabi.lib</file>
         <name>memccpy.c.obj</name>
      </input_file>
      <input_file id="fl-ec">
         <path>C:\ti\ccs1281\ccs\tools\compiler\ti-cgt-arm_20.2.7.LTS\lib\</path>
         <kind>archive</kind>
         <file>rtsv7M4_T_le_v4SPD16_eabi.lib</file>
         <name>memchr.c.obj</name>
      </input_file>
      <input_file id="fl-ed">
         <path>C:\ti\ccs1281\ccs\tools\compiler\ti-cgt-arm_20.2.7.LTS\lib\</path>
         <kind>archive</kind>
         <file>rtsv7M4_T_le_v4SPD16_eabi.lib</file>
         <name>memory.c.obj</name>
      </input_file>
      <input_file id="fl-ee">
         <path>C:\ti\ccs1281\ccs\tools\compiler\ti-cgt-arm_20.2.7.LTS\lib\</path>
         <kind>archive</kind>
         <file>rtsv7M4_T_le_v4SPD16_eabi.lib</file>
         <name>strchr.c.obj</name>
      </input_file>
      <input_file id="fl-ef">
         <path>C:\ti\ccs1281\ccs\tools\compiler\ti-cgt-arm_20.2.7.LTS\lib\</path>
         <kind>archive</kind>
         <file>rtsv7M4_T_le_v4SPD16_eabi.lib</file>
         <name>strlen.c.obj</name>
      </input_file>
      <input_file id="fl-f0">
         <path>C:\ti\ccs1281\ccs\tools\compiler\ti-cgt-arm_20.2.7.LTS\lib\</path>
         <kind>archive</kind>
         <file>rtsv7M4_T_le_v4SPD16_eabi.lib</file>
         <name>boot_cortex_m.c.obj</name>
      </input_file>
      <input_file id="fl-f1">
         <path>C:\ti\ccs1281\ccs\tools\compiler\ti-cgt-arm_20.2.7.LTS\lib\</path>
         <kind>archive</kind>
         <file>rtsv7M4_T_le_v4SPD16_eabi.lib</file>
         <name>write.c.obj</name>
      </input_file>
      <input_file id="fl-f2">
         <path>C:\ti\ccs1281\ccs\tools\compiler\ti-cgt-arm_20.2.7.LTS\lib\</path>
         <kind>archive</kind>
         <file>rtsv7M4_T_le_v4SPD16_eabi.lib</file>
         <name>host_device.c.obj</name>
      </input_file>
      <input_file id="fl-f3">
         <path>C:\ti\ccs1281\ccs\tools\compiler\ti-cgt-arm_20.2.7.LTS\lib\</path>
         <kind>archive</kind>
         <file>rtsv7M4_T_le_v4SPD16_eabi.lib</file>
         <name>read.c.obj</name>
      </input_file>
      <input_file id="fl-f4">
         <path>C:\ti\ccs1281\ccs\tools\compiler\ti-cgt-arm_20.2.7.LTS\lib\</path>
         <kind>archive</kind>
         <file>rtsv7M4_T_le_v4SPD16_eabi.lib</file>
         <name>open.c.obj</name>
      </input_file>
      <input_file id="fl-f5">
         <path>C:\ti\ccs1281\ccs\tools\compiler\ti-cgt-arm_20.2.7.LTS\lib\</path>
         <kind>archive</kind>
         <file>rtsv7M4_T_le_v4SPD16_eabi.lib</file>
         <name>add_device.c.obj</name>
      </input_file>
      <input_file id="fl-f6">
         <path>C:\ti\ccs1281\ccs\tools\compiler\ti-cgt-arm_20.2.7.LTS\lib\</path>
         <kind>archive</kind>
         <file>rtsv7M4_T_le_v4SPD16_eabi.lib</file>
         <name>errno.c.obj</name>
      </input_file>
      <input_file id="fl-f7">
         <path>C:\ti\ccs1281\ccs\tools\compiler\ti-cgt-arm_20.2.7.LTS\lib\</path>
         <kind>archive</kind>
         <file>rtsv7M4_T_le_v4SPD16_eabi.lib</file>
         <name>wcslen.c.obj</name>
      </input_file>
      <input_file id="fl-f8">
         <path>C:\ti\ccs1281\ccs\tools\compiler\ti-cgt-arm_20.2.7.LTS\lib\</path>
         <kind>archive</kind>
         <file>rtsv7M4_T_le_v4SPD16_eabi.lib</file>
         <name>s_frexp.c.obj</name>
      </input_file>
      <input_file id="fl-f9">
         <path>C:\ti\ccs1281\ccs\tools\compiler\ti-cgt-arm_20.2.7.LTS\lib\</path>
         <kind>archive</kind>
         <file>rtsv7M4_T_le_v4SPD16_eabi.lib</file>
         <name>s_scalbn.c.obj</name>
      </input_file>
      <input_file id="fl-fa">
         <path>C:\ti\ccs1281\ccs\tools\compiler\ti-cgt-arm_20.2.7.LTS\lib\</path>
         <kind>archive</kind>
         <file>rtsv7M4_T_le_v4SPD16_eabi.lib</file>
         <name>fclose.c.obj</name>
      </input_file>
      <input_file id="fl-fb">
         <path>C:\ti\ccs1281\ccs\tools\compiler\ti-cgt-arm_20.2.7.LTS\lib\</path>
         <kind>archive</kind>
         <file>rtsv7M4_T_le_v4SPD16_eabi.lib</file>
         <name>fflush.c.obj</name>
      </input_file>
      <input_file id="fl-fc">
         <path>C:\ti\ccs1281\ccs\tools\compiler\ti-cgt-arm_20.2.7.LTS\lib\</path>
         <kind>archive</kind>
         <file>rtsv7M4_T_le_v4SPD16_eabi.lib</file>
         <name>fseek.c.obj</name>
      </input_file>
      <input_file id="fl-fd">
         <path>C:\ti\ccs1281\ccs\tools\compiler\ti-cgt-arm_20.2.7.LTS\lib\</path>
         <kind>archive</kind>
         <file>rtsv7M4_T_le_v4SPD16_eabi.lib</file>
         <name>getdevice.c.obj</name>
      </input_file>
      <input_file id="fl-fe">
         <path>C:\ti\ccs1281\ccs\tools\compiler\ti-cgt-arm_20.2.7.LTS\lib\</path>
         <kind>archive</kind>
         <file>rtsv7M4_T_le_v4SPD16_eabi.lib</file>
         <name>div0.asm.obj</name>
      </input_file>
      <input_file id="fl-ff">
         <path>C:\ti\ccs1281\ccs\tools\compiler\ti-cgt-arm_20.2.7.LTS\lib\</path>
         <kind>archive</kind>
         <file>rtsv7M4_T_le_v4SPD16_eabi.lib</file>
         <name>autoinit.c.obj</name>
      </input_file>
      <input_file id="fl-100">
         <path>C:\ti\ccs1281\ccs\tools\compiler\ti-cgt-arm_20.2.7.LTS\lib\</path>
         <kind>archive</kind>
         <file>rtsv7M4_T_le_v4SPD16_eabi.lib</file>
         <name>pre_init.c.obj</name>
      </input_file>
      <input_file id="fl-101">
         <path>C:\ti\ccs1281\ccs\tools\compiler\ti-cgt-arm_20.2.7.LTS\lib\</path>
         <kind>archive</kind>
         <file>rtsv7M4_T_le_v4SPD16_eabi.lib</file>
         <name>cpy_tbl.c.obj</name>
      </input_file>
      <input_file id="fl-102">
         <path>C:\ti\ccs1281\ccs\tools\compiler\ti-cgt-arm_20.2.7.LTS\lib\</path>
         <kind>archive</kind>
         <file>rtsv7M4_T_le_v4SPD16_eabi.lib</file>
         <name>args_main.c.obj</name>
      </input_file>
      <input_file id="fl-103">
         <path>C:\ti\ccs1281\ccs\tools\compiler\ti-cgt-arm_20.2.7.LTS\lib\</path>
         <kind>archive</kind>
         <file>rtsv7M4_T_le_v4SPD16_eabi.lib</file>
         <name>strcmp.c.obj</name>
      </input_file>
      <input_file id="fl-104">
         <path>C:\ti\ccs1281\ccs\tools\compiler\ti-cgt-arm_20.2.7.LTS\lib\</path>
         <kind>archive</kind>
         <file>rtsv7M4_T_le_v4SPD16_eabi.lib</file>
         <name>strncpy.c.obj</name>
      </input_file>
      <input_file id="fl-105">
         <path>C:\ti\ccs1281\ccs\tools\compiler\ti-cgt-arm_20.2.7.LTS\lib\</path>
         <kind>archive</kind>
         <file>rtsv7M4_T_le_v4SPD16_eabi.lib</file>
         <name>hostclose.c.obj</name>
      </input_file>
      <input_file id="fl-106">
         <path>C:\ti\ccs1281\ccs\tools\compiler\ti-cgt-arm_20.2.7.LTS\lib\</path>
         <kind>archive</kind>
         <file>rtsv7M4_T_le_v4SPD16_eabi.lib</file>
         <name>hostlseek.c.obj</name>
      </input_file>
      <input_file id="fl-107">
         <path>C:\ti\ccs1281\ccs\tools\compiler\ti-cgt-arm_20.2.7.LTS\lib\</path>
         <kind>archive</kind>
         <file>rtsv7M4_T_le_v4SPD16_eabi.lib</file>
         <name>hostopen.c.obj</name>
      </input_file>
      <input_file id="fl-108">
         <path>C:\ti\ccs1281\ccs\tools\compiler\ti-cgt-arm_20.2.7.LTS\lib\</path>
         <kind>archive</kind>
         <file>rtsv7M4_T_le_v4SPD16_eabi.lib</file>
         <name>hostread.c.obj</name>
      </input_file>
      <input_file id="fl-109">
         <path>C:\ti\ccs1281\ccs\tools\compiler\ti-cgt-arm_20.2.7.LTS\lib\</path>
         <kind>archive</kind>
         <file>rtsv7M4_T_le_v4SPD16_eabi.lib</file>
         <name>hostrename.c.obj</name>
      </input_file>
      <input_file id="fl-10a">
         <path>C:\ti\ccs1281\ccs\tools\compiler\ti-cgt-arm_20.2.7.LTS\lib\</path>
         <kind>archive</kind>
         <file>rtsv7M4_T_le_v4SPD16_eabi.lib</file>
         <name>hostunlink.c.obj</name>
      </input_file>
      <input_file id="fl-10b">
         <path>C:\ti\ccs1281\ccs\tools\compiler\ti-cgt-arm_20.2.7.LTS\lib\</path>
         <kind>archive</kind>
         <file>rtsv7M4_T_le_v4SPD16_eabi.lib</file>
         <name>hostwrite.c.obj</name>
      </input_file>
      <input_file id="fl-10c">
         <path>C:\ti\ccs1281\ccs\tools\compiler\ti-cgt-arm_20.2.7.LTS\lib\</path>
         <kind>archive</kind>
         <file>rtsv7M4_T_le_v4SPD16_eabi.lib</file>
         <name>trgmsg.c.obj</name>
      </input_file>
      <input_file id="fl-10d">
         <path>C:\ti\ccs1281\ccs\tools\compiler\ti-cgt-arm_20.2.7.LTS\lib\</path>
         <kind>archive</kind>
         <file>rtsv7M4_T_le_v4SPD16_eabi.lib</file>
         <name>remove.c.obj</name>
      </input_file>
      <input_file id="fl-10e">
         <path>C:\ti\ccs1281\ccs\tools\compiler\ti-cgt-arm_20.2.7.LTS\lib\</path>
         <kind>archive</kind>
         <file>rtsv7M4_T_le_v4SPD16_eabi.lib</file>
         <name>lseek.c.obj</name>
      </input_file>
      <input_file id="fl-10f">
         <path>C:\ti\ccs1281\ccs\tools\compiler\ti-cgt-arm_20.2.7.LTS\lib\</path>
         <kind>archive</kind>
         <file>rtsv7M4_T_le_v4SPD16_eabi.lib</file>
         <name>close.c.obj</name>
      </input_file>
      <input_file id="fl-110">
         <path>C:\ti\ccs1281\ccs\tools\compiler\ti-cgt-arm_20.2.7.LTS\lib\</path>
         <kind>archive</kind>
         <file>rtsv7M4_T_le_v4SPD16_eabi.lib</file>
         <name>s_copysign.c.obj</name>
      </input_file>
      <input_file id="fl-111">
         <path>C:\ti\ccs1281\ccs\tools\compiler\ti-cgt-arm_20.2.7.LTS\lib\</path>
         <kind>archive</kind>
         <file>rtsv7M4_T_le_v4SPD16_eabi.lib</file>
         <name>strcpy.c.obj</name>
      </input_file>
      <input_file id="fl-112">
         <path>C:\ti\ccs1281\ccs\tools\compiler\ti-cgt-arm_20.2.7.LTS\lib\</path>
         <kind>archive</kind>
         <file>rtsv7M4_T_le_v4SPD16_eabi.lib</file>
         <name>unlink.c.obj</name>
      </input_file>
   </input_file_list>
   <object_component_list>
      <object_component id="oc-26">
         <name>.intvecs:retain</name>
         <load_address>0x0</load_address>
         <run_address>0x0</run_address>
         <size>0xe4</size>
         <input_file_ref idref="fl-4"/>
      </object_component>
      <object_component id="oc-e3">
         <name>.text</name>
         <load_address>0xe4</load_address>
         <run_address>0xe4</run_address>
         <size>0xd94</size>
         <input_file_ref idref="fl-11"/>
      </object_component>
      <object_component id="oc-21a">
         <name>.text:__TI_printfi</name>
         <load_address>0xe78</load_address>
         <run_address>0xe78</run_address>
         <size>0xa4e</size>
         <input_file_ref idref="fl-cf"/>
      </object_component>
      <object_component id="oc-70">
         <name>.text:Default_Handler</name>
         <load_address>0x18c6</load_address>
         <run_address>0x18c6</run_address>
         <size>0x2</size>
         <input_file_ref idref="fl-4"/>
      </object_component>
      <object_component id="oc-f5">
         <name>.text:controlSystem</name>
         <load_address>0x18c8</load_address>
         <run_address>0x18c8</run_address>
         <size>0x324</size>
         <input_file_ref idref="fl-2"/>
      </object_component>
      <object_component id="oc-35b">
         <name>.text:_pconv_a</name>
         <load_address>0x1bec</load_address>
         <run_address>0x1bec</run_address>
         <size>0x270</size>
         <input_file_ref idref="fl-cf"/>
      </object_component>
      <object_component id="oc-349">
         <name>.text:_pconv_g</name>
         <load_address>0x1e5c</load_address>
         <run_address>0x1e5c</run_address>
         <size>0x1d0</size>
         <input_file_ref idref="fl-cf"/>
      </object_component>
      <object_component id="oc-1cd">
         <name>.text</name>
         <load_address>0x202c</load_address>
         <run_address>0x202c</run_address>
         <size>0x1b6</size>
         <input_file_ref idref="fl-d7"/>
      </object_component>
      <object_component id="oc-37f">
         <name>.text:_nop</name>
         <load_address>0x21e2</load_address>
         <run_address>0x21e2</run_address>
         <size>0x2</size>
         <input_file_ref idref="fl-e6"/>
      </object_component>
      <object_component id="oc-2ef">
         <name>.text:privateTimer_AProcessClockSourceDivider</name>
         <load_address>0x21e4</load_address>
         <run_address>0x21e4</run_address>
         <size>0x144</size>
         <input_file_ref idref="fl-16"/>
      </object_component>
      <object_component id="oc-355">
         <name>.text:_pconv_e</name>
         <load_address>0x2328</load_address>
         <run_address>0x2328</run_address>
         <size>0x13c</size>
         <input_file_ref idref="fl-cf"/>
      </object_component>
      <object_component id="oc-1c3">
         <name>.text</name>
         <load_address>0x2464</load_address>
         <run_address>0x2464</run_address>
         <size>0x136</size>
         <input_file_ref idref="fl-d9"/>
      </object_component>
      <object_component id="oc-58f">
         <name>.text</name>
         <load_address>0x259a</load_address>
         <run_address>0x259a</run_address>
         <size>0x2</size>
         <input_file_ref idref="fl-fe"/>
      </object_component>
      <object_component id="oc-289">
         <name>.text:CS_initClockSignal</name>
         <load_address>0x259c</load_address>
         <run_address>0x259c</run_address>
         <size>0x130</size>
         <input_file_ref idref="fl-12"/>
      </object_component>
      <object_component id="oc-482">
         <name>.text:fcvt</name>
         <load_address>0x26cc</load_address>
         <run_address>0x26cc</run_address>
         <size>0x124</size>
         <input_file_ref idref="fl-cf"/>
      </object_component>
      <object_component id="oc-40f">
         <name>.text:UART_initModule</name>
         <load_address>0x27f0</load_address>
         <run_address>0x27f0</run_address>
         <size>0x11c</size>
         <input_file_ref idref="fl-17"/>
      </object_component>
      <object_component id="oc-38d">
         <name>.text:fputs</name>
         <load_address>0x290c</load_address>
         <run_address>0x290c</run_address>
         <size>0x114</size>
         <input_file_ref idref="fl-d3"/>
      </object_component>
      <object_component id="oc-3e2">
         <name>.text:_openfile</name>
         <load_address>0x2a20</load_address>
         <run_address>0x2a20</run_address>
         <size>0x110</size>
         <input_file_ref idref="fl-d1"/>
      </object_component>
      <object_component id="oc-496">
         <name>.text:scalbn</name>
         <load_address>0x2b30</load_address>
         <run_address>0x2b30</run_address>
         <size>0x110</size>
         <input_file_ref idref="fl-f9"/>
      </object_component>
      <object_component id="oc-56d">
         <name>.text:aligned_alloc</name>
         <load_address>0x2c40</load_address>
         <run_address>0x2c40</run_address>
         <size>0x100</size>
         <input_file_ref idref="fl-ed"/>
      </object_component>
      <object_component id="oc-1c8">
         <name>.text</name>
         <load_address>0x2d40</load_address>
         <run_address>0x2d40</run_address>
         <size>0xfc</size>
         <input_file_ref idref="fl-da"/>
      </object_component>
      <object_component id="oc-3c2">
         <name>.text:CS_startHFXTWithTimeout</name>
         <load_address>0x2e3c</load_address>
         <run_address>0x2e3c</run_address>
         <size>0xe4</size>
         <input_file_ref idref="fl-12"/>
      </object_component>
      <object_component id="oc-3ea">
         <name>.text:free</name>
         <load_address>0x2f20</load_address>
         <run_address>0x2f20</run_address>
         <size>0xe4</size>
         <input_file_ref idref="fl-ed"/>
      </object_component>
      <object_component id="oc-4fd">
         <name>.text:_CSGetHFXTFrequency</name>
         <load_address>0x3004</load_address>
         <run_address>0x3004</run_address>
         <size>0xdc</size>
         <input_file_ref idref="fl-12"/>
      </object_component>
      <object_component id="oc-29c">
         <name>.text:setvbuf</name>
         <load_address>0x30e0</load_address>
         <run_address>0x30e0</run_address>
         <size>0xdc</size>
         <input_file_ref idref="fl-d6"/>
      </object_component>
      <object_component id="oc-17e">
         <name>.text:Timer_A_registerInterrupt</name>
         <load_address>0x31bc</load_address>
         <run_address>0x31bc</run_address>
         <size>0xd2</size>
         <input_file_ref idref="fl-16"/>
      </object_component>
      <object_component id="oc-557">
         <name>.text:open</name>
         <load_address>0x3290</load_address>
         <run_address>0x3290</run_address>
         <size>0xbc</size>
         <input_file_ref idref="fl-f4"/>
      </object_component>
      <object_component id="oc-290">
         <name>.text:add_device</name>
         <load_address>0x334c</load_address>
         <run_address>0x334c</run_address>
         <size>0xb8</size>
         <input_file_ref idref="fl-f5"/>
      </object_component>
      <object_component id="oc-33e">
         <name>.text:_ltostr</name>
         <load_address>0x3404</load_address>
         <run_address>0x3404</run_address>
         <size>0xb1</size>
         <input_file_ref idref="fl-cf"/>
      </object_component>
      <object_component id="oc-147">
         <name>.text:init_std_uart</name>
         <load_address>0x34b8</load_address>
         <run_address>0x34b8</run_address>
         <size>0x9c</size>
         <input_file_ref idref="fl-3"/>
      </object_component>
      <object_component id="oc-3a">
         <name>.text</name>
         <load_address>0x3554</load_address>
         <run_address>0x3554</run_address>
         <size>0x9c</size>
         <input_file_ref idref="fl-df"/>
      </object_component>
      <object_component id="oc-b2">
         <name>.text:SystemInit</name>
         <load_address>0x35f0</load_address>
         <run_address>0x35f0</run_address>
         <size>0x98</size>
         <input_file_ref idref="fl-5"/>
      </object_component>
      <object_component id="oc-45e">
         <name>.text</name>
         <load_address>0x3688</load_address>
         <run_address>0x3688</run_address>
         <size>0x96</size>
         <input_file_ref idref="fl-e1"/>
      </object_component>
      <object_component id="oc-e9">
         <name>.text:GPIOInit</name>
         <load_address>0x371e</load_address>
         <run_address>0x371e</run_address>
         <size>0x8c</size>
         <input_file_ref idref="fl-2"/>
      </object_component>
      <object_component id="oc-394">
         <name>.text:fputc</name>
         <load_address>0x37ac</load_address>
         <run_address>0x37ac</run_address>
         <size>0x8c</size>
         <input_file_ref idref="fl-d2"/>
      </object_component>
      <object_component id="oc-15a">
         <name>.text:GPIO_setAsPeripheralModuleFunctionInputPin</name>
         <load_address>0x3838</load_address>
         <run_address>0x3838</run_address>
         <size>0x88</size>
         <input_file_ref idref="fl-13"/>
      </object_component>
      <object_component id="oc-154">
         <name>.text:GPIO_setAsPeripheralModuleFunctionOutputPin</name>
         <load_address>0x38c0</load_address>
         <run_address>0x38c0</run_address>
         <size>0x88</size>
         <input_file_ref idref="fl-13"/>
      </object_component>
      <object_component id="oc-344">
         <name>.text:__aeabi_cdcmple</name>
         <load_address>0x3948</load_address>
         <run_address>0x3948</run_address>
         <size>0x86</size>
         <input_file_ref idref="fl-d8"/>
      </object_component>
      <object_component id="oc-465">
         <name>.text:__aeabi_cdrcmple</name>
         <load_address>0x39ce</load_address>
         <run_address>0x39ce</run_address>
         <size>0x86</size>
         <input_file_ref idref="fl-d8"/>
      </object_component>
      <object_component id="oc-300">
         <name>.text:Interrupt_enableInterrupt</name>
         <load_address>0x3a54</load_address>
         <run_address>0x3a54</run_address>
         <size>0x80</size>
         <input_file_ref idref="fl-14"/>
      </object_component>
      <object_component id="oc-2c3">
         <name>.text:dopen</name>
         <load_address>0x3ad4</load_address>
         <run_address>0x3ad4</run_address>
         <size>0x80</size>
         <input_file_ref idref="fl-3"/>
      </object_component>
      <object_component id="oc-94">
         <name>.text</name>
         <load_address>0x3b54</load_address>
         <run_address>0x3b54</run_address>
         <size>0x7a</size>
         <input_file_ref idref="fl-e0"/>
      </object_component>
      <object_component id="oc-3dc">
         <name>.text:__TI_closefile</name>
         <load_address>0x3bd0</load_address>
         <run_address>0x3bd0</run_address>
         <size>0x74</size>
         <input_file_ref idref="fl-fa"/>
      </object_component>
      <object_component id="oc-61b">
         <name>.text:split</name>
         <load_address>0x3c44</load_address>
         <run_address>0x3c44</run_address>
         <size>0x70</size>
         <input_file_ref idref="fl-ed"/>
      </object_component>
      <object_component id="oc-47b">
         <name>.text:_mcpy</name>
         <load_address>0x3cb4</load_address>
         <run_address>0x3cb4</run_address>
         <size>0x6e</size>
         <input_file_ref idref="fl-cf"/>
      </object_component>
      <object_component id="oc-1d2">
         <name>.text</name>
         <load_address>0x3d22</load_address>
         <run_address>0x3d22</run_address>
         <size>0x6e</size>
         <input_file_ref idref="fl-dc"/>
      </object_component>
      <object_component id="oc-538">
         <name>.text:HOSTrename</name>
         <load_address>0x3d90</load_address>
         <run_address>0x3d90</run_address>
         <size>0x6c</size>
         <input_file_ref idref="fl-109"/>
      </object_component>
      <object_component id="oc-52c">
         <name>.text:HOSTlseek</name>
         <load_address>0x3dfc</load_address>
         <run_address>0x3dfc</run_address>
         <size>0x68</size>
         <input_file_ref idref="fl-106"/>
      </object_component>
      <object_component id="oc-166">
         <name>.text:Timer_A_configureUpMode</name>
         <load_address>0x3e64</load_address>
         <run_address>0x3e64</run_address>
         <size>0x68</size>
         <input_file_ref idref="fl-16"/>
      </object_component>
      <object_component id="oc-17">
         <name>.text:decompress:lzss:__TI_decompress_lzss</name>
         <load_address>0x3ecc</load_address>
         <run_address>0x3ecc</run_address>
         <size>0x68</size>
         <input_file_ref idref="fl-e4"/>
      </object_component>
      <object_component id="oc-ef">
         <name>.text:printf</name>
         <load_address>0x3f34</load_address>
         <run_address>0x3f34</run_address>
         <size>0x68</size>
         <input_file_ref idref="fl-ce"/>
      </object_component>
      <object_component id="oc-490">
         <name>.text:frexp</name>
         <load_address>0x3f9c</load_address>
         <run_address>0x3f9c</run_address>
         <size>0x64</size>
         <input_file_ref idref="fl-f8"/>
      </object_component>
      <object_component id="oc-5c0">
         <name>.text:fseek</name>
         <load_address>0x4000</load_address>
         <run_address>0x4000</run_address>
         <size>0x64</size>
         <input_file_ref idref="fl-fc"/>
      </object_component>
      <object_component id="oc-4c7">
         <name>.text:__TI_wrt_ok</name>
         <load_address>0x4064</load_address>
         <run_address>0x4064</run_address>
         <size>0x62</size>
         <input_file_ref idref="fl-d5"/>
      </object_component>
      <object_component id="oc-514">
         <name>.text:HOSTopen</name>
         <load_address>0x40c8</load_address>
         <run_address>0x40c8</run_address>
         <size>0x60</size>
         <input_file_ref idref="fl-107"/>
      </object_component>
      <object_component id="oc-2fa">
         <name>.text:Interrupt_registerInterrupt</name>
         <load_address>0x4128</load_address>
         <run_address>0x4128</run_address>
         <size>0x5c</size>
         <input_file_ref idref="fl-14"/>
      </object_component>
      <object_component id="oc-548">
         <name>.text:close</name>
         <load_address>0x4184</load_address>
         <run_address>0x4184</run_address>
         <size>0x5c</size>
         <input_file_ref idref="fl-10f"/>
      </object_component>
      <object_component id="oc-213">
         <name>.text:GPIO_setAsInputPinWithPullUpResistor</name>
         <load_address>0x41e0</load_address>
         <run_address>0x41e0</run_address>
         <size>0x58</size>
         <input_file_ref idref="fl-13"/>
      </object_component>
      <object_component id="oc-520">
         <name>.text:HOSTread</name>
         <load_address>0x4238</load_address>
         <run_address>0x4238</run_address>
         <size>0x58</size>
         <input_file_ref idref="fl-108"/>
      </object_component>
      <object_component id="oc-526">
         <name>.text:HOSTwrite</name>
         <load_address>0x4290</load_address>
         <run_address>0x4290</run_address>
         <size>0x58</size>
         <input_file_ref idref="fl-10b"/>
      </object_component>
      <object_component id="oc-178">
         <name>.text:Timer_A_initCapture</name>
         <load_address>0x42e8</load_address>
         <run_address>0x42e8</run_address>
         <size>0x58</size>
         <input_file_ref idref="fl-16"/>
      </object_component>
      <object_component id="oc-34f">
         <name>.text:_pconv_f</name>
         <load_address>0x4340</load_address>
         <run_address>0x4340</run_address>
         <size>0x56</size>
         <input_file_ref idref="fl-cf"/>
      </object_component>
      <object_component id="oc-184">
         <name>.text:Interrupt_setPriority</name>
         <load_address>0x4398</load_address>
         <run_address>0x4398</run_address>
         <size>0x54</size>
         <input_file_ref idref="fl-14"/>
      </object_component>
      <object_component id="oc-46f">
         <name>.text:__TI_ltoa</name>
         <load_address>0x43ec</load_address>
         <run_address>0x43ec</run_address>
         <size>0x54</size>
         <input_file_ref idref="fl-e7"/>
      </object_component>
      <object_component id="oc-2a5">
         <name>.text:dread</name>
         <load_address>0x4440</load_address>
         <run_address>0x4440</run_address>
         <size>0x54</size>
         <input_file_ref idref="fl-3"/>
      </object_component>
      <object_component id="oc-475">
         <name>.text:_ecpy</name>
         <load_address>0x4494</load_address>
         <run_address>0x4494</run_address>
         <size>0x52</size>
         <input_file_ref idref="fl-cf"/>
      </object_component>
      <object_component id="oc-16c">
         <name>.text:Timer_A_initCompare</name>
         <load_address>0x44e6</load_address>
         <run_address>0x44e6</run_address>
         <size>0x4e</size>
         <input_file_ref idref="fl-16"/>
      </object_component>
      <object_component id="oc-207">
         <name>.text:GPIO_setAsInputPin</name>
         <load_address>0x4534</load_address>
         <run_address>0x4534</run_address>
         <size>0x4c</size>
         <input_file_ref idref="fl-13"/>
      </object_component>
      <object_component id="oc-4d3">
         <name>.text:__TI_doflush</name>
         <load_address>0x4580</load_address>
         <run_address>0x4580</run_address>
         <size>0x4c</size>
         <input_file_ref idref="fl-fb"/>
      </object_component>
      <object_component id="oc-338">
         <name>.text:atoi</name>
         <load_address>0x45cc</load_address>
         <run_address>0x45cc</run_address>
         <size>0x4c</size>
         <input_file_ref idref="fl-e8"/>
      </object_component>
      <object_component id="oc-2ab">
         <name>.text:dwrite</name>
         <load_address>0x4618</load_address>
         <run_address>0x4618</run_address>
         <size>0x48</size>
         <input_file_ref idref="fl-3"/>
      </object_component>
      <object_component id="oc-102">
         <name>.text:exit</name>
         <load_address>0x4660</load_address>
         <run_address>0x4660</run_address>
         <size>0x48</size>
         <input_file_ref idref="fl-e5"/>
      </object_component>
      <object_component id="oc-46a">
         <name>.text</name>
         <load_address>0x46a8</load_address>
         <run_address>0x46a8</run_address>
         <size>0x48</size>
         <input_file_ref idref="fl-db"/>
      </object_component>
      <object_component id="oc-a0">
         <name>.text:main</name>
         <load_address>0x46f0</load_address>
         <run_address>0x46f0</run_address>
         <size>0x47</size>
         <input_file_ref idref="fl-2"/>
      </object_component>
      <object_component id="oc-51a">
         <name>.text:HOSTclose</name>
         <load_address>0x4738</load_address>
         <run_address>0x4738</run_address>
         <size>0x44</size>
         <input_file_ref idref="fl-105"/>
      </object_component>
      <object_component id="oc-532">
         <name>.text:HOSTunlink</name>
         <load_address>0x477c</load_address>
         <run_address>0x477c</run_address>
         <size>0x44</size>
         <input_file_ref idref="fl-10a"/>
      </object_component>
      <object_component id="oc-108">
         <name>.text:__TI_auto_init_nobinit_nopinit:__TI_auto_init_nobinit_nopinit</name>
         <load_address>0x47c0</load_address>
         <run_address>0x47c0</run_address>
         <size>0x44</size>
         <input_file_ref idref="fl-ff"/>
      </object_component>
      <object_component id="oc-609">
         <name>.text:getdevice</name>
         <load_address>0x4804</load_address>
         <run_address>0x4804</run_address>
         <size>0x44</size>
         <input_file_ref idref="fl-fd"/>
      </object_component>
      <object_component id="oc-20d">
         <name>.text:GPIO_setAsOutputPin</name>
         <load_address>0x4848</load_address>
         <run_address>0x4848</run_address>
         <size>0x40</size>
         <input_file_ref idref="fl-13"/>
      </object_component>
      <object_component id="oc-488">
         <name>.text:_fcpy</name>
         <load_address>0x4888</load_address>
         <run_address>0x4888</run_address>
         <size>0x3e</size>
         <input_file_ref idref="fl-cf"/>
      </object_component>
      <object_component id="oc-141">
         <name>.text:init_hfxtclk</name>
         <load_address>0x48c8</load_address>
         <run_address>0x48c8</run_address>
         <size>0x3c</size>
         <input_file_ref idref="fl-3"/>
      </object_component>
      <object_component id="oc-196">
         <name>.text:Timer_A_getCaptureCompareEnabledInterruptStatus</name>
         <load_address>0x4904</load_address>
         <run_address>0x4904</run_address>
         <size>0x38</size>
         <input_file_ref idref="fl-16"/>
      </object_component>
      <object_component id="oc-5de">
         <name>.text:__TI_writemsg</name>
         <load_address>0x493c</load_address>
         <run_address>0x493c</run_address>
         <size>0x38</size>
         <input_file_ref idref="fl-10c"/>
      </object_component>
      <object_component id="oc-1b9">
         <name>.text</name>
         <load_address>0x4974</load_address>
         <run_address>0x4974</run_address>
         <size>0x38</size>
         <input_file_ref idref="fl-dd"/>
      </object_component>
      <object_component id="oc-3d0">
         <name>.text:strncpy</name>
         <load_address>0x49ac</load_address>
         <run_address>0x49ac</run_address>
         <size>0x36</size>
         <input_file_ref idref="fl-104"/>
      </object_component>
      <object_component id="oc-172">
         <name>.text:Timer_A_configureContinuousMode</name>
         <load_address>0x49e4</load_address>
         <run_address>0x49e4</run_address>
         <size>0x34</size>
         <input_file_ref idref="fl-16"/>
      </object_component>
      <object_component id="oc-3f6">
         <name>.text:__TI_cleanup</name>
         <load_address>0x4a18</load_address>
         <run_address>0x4a18</run_address>
         <size>0x34</size>
         <input_file_ref idref="fl-d1"/>
      </object_component>
      <object_component id="oc-5e4">
         <name>.text:__TI_readmsg</name>
         <load_address>0x4a4c</load_address>
         <run_address>0x4a4c</run_address>
         <size>0x34</size>
         <input_file_ref idref="fl-10c"/>
      </object_component>
      <object_component id="oc-58">
         <name>.text:_c_int00_noargs:_c_int00_noargs</name>
         <load_address>0x4a80</load_address>
         <run_address>0x4a80</run_address>
         <size>0x34</size>
         <input_file_ref idref="fl-f0"/>
      </object_component>
      <object_component id="oc-296">
         <name>.text:freopen</name>
         <load_address>0x4ab4</load_address>
         <run_address>0x4ab4</run_address>
         <size>0x34</size>
         <input_file_ref idref="fl-d1"/>
      </object_component>
      <object_component id="oc-239">
         <name>.text:GPIO_getInputPinValue</name>
         <load_address>0x4ae8</load_address>
         <run_address>0x4ae8</run_address>
         <size>0x30</size>
         <input_file_ref idref="fl-13"/>
      </object_component>
      <object_component id="oc-3ca">
         <name>.text:finddevice</name>
         <load_address>0x4b18</load_address>
         <run_address>0x4b18</run_address>
         <size>0x30</size>
         <input_file_ref idref="fl-fd"/>
      </object_component>
      <object_component id="oc-1be">
         <name>.text</name>
         <load_address>0x4b48</load_address>
         <run_address>0x4b48</run_address>
         <size>0x2e</size>
         <input_file_ref idref="fl-de"/>
      </object_component>
      <object_component id="oc-19c">
         <name>.text:Timer_A_clearCaptureCompareInterrupt</name>
         <load_address>0x4b78</load_address>
         <run_address>0x4b78</run_address>
         <size>0x2c</size>
         <input_file_ref idref="fl-16"/>
      </object_component>
      <object_component id="oc-54e">
         <name>.text:unlink</name>
         <load_address>0x4ba4</load_address>
         <run_address>0x4ba4</run_address>
         <size>0x2c</size>
         <input_file_ref idref="fl-112"/>
      </object_component>
      <object_component id="oc-1f4">
         <name>.text:GPIO_setOutputHighOnPin</name>
         <load_address>0x4bd0</load_address>
         <run_address>0x4bd0</run_address>
         <size>0x28</size>
         <input_file_ref idref="fl-13"/>
      </object_component>
      <object_component id="oc-1ee">
         <name>.text:GPIO_setOutputLowOnPin</name>
         <load_address>0x4bf8</load_address>
         <run_address>0x4bf8</run_address>
         <size>0x28</size>
         <input_file_ref idref="fl-13"/>
      </object_component>
      <object_component id="oc-245">
         <name>.text:GPIO_toggleOutputOnPin</name>
         <load_address>0x4c20</load_address>
         <run_address>0x4c20</run_address>
         <size>0x28</size>
         <input_file_ref idref="fl-13"/>
      </object_component>
      <object_component id="oc-318">
         <name>.text:Timer_A_getCaptureCompareInterruptStatus</name>
         <load_address>0x4c48</load_address>
         <run_address>0x4c48</run_address>
         <size>0x28</size>
         <input_file_ref idref="fl-16"/>
      </object_component>
      <object_component id="oc-1db">
         <name>.text:Timer_A_setCompareValue</name>
         <load_address>0x4c70</load_address>
         <run_address>0x4c70</run_address>
         <size>0x28</size>
         <input_file_ref idref="fl-16"/>
      </object_component>
      <object_component id="oc-566">
         <name>.text:free_list_insert</name>
         <load_address>0x4c98</load_address>
         <run_address>0x4c98</run_address>
         <size>0x28</size>
         <input_file_ref idref="fl-ed"/>
      </object_component>
      <object_component id="oc-645">
         <name>.text:lseek</name>
         <load_address>0x4cc0</load_address>
         <run_address>0x4cc0</run_address>
         <size>0x28</size>
         <input_file_ref idref="fl-10e"/>
      </object_component>
      <object_component id="oc-4d9">
         <name>.text:write</name>
         <load_address>0x4ce8</load_address>
         <run_address>0x4ce8</run_address>
         <size>0x28</size>
         <input_file_ref idref="fl-f1"/>
      </object_component>
      <object_component id="oc-1a2">
         <name>.text:Timer_A_getCaptureCompareCount</name>
         <load_address>0x4d10</load_address>
         <run_address>0x4d10</run_address>
         <size>0x22</size>
         <input_file_ref idref="fl-16"/>
      </object_component>
      <object_component id="oc-27d">
         <name>.text:CS_setExternalClockSourceFrequency</name>
         <load_address>0x4d34</load_address>
         <run_address>0x4d34</run_address>
         <size>0x20</size>
         <input_file_ref idref="fl-12"/>
      </object_component>
      <object_component id="oc-4cd">
         <name>.text:memchr</name>
         <load_address>0x4d54</load_address>
         <run_address>0x4d54</run_address>
         <size>0x20</size>
         <input_file_ref idref="fl-ec"/>
      </object_component>
      <object_component id="oc-2c9">
         <name>.text:dclose</name>
         <load_address>0x4d74</load_address>
         <run_address>0x4d74</run_address>
         <size>0x1c</size>
         <input_file_ref idref="fl-3"/>
      </object_component>
      <object_component id="oc-46">
         <name>.text:decompress:ZI:__TI_zero_init_nomemset:__TI_zero_init_nomemset</name>
         <load_address>0x4d90</load_address>
         <run_address>0x4d90</run_address>
         <size>0x1c</size>
         <input_file_ref idref="fl-e2"/>
      </object_component>
      <object_component id="oc-560">
         <name>.text:free_list_remove</name>
         <load_address>0x4dac</load_address>
         <run_address>0x4dac</run_address>
         <size>0x1c</size>
         <input_file_ref idref="fl-ed"/>
      </object_component>
      <object_component id="oc-361">
         <name>.text:memccpy</name>
         <load_address>0x4dc8</load_address>
         <run_address>0x4dc8</run_address>
         <size>0x1c</size>
         <input_file_ref idref="fl-eb"/>
      </object_component>
      <object_component id="oc-5a4">
         <name>.text:copysign</name>
         <load_address>0x4de4</load_address>
         <run_address>0x4de4</run_address>
         <size>0x1a</size>
         <input_file_ref idref="fl-110"/>
      </object_component>
      <object_component id="oc-4f7">
         <name>.text:SysCtl_A_disableNMISource</name>
         <load_address>0x4e00</load_address>
         <run_address>0x4e00</run_address>
         <size>0x18</size>
         <input_file_ref idref="fl-15"/>
      </object_component>
      <object_component id="oc-503">
         <name>.text:SysCtl_A_enableNMISource</name>
         <load_address>0x4e18</load_address>
         <run_address>0x4e18</run_address>
         <size>0x18</size>
         <input_file_ref idref="fl-15"/>
      </object_component>
      <object_component id="oc-18a">
         <name>.text:Timer_A_getEnabledInterruptStatus</name>
         <load_address>0x4e30</load_address>
         <run_address>0x4e30</run_address>
         <size>0x18</size>
         <input_file_ref idref="fl-16"/>
      </object_component>
      <object_component id="oc-50a">
         <name>.text:strcmp</name>
         <load_address>0x4e48</load_address>
         <run_address>0x4e48</run_address>
         <size>0x18</size>
         <input_file_ref idref="fl-103"/>
      </object_component>
      <object_component id="oc-190">
         <name>.text:Timer_A_clearInterruptFlag</name>
         <load_address>0x4e60</load_address>
         <run_address>0x4e60</run_address>
         <size>0x16</size>
         <input_file_ref idref="fl-16"/>
      </object_component>
      <object_component id="oc-14e">
         <name>.text:Timer_A_startCounter</name>
         <load_address>0x4e76</load_address>
         <run_address>0x4e76</run_address>
         <size>0x16</size>
         <input_file_ref idref="fl-16"/>
      </object_component>
      <object_component id="oc-49c">
         <name>.text:strchr</name>
         <load_address>0x4e8c</load_address>
         <run_address>0x4e8c</run_address>
         <size>0x16</size>
         <input_file_ref idref="fl-ee"/>
      </object_component>
      <object_component id="oc-1e7">
         <name>.text:Timer_A_stopTimer</name>
         <load_address>0x4ea2</load_address>
         <run_address>0x4ea2</run_address>
         <size>0x14</size>
         <input_file_ref idref="fl-16"/>
      </object_component>
      <object_component id="oc-5f8">
         <name>.text:strcpy</name>
         <load_address>0x4eb6</load_address>
         <run_address>0x4eb6</run_address>
         <size>0x14</size>
         <input_file_ref idref="fl-111"/>
      </object_component>
      <object_component id="oc-332">
         <name>.text:strlen</name>
         <load_address>0x4eca</load_address>
         <run_address>0x4eca</run_address>
         <size>0x14</size>
         <input_file_ref idref="fl-ef"/>
      </object_component>
      <object_component id="oc-283">
         <name>.text:CS_startHFXT</name>
         <load_address>0x4ede</load_address>
         <run_address>0x4ede</run_address>
         <size>0x12</size>
         <input_file_ref idref="fl-12"/>
      </object_component>
      <object_component id="oc-310">
         <name>.text:Timer_A_getInterruptStatus</name>
         <load_address>0x4ef0</load_address>
         <run_address>0x4ef0</run_address>
         <size>0x12</size>
         <input_file_ref idref="fl-16"/>
      </object_component>
      <object_component id="oc-2b1">
         <name>.text:dlseek</name>
         <load_address>0x4f02</load_address>
         <run_address>0x4f02</run_address>
         <size>0x12</size>
         <input_file_ref idref="fl-3"/>
      </object_component>
      <object_component id="oc-367">
         <name>.text:wcslen</name>
         <load_address>0x4f14</load_address>
         <run_address>0x4f14</run_address>
         <size>0x12</size>
         <input_file_ref idref="fl-f7"/>
      </object_component>
      <object_component id="oc-4f1">
         <name>.text:SysCtl_A_getNMISourceStatus</name>
         <load_address>0x4f28</load_address>
         <run_address>0x4f28</run_address>
         <size>0x10</size>
         <input_file_ref idref="fl-15"/>
      </object_component>
      <object_component id="oc-2bd">
         <name>.text:drename</name>
         <load_address>0x4f38</load_address>
         <run_address>0x4f38</run_address>
         <size>0x10</size>
         <input_file_ref idref="fl-3"/>
      </object_component>
      <object_component id="oc-1d">
         <name>.text:decompress:none:__TI_decompress_none</name>
         <load_address>0x4f48</load_address>
         <run_address>0x4f48</run_address>
         <size>0xe</size>
         <input_file_ref idref="fl-e3"/>
      </object_component>
      <object_component id="oc-2b7">
         <name>.text:dunlink</name>
         <load_address>0x4f56</load_address>
         <run_address>0x4f56</run_address>
         <size>0xe</size>
         <input_file_ref idref="fl-3"/>
      </object_component>
      <object_component id="oc-6a">
         <name>.text:Reset_Handler</name>
         <load_address>0x4f64</load_address>
         <run_address>0x4f64</run_address>
         <size>0xc</size>
         <input_file_ref idref="fl-4"/>
      </object_component>
      <object_component id="oc-23f">
         <name>.text:putchar</name>
         <load_address>0x4f70</load_address>
         <run_address>0x4f70</run_address>
         <size>0xc</size>
         <input_file_ref idref="fl-d2"/>
      </object_component>
      <object_component id="oc-dd">
         <name>.text:sysInit</name>
         <load_address>0x4f7c</load_address>
         <run_address>0x4f7c</run_address>
         <size>0xc</size>
         <input_file_ref idref="fl-3"/>
      </object_component>
      <object_component id="oc-36d">
         <name>.text:__aeabi_errno_addr</name>
         <load_address>0x4f88</load_address>
         <run_address>0x4f88</run_address>
         <size>0x8</size>
         <input_file_ref idref="fl-f6"/>
      </object_component>
      <object_component id="oc-3f0">
         <name>.text:malloc</name>
         <load_address>0x4f90</load_address>
         <run_address>0x4f90</run_address>
         <size>0x8</size>
         <input_file_ref idref="fl-ed"/>
      </object_component>
      <object_component id="oc-22c">
         <name>.text:_outc</name>
         <load_address>0x4f98</load_address>
         <run_address>0x4f98</run_address>
         <size>0x4</size>
         <input_file_ref idref="fl-ce"/>
      </object_component>
      <object_component id="oc-226">
         <name>.text:_outs</name>
         <load_address>0x4f9c</load_address>
         <run_address>0x4f9c</run_address>
         <size>0x4</size>
         <input_file_ref idref="fl-ce"/>
      </object_component>
      <object_component id="oc-9a">
         <name>.text:_system_pre_init</name>
         <load_address>0x4fa0</load_address>
         <run_address>0x4fa0</run_address>
         <size>0x4</size>
         <input_file_ref idref="fl-100"/>
      </object_component>
      <object_component id="oc-fc">
         <name>.text:abort:abort</name>
         <load_address>0x4fa4</load_address>
         <run_address>0x4fa4</run_address>
         <size>0x4</size>
         <input_file_ref idref="fl-e5"/>
      </object_component>
      <object_component id="oc-459">
         <name>.const:.string:_ctypes_</name>
         <load_address>0x4fa8</load_address>
         <run_address>0x4fa8</run_address>
         <size>0x101</size>
         <input_file_ref idref="fl-e9"/>
      </object_component>
      <object_component id="oc-307">
         <name>.const:g_pulRegs</name>
         <load_address>0x50ac</load_address>
         <run_address>0x50ac</run_address>
         <size>0x50</size>
         <input_file_ref idref="fl-14"/>
      </object_component>
      <object_component id="oc-2dc">
         <name>.const:GPIO_PORT_TO_BASE</name>
         <load_address>0x50fc</load_address>
         <run_address>0x50fc</run_address>
         <size>0x30</size>
         <input_file_ref idref="fl-13"/>
      </object_component>
      <object_component id="oc-415">
         <name>.const:$P$T1$2</name>
         <load_address>0x512c</load_address>
         <run_address>0x512c</run_address>
         <size>0x28</size>
         <input_file_ref idref="fl-3"/>
      </object_component>
      <object_component id="oc-44f">
         <name>.const:g_pulEnRegs</name>
         <load_address>0x5154</load_address>
         <run_address>0x5154</run_address>
         <size>0x8</size>
         <input_file_ref idref="fl-14"/>
      </object_component>
      <object_component id="oc-2a2">
         <name>.const:.string:$P$T0$1</name>
         <load_address>0x515c</load_address>
         <run_address>0x515c</run_address>
         <size>0x5</size>
         <input_file_ref idref="fl-3"/>
      </object_component>
      <object_component id="oc-6b5">
         <name>.cinit..data.load</name>
         <load_address>0x5168</load_address>
         <run_address>0x5168</run_address>
         <size>0x91</size>
      </object_component>
      <object_component id="oc-6b2">
         <name>__TI_handler_table</name>
         <load_address>0x51fc</load_address>
         <run_address>0x51fc</run_address>
         <size>0xc</size>
      </object_component>
      <object_component id="oc-6b6">
         <name>.cinit..bss.load</name>
         <load_address>0x5208</load_address>
         <run_address>0x5208</run_address>
         <size>0x8</size>
      </object_component>
      <object_component id="oc-6b4">
         <name>.cinit..vtable.load</name>
         <load_address>0x5210</load_address>
         <run_address>0x5210</run_address>
         <size>0x8</size>
      </object_component>
      <object_component id="oc-6b3">
         <name>__TI_cinit_table</name>
         <load_address>0x5218</load_address>
         <run_address>0x5218</run_address>
         <size>0x18</size>
      </object_component>
      <object_component id="oc-686">
         <name>.binit</name>
         <load_address>0x0</load_address>
         <run_address>0x0</run_address>
         <size>0x0</size>
      </object_component>
      <object_component id="oc-44a">
         <name>.vtable</name>
         <uninitialized>true</uninitialized>
         <run_address>0x20000000</run_address>
         <size>0xe8</size>
         <input_file_ref idref="fl-14"/>
      </object_component>
      <object_component id="oc-24b">
         <name>.data</name>
         <load_address>0x200009f0</load_address>
         <run_address>0x200009f0</run_address>
         <size>0x8</size>
         <input_file_ref idref="fl-2"/>
      </object_component>
      <object_component id="oc-160">
         <name>.data</name>
         <load_address>0x20000964</load_address>
         <run_address>0x20000964</run_address>
         <size>0x35</size>
         <input_file_ref idref="fl-11"/>
      </object_component>
      <object_component id="oc-1fb">
         <name>.data:error_sum_L_base</name>
         <load_address>0x2000099c</load_address>
         <run_address>0x2000099c</run_address>
         <size>0x14</size>
         <input_file_ref idref="fl-11"/>
      </object_component>
      <object_component id="oc-1fe">
         <name>.data:error_sum_R_base</name>
         <load_address>0x200009b0</load_address>
         <run_address>0x200009b0</run_address>
         <size>0x14</size>
         <input_file_ref idref="fl-11"/>
      </object_component>
      <object_component id="oc-250">
         <name>.data:$O1$$</name>
         <load_address>0x200009d4</load_address>
         <run_address>0x200009d4</run_address>
         <size>0xc</size>
         <input_file_ref idref="fl-e5"/>
      </object_component>
      <object_component id="oc-220">
         <name>.data:$O1$$</name>
         <load_address>0x200009e0</load_address>
         <run_address>0x200009e0</run_address>
         <size>0x8</size>
         <input_file_ref idref="fl-e6"/>
      </object_component>
      <object_component id="oc-223">
         <name>.data:_ftable</name>
         <load_address>0x200007ac</load_address>
         <run_address>0x200007ac</run_address>
         <size>0xf0</size>
         <input_file_ref idref="fl-ea"/>
      </object_component>
      <object_component id="oc-574">
         <name>.data</name>
         <load_address>0x200009c4</load_address>
         <run_address>0x200009c4</run_address>
         <size>0x10</size>
         <input_file_ref idref="fl-ea"/>
      </object_component>
      <object_component id="oc-616">
         <name>.data:$O1$$</name>
         <load_address>0x200009e8</load_address>
         <run_address>0x200009e8</run_address>
         <size>0x8</size>
         <input_file_ref idref="fl-ed"/>
      </object_component>
      <object_component id="oc-3d7">
         <name>.data:_device</name>
         <load_address>0x2000089c</load_address>
         <run_address>0x2000089c</run_address>
         <size>0x78</size>
         <input_file_ref idref="fl-f2"/>
      </object_component>
      <object_component id="oc-5cb">
         <name>.data:_stream</name>
         <load_address>0x20000914</load_address>
         <run_address>0x20000914</run_address>
         <size>0x50</size>
         <input_file_ref idref="fl-f2"/>
      </object_component>
      <object_component id="oc-613">
         <name>.data</name>
         <load_address>0x20000a00</load_address>
         <run_address>0x20000a00</run_address>
         <size>0x4</size>
         <input_file_ref idref="fl-f4"/>
      </object_component>
      <object_component id="oc-3d6">
         <name>.data</name>
         <load_address>0x200009f8</load_address>
         <run_address>0x200009f8</run_address>
         <size>0x4</size>
         <input_file_ref idref="fl-f5"/>
      </object_component>
      <object_component id="oc-4ac">
         <name>.data</name>
         <load_address>0x200009fc</load_address>
         <run_address>0x200009fc</run_address>
         <size>0x4</size>
         <input_file_ref idref="fl-f6"/>
      </object_component>
      <object_component id="oc-3be">
         <name>.bss</name>
         <uninitialized>true</uninitialized>
         <run_address>0x20000744</run_address>
         <size>0x8</size>
         <input_file_ref idref="fl-12"/>
      </object_component>
      <object_component id="oc-657">
         <name>.bss:_CIOBUF_</name>
         <uninitialized>true</uninitialized>
         <run_address>0x200004e8</run_address>
         <size>0x120</size>
         <input_file_ref idref="fl-10c"/>
      </object_component>
      <object_component id="oc-163">
         <name>.common:segments</name>
         <uninitialized>true</uninitialized>
         <run_address>0x200006a8</run_address>
         <size>0x34</size>
      </object_component>
      <object_component id="oc-1e1">
         <name>.common:distance_L</name>
         <uninitialized>true</uninitialized>
         <run_address>0x20000794</run_address>
         <size>0x4</size>
      </object_component>
      <object_component id="oc-1e3">
         <name>.common:distance_R</name>
         <uninitialized>true</uninitialized>
         <run_address>0x20000798</run_address>
         <size>0x4</size>
      </object_component>
      <object_component id="oc-1e4">
         <name>.common:d_scale_R</name>
         <uninitialized>true</uninitialized>
         <run_address>0x20000790</run_address>
         <size>0x4</size>
      </object_component>
      <object_component id="oc-1e2">
         <name>.common:d_scale_L</name>
         <uninitialized>true</uninitialized>
         <run_address>0x2000078c</run_address>
         <size>0x4</size>
      </object_component>
      <object_component id="oc-1d7">
         <name>.common:cmp_L_count</name>
         <uninitialized>true</uninitialized>
         <run_address>0x2000077c</run_address>
         <size>0x4</size>
      </object_component>
      <object_component id="oc-1d9">
         <name>.common:cmp_R_count</name>
         <uninitialized>true</uninitialized>
         <run_address>0x20000784</run_address>
         <size>0x4</size>
      </object_component>
      <object_component id="oc-1ad">
         <name>.common:Tach_L_count</name>
         <uninitialized>true</uninitialized>
         <run_address>0x2000075c</run_address>
         <size>0x4</size>
      </object_component>
      <object_component id="oc-1b0">
         <name>.common:Tach_L</name>
         <uninitialized>true</uninitialized>
         <run_address>0x20000754</run_address>
         <size>0x4</size>
      </object_component>
      <object_component id="oc-1b2">
         <name>.common:Tach_L_sum</name>
         <uninitialized>true</uninitialized>
         <run_address>0x20000760</run_address>
         <size>0x4</size>
      </object_component>
      <object_component id="oc-1b1">
         <name>.common:Tach_L_sum_count</name>
         <uninitialized>true</uninitialized>
         <run_address>0x20000764</run_address>
         <size>0x4</size>
      </object_component>
      <object_component id="oc-1d8">
         <name>.common:Tach_L_avg</name>
         <uninitialized>true</uninitialized>
         <run_address>0x20000758</run_address>
         <size>0x4</size>
      </object_component>
      <object_component id="oc-1ae">
         <name>.common:Tach_R_count</name>
         <uninitialized>true</uninitialized>
         <run_address>0x20000770</run_address>
         <size>0x4</size>
      </object_component>
      <object_component id="oc-1b5">
         <name>.common:Tach_R</name>
         <uninitialized>true</uninitialized>
         <run_address>0x20000768</run_address>
         <size>0x4</size>
      </object_component>
      <object_component id="oc-1b7">
         <name>.common:Tach_R_sum</name>
         <uninitialized>true</uninitialized>
         <run_address>0x20000774</run_address>
         <size>0x4</size>
      </object_component>
      <object_component id="oc-1b6">
         <name>.common:Tach_R_sum_count</name>
         <uninitialized>true</uninitialized>
         <run_address>0x20000778</run_address>
         <size>0x4</size>
      </object_component>
      <object_component id="oc-1da">
         <name>.common:Tach_R_avg</name>
         <uninitialized>true</uninitialized>
         <run_address>0x2000076c</run_address>
         <size>0x4</size>
      </object_component>
      <object_component id="oc-1b3">
         <name>.common:Tach_L_flag</name>
         <uninitialized>true</uninitialized>
         <run_address>0x200007a8</run_address>
         <size>0x1</size>
      </object_component>
      <object_component id="oc-1b8">
         <name>.common:Tach_R_flag</name>
         <uninitialized>true</uninitialized>
         <run_address>0x200007a9</run_address>
         <size>0x1</size>
      </object_component>
      <object_component id="oc-1af">
         <name>.common:cmp_L_total</name>
         <uninitialized>true</uninitialized>
         <run_address>0x20000780</run_address>
         <size>0x4</size>
      </object_component>
      <object_component id="oc-1b4">
         <name>.common:cmp_R_total</name>
         <uninitialized>true</uninitialized>
         <run_address>0x20000788</run_address>
         <size>0x4</size>
      </object_component>
      <object_component id="oc-1e6">
         <name>.common:PW_L</name>
         <uninitialized>true</uninitialized>
         <run_address>0x200007a4</run_address>
         <size>0x2</size>
      </object_component>
      <object_component id="oc-1fa">
         <name>.common:PW_R</name>
         <uninitialized>true</uninitialized>
         <run_address>0x200007a6</run_address>
         <size>0x2</size>
      </object_component>
      <object_component id="oc-1e5">
         <name>.common:error_sum_L</name>
         <uninitialized>true</uninitialized>
         <run_address>0x2000079c</run_address>
         <size>0x4</size>
      </object_component>
      <object_component id="oc-1ed">
         <name>.common:error_sum_R</name>
         <uninitialized>true</uninitialized>
         <run_address>0x200007a0</run_address>
         <size>0x4</size>
      </object_component>
      <object_component id="oc-1a8">
         <name>.common:TA0cfg</name>
         <uninitialized>true</uninitialized>
         <run_address>0x200006dc</run_address>
         <size>0x18</size>
      </object_component>
      <object_component id="oc-1ac">
         <name>.common:TA1cfg</name>
         <uninitialized>true</uninitialized>
         <run_address>0x200006f4</run_address>
         <size>0x18</size>
      </object_component>
      <object_component id="oc-1aa">
         <name>.common:TA3cfg</name>
         <uninitialized>true</uninitialized>
         <run_address>0x20000734</run_address>
         <size>0x10</size>
      </object_component>
      <object_component id="oc-1a9">
         <name>.common:TA0_ccr</name>
         <uninitialized>true</uninitialized>
         <run_address>0x20000724</run_address>
         <size>0x10</size>
      </object_component>
      <object_component id="oc-1ab">
         <name>.common:TA3_ccr</name>
         <uninitialized>true</uninitialized>
         <run_address>0x2000070c</run_address>
         <size>0x18</size>
      </object_component>
      <object_component id="oc-554">
         <name>.common:__TI_tmpnams</name>
         <uninitialized>true</uninitialized>
         <run_address>0x20000608</run_address>
         <size>0xa0</size>
      </object_component>
      <object_component id="oc-5ea">
         <name>.common:parmbuf</name>
         <uninitialized>true</uninitialized>
         <run_address>0x2000074c</run_address>
         <size>0x8</size>
      </object_component>
      <object_component id="oc-29">
         <name>.sysmem</name>
         <uninitialized>true</uninitialized>
         <run_address>0x200000e8</run_address>
         <size>0x10</size>
         <input_file_ref idref="fl-ed"/>
      </object_component>
      <object_component id="oc-6b9">
         <name>.sysmem</name>
         <uninitialized>true</uninitialized>
         <run_address>0x200000e8</run_address>
         <size>0x0</size>
      </object_component>
      <object_component id="oc-2c">
         <name>.stack</name>
         <uninitialized>true</uninitialized>
         <run_address>0x2000fc00</run_address>
         <size>0x4</size>
         <input_file_ref idref="fl-f0"/>
      </object_component>
      <object_component id="oc-6b8">
         <name>.stack</name>
         <uninitialized>true</uninitialized>
         <run_address>0x2000fc00</run_address>
         <size>0x0</size>
      </object_component>
      <object_component id="oc-140">
         <name>.debug_info</name>
         <load_address>0x0</load_address>
         <run_address>0x0</run_address>
         <size>0x894</size>
         <input_file_ref idref="fl-2"/>
      </object_component>
      <object_component id="oc-24c">
         <name>.debug_info</name>
         <load_address>0x894</load_address>
         <run_address>0x894</run_address>
         <size>0x109</size>
         <input_file_ref idref="fl-2"/>
      </object_component>
      <object_component id="oc-a3">
         <name>.debug_info</name>
         <load_address>0x99d</load_address>
         <run_address>0x99d</run_address>
         <size>0x14c</size>
         <input_file_ref idref="fl-2"/>
      </object_component>
      <object_component id="oc-ec">
         <name>.debug_info</name>
         <load_address>0xae9</load_address>
         <run_address>0xae9</run_address>
         <size>0x322</size>
         <input_file_ref idref="fl-2"/>
      </object_component>
      <object_component id="oc-f8">
         <name>.debug_info</name>
         <load_address>0xe0b</load_address>
         <run_address>0xe0b</run_address>
         <size>0x770</size>
         <input_file_ref idref="fl-2"/>
      </object_component>
      <object_component id="oc-bc">
         <name>.debug_info</name>
         <load_address>0x157b</load_address>
         <run_address>0x157b</run_address>
         <size>0x26b</size>
         <input_file_ref idref="fl-2"/>
      </object_component>
      <object_component id="oc-273">
         <name>.debug_info</name>
         <load_address>0x17e6</load_address>
         <run_address>0x17e6</run_address>
         <size>0x1028</size>
         <input_file_ref idref="fl-2"/>
      </object_component>
      <object_component id="oc-26e">
         <name>.debug_info</name>
         <load_address>0x280e</load_address>
         <run_address>0x280e</run_address>
         <size>0x37e2</size>
         <input_file_ref idref="fl-2"/>
      </object_component>
      <object_component id="oc-2ea">
         <name>.debug_info</name>
         <load_address>0x5ff0</load_address>
         <run_address>0x5ff0</run_address>
         <size>0x341</size>
         <input_file_ref idref="fl-2"/>
      </object_component>
      <object_component id="oc-35">
         <name>.debug_info</name>
         <load_address>0x6331</load_address>
         <run_address>0x6331</run_address>
         <size>0x84</size>
         <input_file_ref idref="fl-2"/>
      </object_component>
      <object_component id="oc-13b">
         <name>.debug_info</name>
         <load_address>0x63b5</load_address>
         <run_address>0x63b5</run_address>
         <size>0x2a4</size>
         <input_file_ref idref="fl-2"/>
      </object_component>
      <object_component id="oc-278">
         <name>.debug_info</name>
         <load_address>0x6659</load_address>
         <run_address>0x6659</run_address>
         <size>0xef</size>
         <input_file_ref idref="fl-2"/>
      </object_component>
      <object_component id="oc-202">
         <name>.debug_info</name>
         <load_address>0x6748</load_address>
         <run_address>0x6748</run_address>
         <size>0xbb</size>
         <input_file_ref idref="fl-2"/>
      </object_component>
      <object_component id="oc-426">
         <name>.debug_info</name>
         <load_address>0x6803</load_address>
         <run_address>0x6803</run_address>
         <size>0xcc</size>
         <input_file_ref idref="fl-2"/>
      </object_component>
      <object_component id="oc-408">
         <name>.debug_info</name>
         <load_address>0x68cf</load_address>
         <run_address>0x68cf</run_address>
         <size>0x2c</size>
         <input_file_ref idref="fl-2"/>
      </object_component>
      <object_component id="oc-234">
         <name>.debug_info</name>
         <load_address>0x68fb</load_address>
         <run_address>0x68fb</run_address>
         <size>0x2c</size>
         <input_file_ref idref="fl-2"/>
      </object_component>
      <object_component id="oc-419">
         <name>.debug_info</name>
         <load_address>0x6927</load_address>
         <run_address>0x6927</run_address>
         <size>0x102</size>
         <input_file_ref idref="fl-2"/>
      </object_component>
      <object_component id="oc-2d0">
         <name>.debug_info</name>
         <load_address>0x6a29</load_address>
         <run_address>0x6a29</run_address>
         <size>0x8b6</size>
         <input_file_ref idref="fl-3"/>
      </object_component>
      <object_component id="oc-2a3">
         <name>.debug_info</name>
         <load_address>0x72df</load_address>
         <run_address>0x72df</run_address>
         <size>0xe7</size>
         <input_file_ref idref="fl-3"/>
      </object_component>
      <object_component id="oc-416">
         <name>.debug_info</name>
         <load_address>0x73c6</load_address>
         <run_address>0x73c6</run_address>
         <size>0xe7</size>
         <input_file_ref idref="fl-3"/>
      </object_component>
      <object_component id="oc-de">
         <name>.debug_info</name>
         <load_address>0x74ad</load_address>
         <run_address>0x74ad</run_address>
         <size>0x157</size>
         <input_file_ref idref="fl-3"/>
      </object_component>
      <object_component id="oc-142">
         <name>.debug_info</name>
         <load_address>0x7604</load_address>
         <run_address>0x7604</run_address>
         <size>0x1da</size>
         <input_file_ref idref="fl-3"/>
      </object_component>
      <object_component id="oc-148">
         <name>.debug_info</name>
         <load_address>0x77de</load_address>
         <run_address>0x77de</run_address>
         <size>0x195</size>
         <input_file_ref idref="fl-3"/>
      </object_component>
      <object_component id="oc-2c4">
[...]
      </symbol>
      <symbol id="sm-831">
         <name>__aeabi_memcpy8</name>
         <value>0x3555</value>
         <object_component_ref idref="oc-3a"/>
      </symbol>
      <symbol id="sm-832">
         <name>__aeabi_memcpy4</name>
         <value>0x3555</value>
         <object_component_ref idref="oc-3a"/>
      </symbol>
      <symbol id="sm-841">
         <name>__aeabi_memset</name>
         <value>0x3b57</value>
         <object_component_ref idref="oc-94"/>
      </symbol>
      <symbol id="sm-842">
         <name>memset</name>
         <value>0x3b5d</value>
         <object_component_ref idref="oc-94"/>
      </symbol>
      <symbol id="sm-843">
         <name>__aeabi_memset8</name>
         <value>0x3b57</value>
         <object_component_ref idref="oc-94"/>
      </symbol>
      <symbol id="sm-844">
         <name>__aeabi_memset4</name>
         <value>0x3b57</value>
         <object_component_ref idref="oc-94"/>
      </symbol>
      <symbol id="sm-845">
         <name>__aeabi_memclr8</name>
         <value>0x3b55</value>
         <object_component_ref idref="oc-94"/>
      </symbol>
      <symbol id="sm-846">
         <name>__aeabi_memclr4</name>
         <value>0x3b55</value>
         <object_component_ref idref="oc-94"/>
      </symbol>
      <symbol id="sm-847">
         <name>__aeabi_memclr</name>
         <value>0x3b55</value>
         <object_component_ref idref="oc-94"/>
      </symbol>
      <symbol id="sm-854">
         <name>__aeabi_uldivmod</name>
         <value>0x3689</value>
         <object_component_ref idref="oc-45e"/>
      </symbol>
      <symbol id="sm-868">
         <name>__TI_zero_init_nomemset</name>
         <value>0x4d91</value>
         <object_component_ref idref="oc-46"/>
      </symbol>
      <symbol id="sm-87f">
         <name>__TI_decompress_none</name>
         <value>0x4f49</value>
         <object_component_ref idref="oc-1d"/>
      </symbol>
      <symbol id="sm-8a2">
         <name>__TI_decompress_lzss</name>
         <value>0x3ecd</value>
         <object_component_ref idref="oc-17"/>
      </symbol>
      <symbol id="sm-8c8">
         <name>C$$EXIT</name>
         <value>0x4fa5</value>
         <object_component_ref idref="oc-fc"/>
      </symbol>
      <symbol id="sm-8c9">
         <name>abort</name>
         <value>0x4fa5</value>
         <object_component_ref idref="oc-fc"/>
      </symbol>
      <symbol id="sm-8ca">
         <name>__TI_dtors_ptr</name>
         <value>0x200009d8</value>
         <object_component_ref idref="oc-250"/>
      </symbol>
      <symbol id="sm-8cb">
         <name>__TI_cleanup_ptr</name>
         <value>0x200009d4</value>
         <object_component_ref idref="oc-250"/>
      </symbol>
      <symbol id="sm-8cc">
         <name>__TI_enable_exit_profile_output</name>
         <value>0x200009dc</value>
         <object_component_ref idref="oc-250"/>
      </symbol>
      <symbol id="sm-8cd">
         <name>exit</name>
         <value>0x4661</value>
         <object_component_ref idref="oc-102"/>
      </symbol>
      <symbol id="sm-8e2">
         <name>_nop</name>
         <value>0x21e3</value>
         <object_component_ref idref="oc-37f"/>
      </symbol>
      <symbol id="sm-8e3">
         <name>_lock</name>
         <value>0x200009e0</value>
         <object_component_ref idref="oc-220"/>
      </symbol>
      <symbol id="sm-8e4">
         <name>_unlock</name>
         <value>0x200009e4</value>
         <object_component_ref idref="oc-220"/>
      </symbol>
      <symbol id="sm-8f3">
         <name>__TI_ltoa</name>
         <value>0x43ed</value>
         <object_component_ref idref="oc-46f"/>
      </symbol>
      <symbol id="sm-909">
         <name>atoi</name>
         <value>0x45cd</value>
         <object_component_ref idref="oc-338"/>
      </symbol>
      <symbol id="sm-914">
         <name>_ctypes_</name>
         <value>0x4fa8</value>
         <object_component_ref idref="oc-459"/>
      </symbol>
      <symbol id="sm-929">
         <name>__TI_tmpnams</name>
         <value>0x20000608</value>
      </symbol>
      <symbol id="sm-92a">
         <name>__aeabi_stdout</name>
         <value>0x200009cc</value>
         <object_component_ref idref="oc-574"/>
      </symbol>
      <symbol id="sm-92b">
         <name>__aeabi_stderr</name>
         <value>0x200009d0</value>
         <object_component_ref idref="oc-574"/>
      </symbol>
      <symbol id="sm-92c">
         <name>__aeabi_stdin</name>
         <value>0x200009c8</value>
         <object_component_ref idref="oc-574"/>
      </symbol>
      <symbol id="sm-92d">
         <name>_ftable</name>
         <value>0x200007ac</value>
         <object_component_ref idref="oc-223"/>
      </symbol>
      <symbol id="sm-92e">
         <name>__TI_ft_end</name>
         <value>0x200009c4</value>
         <object_component_ref idref="oc-574"/>
      </symbol>
      <symbol id="sm-93e">
         <name>memccpy</name>
         <value>0x4dc9</value>
         <object_component_ref idref="oc-361"/>
      </symbol>
      <symbol id="sm-94e">
         <name>memchr</name>
         <value>0x4d55</value>
         <object_component_ref idref="oc-4cd"/>
      </symbol>
      <symbol id="sm-9d2">
         <name>_sys_memory</name>
         <value>0x200000e8</value>
         <object_component_ref idref="oc-29"/>
      </symbol>
      <symbol id="sm-9d3">
         <name>free</name>
         <value>0x2f21</value>
         <object_component_ref idref="oc-3ea"/>
      </symbol>
      <symbol id="sm-9d4">
         <name>memalign</name>
         <value>0x2c41</value>
         <object_component_ref idref="oc-56d"/>
      </symbol>
      <symbol id="sm-9d5">
         <name>malloc</name>
         <value>0x4f91</value>
         <object_component_ref idref="oc-3f0"/>
      </symbol>
      <symbol id="sm-9d6">
         <name>aligned_alloc</name>
         <value>0x2c41</value>
         <object_component_ref idref="oc-56d"/>
      </symbol>
      <symbol id="sm-9e6">
         <name>strchr</name>
         <value>0x4e8d</value>
         <object_component_ref idref="oc-49c"/>
      </symbol>
      <symbol id="sm-9f4">
         <name>strlen</name>
         <value>0x4ecb</value>
         <object_component_ref idref="oc-332"/>
      </symbol>
      <symbol id="sm-a07">
         <name>__stack</name>
         <value>0x2000fc00</value>
         <object_component_ref idref="oc-2c"/>
      </symbol>
      <symbol id="sm-a08">
         <name>_c_int00_noargs</name>
         <value>0x4a81</value>
         <object_component_ref idref="oc-58"/>
      </symbol>
      <symbol id="sm-a1d">
         <name>write</name>
         <value>0x4ce9</value>
         <object_component_ref idref="oc-4d9"/>
      </symbol>
      <symbol id="sm-a2e">
         <name>_stream</name>
         <value>0x20000914</value>
         <object_component_ref idref="oc-5cb"/>
      </symbol>
      <symbol id="sm-a2f">
         <name>_device</name>
         <value>0x2000089c</value>
         <object_component_ref idref="oc-3d7"/>
      </symbol>
      <symbol id="sm-a4d">
         <name>open</name>
         <value>0x3291</value>
         <object_component_ref idref="oc-557"/>
      </symbol>
      <symbol id="sm-a6d">
         <name>add_device</name>
         <value>0x334d</value>
         <object_component_ref idref="oc-290"/>
      </symbol>
      <symbol id="sm-a83">
         <name>__aeabi_errno_addr</name>
         <value>0x4f89</value>
         <object_component_ref idref="oc-36d"/>
      </symbol>
      <symbol id="sm-a84">
         <name>errno</name>
         <value>0x200009fc</value>
         <object_component_ref idref="oc-4ac"/>
      </symbol>
      <symbol id="sm-a9d">
         <name>wcslen</name>
         <value>0x4f15</value>
         <object_component_ref idref="oc-367"/>
      </symbol>
      <symbol id="sm-abd">
         <name>frexpl</name>
         <value>0x3f9d</value>
         <object_component_ref idref="oc-490"/>
      </symbol>
      <symbol id="sm-abe">
         <name>frexp</name>
         <value>0x3f9d</value>
         <object_component_ref idref="oc-490"/>
      </symbol>
      <symbol id="sm-adb">
         <name>scalbn</name>
         <value>0x2b31</value>
         <object_component_ref idref="oc-496"/>
      </symbol>
      <symbol id="sm-adc">
         <name>scalbnl</name>
         <value>0x2b31</value>
         <object_component_ref idref="oc-496"/>
      </symbol>
      <symbol id="sm-add">
         <name>ldexpl</name>
         <value>0x2b31</value>
         <object_component_ref idref="oc-496"/>
      </symbol>
      <symbol id="sm-ade">
         <name>ldexp</name>
         <value>0x2b31</value>
         <object_component_ref idref="oc-496"/>
      </symbol>
      <symbol id="sm-af3">
         <name>__TI_closefile</name>
         <value>0x3bd1</value>
         <object_component_ref idref="oc-3dc"/>
      </symbol>
      <symbol id="sm-b03">
         <name>__TI_doflush</name>
         <value>0x4581</value>
         <object_component_ref idref="oc-4d3"/>
      </symbol>
      <symbol id="sm-b15">
         <name>fseek</name>
         <value>0x4001</value>
         <object_component_ref idref="oc-5c0"/>
      </symbol>
      <symbol id="sm-b33">
         <name>finddevice</name>
         <value>0x4b19</value>
         <object_component_ref idref="oc-3ca"/>
      </symbol>
      <symbol id="sm-b34">
         <name>getdevice</name>
         <value>0x4805</value>
         <object_component_ref idref="oc-609"/>
      </symbol>
      <symbol id="sm-b3e">
         <name>__aeabi_idiv0</name>
         <value>0x259b</value>
         <object_component_ref idref="oc-58f"/>
      </symbol>
      <symbol id="sm-b3f">
         <name>__aeabi_ldiv0</name>
         <value>0x259b</value>
         <object_component_ref idref="oc-58f"/>
      </symbol>
      <symbol id="sm-b67">
         <name>__TI_auto_init_nobinit_nopinit</name>
         <value>0x47c1</value>
         <object_component_ref idref="oc-108"/>
      </symbol>
      <symbol id="sm-b71">
         <name>_system_pre_init</name>
         <value>0x4fa1</value>
         <object_component_ref idref="oc-9a"/>
      </symbol>
      <symbol id="sm-b82">
         <name>strcmp</name>
         <value>0x4e49</value>
         <object_component_ref idref="oc-50a"/>
      </symbol>
      <symbol id="sm-b92">
         <name>strncpy</name>
         <value>0x49ad</value>
         <object_component_ref idref="oc-3d0"/>
      </symbol>
      <symbol id="sm-ba3">
         <name>HOSTclose</name>
         <value>0x4739</value>
         <object_component_ref idref="oc-51a"/>
      </symbol>
      <symbol id="sm-bb4">
         <name>HOSTlseek</name>
         <value>0x3dfd</value>
         <object_component_ref idref="oc-52c"/>
      </symbol>
      <symbol id="sm-bc6">
         <name>parmbuf</name>
         <value>0x2000074c</value>
      </symbol>
      <symbol id="sm-bc7">
         <name>HOSTopen</name>
         <value>0x40c9</value>
         <object_component_ref idref="oc-514"/>
      </symbol>
      <symbol id="sm-bd8">
         <name>HOSTread</name>
         <value>0x4239</value>
         <object_component_ref idref="oc-520"/>
      </symbol>
      <symbol id="sm-be9">
         <name>HOSTrename</name>
         <value>0x3d91</value>
         <object_component_ref idref="oc-538"/>
      </symbol>
      <symbol id="sm-bfa">
         <name>HOSTunlink</name>
         <value>0x477d</value>
         <object_component_ref idref="oc-532"/>
      </symbol>
      <symbol id="sm-c0b">
         <name>HOSTwrite</name>
         <value>0x4291</value>
         <object_component_ref idref="oc-526"/>
      </symbol>
      <symbol id="sm-c2f">
         <name>__TI_readmsg</name>
         <value>0x4a4d</value>
         <object_component_ref idref="oc-5e4"/>
      </symbol>
      <symbol id="sm-c30">
         <name>C$$IO$$</name>
         <value>0x496b</value>
         <object_component_ref idref="oc-5de"/>
      </symbol>
      <symbol id="sm-c31">
         <name>__CIOBUF_</name>
         <value>0x200004e8</value>
         <object_component_ref idref="oc-657"/>
      </symbol>
      <symbol id="sm-c32">
         <name>__TI_writemsg</name>
         <value>0x493d</value>
         <object_component_ref idref="oc-5de"/>
      </symbol>
      <symbol id="sm-c43">
         <name>lseek</name>
         <value>0x4cc1</value>
         <object_component_ref idref="oc-645"/>
      </symbol>
      <symbol id="sm-c57">
         <name>close</name>
         <value>0x4185</value>
         <object_component_ref idref="oc-548"/>
      </symbol>
      <symbol id="sm-c61">
         <name>copysign</name>
         <value>0x4de5</value>
         <object_component_ref idref="oc-5a4"/>
      </symbol>
      <symbol id="sm-c62">
         <name>copysignl</name>
         <value>0x4de5</value>
         <object_component_ref idref="oc-5a4"/>
      </symbol>
      <symbol id="sm-c70">
         <name>strcpy</name>
         <value>0x4eb7</value>
         <object_component_ref idref="oc-5f8"/>
      </symbol>
      <symbol id="sm-c80">
         <name>unlink</name>
         <value>0x4ba5</value>
         <object_component_ref idref="oc-54e"/>
      </symbol>
      <symbol id="sm-c81">
         <name>__TI_static_base__</name>
         <value>0x0</value>
      </symbol>
      <symbol id="sm-c84">
         <name>__mpu_init</name>
         <value>0x0</value>
      </symbol>
      <symbol id="sm-c85">
         <name>_system_post_cinit</name>
         <value>0x0</value>
      </symbol>
      <symbol id="sm-c86">
         <name>NMI_Handler</name>
         <value>0x18c7</value>
      </symbol>
      <symbol id="sm-c87">
         <name>HardFault_Handler</name>
         <value>0x18c7</value>
      </symbol>
      <symbol id="sm-c88">
         <name>MemManage_Handler</name>
         <value>0x18c7</value>
      </symbol>
      <symbol id="sm-c89">
         <name>BusFault_Handler</name>
         <value>0x18c7</value>
      </symbol>
      <symbol id="sm-c8a">
         <name>UsageFault_Handler</name>
         <value>0x18c7</value>
      </symbol>
      <symbol id="sm-c8b">
         <name>SVC_Handler</name>
         <value>0x18c7</value>
      </symbol>
      <symbol id="sm-c8c">
         <name>DebugMon_Handler</name>
         <value>0x18c7</value>
      </symbol>
      <symbol id="sm-c8d">
         <name>PendSV_Handler</name>
         <value>0x18c7</value>
      </symbol>
      <symbol id="sm-c8e">
         <name>SysTick_Handler</name>
         <value>0x18c7</value>
      </symbol>
      <symbol id="sm-c8f">
         <name>PSS_IRQHandler</name>
         <value>0x18c7</value>
      </symbol>
      <symbol id="sm-c90">
         <name>CS_IRQHandler</name>
         <value>0x18c7</value>
      </symbol>
      <symbol id="sm-c91">
         <name>PCM_IRQHandler</name>
         <value>0x18c7</value>
      </symbol>
      <symbol id="sm-c92">
         <name>WDT_A_IRQHandler</name>
         <value>0x18c7</value>
      </symbol>
      <symbol id="sm-c93">
         <name>FPU_IRQHandler</name>
         <value>0x18c7</value>
      </symbol>
      <symbol id="sm-c94">
         <name>FLCTL_IRQHandler</name>
         <value>0x18c7</value>
      </symbol>
      <symbol id="sm-c95">
         <name>COMP_E0_IRQHandler</name>
         <value>0x18c7</value>
      </symbol>
      <symbol id="sm-c96">
         <name>COMP_E1_IRQHandler</name>
         <value>0x18c7</value>
      </symbol>
      <symbol id="sm-c97">
         <name>TA0_0_IRQHandler</name>
         <value>0x18c7</value>
      </symbol>
      <symbol id="sm-c98">
         <name>TA0_N_IRQHandler</name>
         <value>0x18c7</value>
      </symbol>
      <symbol id="sm-c99">
         <name>TA1_0_IRQHandler</name>
         <value>0x18c7</value>
      </symbol>
      <symbol id="sm-c9a">
         <name>TA1_N_IRQHandler</name>
         <value>0x18c7</value>
      </symbol>
      <symbol id="sm-c9b">
         <name>TA2_0_IRQHandler</name>
         <value>0x18c7</value>
      </symbol>
      <symbol id="sm-c9c">
         <name>TA2_N_IRQHandler</name>
         <value>0x18c7</value>
      </symbol>
      <symbol id="sm-c9d">
         <name>TA3_0_IRQHandler</name>
         <value>0x18c7</value>
      </symbol>
      <symbol id="sm-c9e">
         <name>TA3_N_IRQHandler</name>
         <value>0x18c7</value>
      </symbol>
      <symbol id="sm-c9f">
         <name>EUSCIA0_IRQHandler</name>
         <value>0x18c7</value>
      </symbol>
      <symbol id="sm-ca0">
         <name>EUSCIA1_IRQHandler</name>
         <value>0x18c7</value>
      </symbol>
      <symbol id="sm-ca1">
         <name>EUSCIA2_IRQHandler</name>
         <value>0x18c7</value>
      </symbol>
      <symbol id="sm-ca2">
         <name>EUSCIA3_IRQHandler</name>
         <value>0x18c7</value>
      </symbol>
      <symbol id="sm-ca3">
         <name>EUSCIB0_IRQHandler</name>
         <value>0x18c7</value>
      </symbol>
      <symbol id="sm-ca4">
         <name>EUSCIB1_IRQHandler</name>
         <value>0x18c7</value>
      </symbol>
      <symbol id="sm-ca5">
         <name>EUSCIB2_IRQHandler</name>
         <value>0x18c7</value>
      </symbol>
      <symbol id="sm-ca6">
         <name>EUSCIB3_IRQHandler</name>
         <value>0x18c7</value>
      </symbol>
      <symbol id="sm-ca7">
         <name>ADC14_IRQHandler</name>
         <value>0x18c7</value>
      </symbol>
      <symbol id="sm-ca8">
         <name>T32_INT1_IRQHandler</name>
         <value>0x18c7</value>
      </symbol>
      <symbol id="sm-ca9">
         <name>T32_INT2_IRQHandler</name>
         <value>0x18c7</value>
      </symbol>
      <symbol id="sm-caa">
         <name>T32_INTC_IRQHandler</name>
         <value>0x18c7</value>
      </symbol>
      <symbol id="sm-cab">
         <name>AES256_IRQHandler</name>
         <value>0x18c7</value>
      </symbol>
      <symbol id="sm-cac">
         <name>RTC_C_IRQHandler</name>
         <value>0x18c7</value>
      </symbol>
      <symbol id="sm-cad">
         <name>DMA_ERR_IRQHandler</name>
         <value>0x18c7</value>
      </symbol>
      <symbol id="sm-cae">
         <name>DMA_INT3_IRQHandler</name>
         <value>0x18c7</value>
      </symbol>
      <symbol id="sm-caf">
         <name>DMA_INT2_IRQHandler</name>
         <value>0x18c7</value>
      </symbol>
      <symbol id="sm-cb0">
         <name>DMA_INT1_IRQHandler</name>
         <value>0x18c7</value>
      </symbol>
      <symbol id="sm-cb1">
         <name>DMA_INT0_IRQHandler</name>
         <value>0x18c7</value>
      </symbol>
      <symbol id="sm-cb2">
         <name>PORT1_IRQHandler</name>
         <value>0x18c7</value>
      </symbol>
      <symbol id="sm-cb3">
         <name>PORT2_IRQHandler</name>
         <value>0x18c7</value>
      </symbol>
      <symbol id="sm-cb4">
         <name>PORT3_IRQHandler</name>
         <value>0x18c7</value>
      </symbol>
      <symbol id="sm-cb5">
         <name>PORT4_IRQHandler</name>
         <value>0x18c7</value>
      </symbol>
      <symbol id="sm-cb6">
         <name>PORT5_IRQHandler</name>
         <value>0x18c7</value>
      </symbol>
      <symbol id="sm-cb7">
         <name>PORT6_IRQHandler</name>
         <value>0x18c7</value>
      </symbol>
      <symbol id="sm-cb8">
         <name>remove</name>
         <value>0x4ba5</value>
      </symbol>
   </symbol_table>
   <title>Link successful</title>
</link_info>
